<?xml version="1.0" encoding="UTF-8"?>
<testsuites name="foobar" tests="4503" failures="0" time="3.67">
  <testsuite name="undefined" errors="0" failures="0" skipped="0" timestamp="2020-09-01T02:18:13" time="1.229" tests="1501">
    <testcase classname=" test for mul func" name=" test for mul func" time="0.001">
    </testcase>
    <testcase classname=" test for mul func" name=" test for mul func" time="0">
    </testcase>
    <testcase classname=" test for mul func" name=" test for mul func" time="0">
    </testcase>
    <testcase classname=" test for mul func" name=" test for mul func" time="0">
    </testcase>
    <testcase classname=" test for mul func" name=" test for mul func" time="0">
    </testcase>
    <testcase classname=" test for mul func" name=" test for mul func" time="0.001">
    </testcase>
    <testcase classname=" test for mul func" name=" test for mul func" time="0">
    </testcase>
    <testcase classname=" test for mul func" name=" test for mul func" time="0">
    </testcase>
    <testcase classname=" test for mul func" name=" test for mul func" time="0">
    </testcase>
    <testcase classname=" test for mul func" name=" test for mul func" time="0.001">
    </testcase>
    <testcase classname=" test for mul func" name=" test for mul func" time="0">
    </testcase>
    <testcase classname=" test for mul func" name=" test for mul func" time="0">
    </testcase>
    <testcase classname=" test for mul func" name=" test for mul func" time="0">
    </testcase>
    <testcase classname=" test for mul func" name=" test for mul func" time="0.001">
    </testcase>
    <testcase classname=" test for mul func" name=" test for mul func" time="0">
    </testcase>
    <testcase classname=" test for mul func" name=" test for mul func" time="0">
    </testcase>
    <testcase classname=" test for mul func" name=" test for mul func" time="0">
    </testcase>
    <testcase classname=" test for mul func" name=" test for mul func" time="0">
    </testcase>
    <testcase classname=" test for mul func" name=" test for mul func" time="0.001">
    </testcase>
    <testcase classname=" test for mul func" name=" test for mul func" time="0">
    </testcase>
    <testcase classname=" test for mul func" name=" test for mul func" time="0.001">
    </testcase>
    <testcase classname=" test for mul func" name=" test for mul func" time="0.001">
    </testcase>
    <testcase classname=" test for mul func" name=" test for mul func" time="0">
    </testcase>
    <testcase classname=" test for mul func" name=" test for mul func" time="0">
    </testcase>
    <testcase classname=" test for mul func" name=" test for mul func" time="0">
    </testcase>
    <testcase classname=" test for mul func" name=" test for mul func" time="0">
    </testcase>
    <testcase classname=" test for mul func" name=" test for mul func" time="0.001">
    </testcase>
    <testcase classname=" test for mul func" name=" test for mul func" time="0">
    </testcase>
    <testcase classname=" test for mul func" name=" test for mul func" time="0">
    </testcase>
    <testcase classname=" test for mul func" name=" test for mul func" time="0">
    </testcase>
    <testcase classname=" test for mul func" name=" test for mul func" time="0">
    </testcase>
    <testcase classname=" test for mul func" name=" test for mul func" time="0">
    </testcase>
    <testcase classname=" test for mul func" name=" test for mul func" time="0">
    </testcase>
    <testcase classname=" test for mul func" name=" test for mul func" time="0.001">
    </testcase>
    <testcase classname=" test for mul func" name=" test for mul func" time="0">
    </testcase>
    <testcase classname=" test for mul func" name=" test for mul func" time="0">
    </testcase>
    <testcase classname=" test for mul func" name=" test for mul func" time="0">
    </testcase>
    <testcase classname=" test for mul func" name=" test for mul func" time="0">
    </testcase>
    <testcase classname=" test for mul func" name=" test for mul func" time="0">
    </testcase>
    <testcase classname=" test for mul func" name=" test for mul func" time="0">
    </testcase>
    <testcase classname=" test for mul func" name=" test for mul func" time="0">
    </testcase>
    <testcase classname=" test for mul func" name=" test for mul func" time="0">
    </testcase>
    <testcase classname=" test for mul func" name=" test for mul func" time="0.001">
    </testcase>
    <testcase classname=" test for mul func" name=" test for mul func" time="0">
    </testcase>
    <testcase classname=" test for mul func" name=" test for mul func" time="0">
    </testcase>
    <testcase classname=" test for mul func" name=" test for mul func" time="0">
    </testcase>
    <testcase classname=" test for mul func" name=" test for mul func" time="0.001">
    </testcase>
    <testcase classname=" test for mul func" name=" test for mul func" time="0">
    </testcase>
    <testcase classname=" test for mul func" name=" test for mul func" time="0">
    </testcase>
    <testcase classname=" test for mul func" name=" test for mul func" time="0">
    </testcase>
    <testcase classname=" test for mul func" name=" test for mul func" time="0">
    </testcase>
    <testcase classname=" test for mul func" name=" test for mul func" time="0">
    </testcase>
    <testcase classname=" test for mul func" name=" test for mul func" time="0">
    </testcase>
    <testcase classname=" test for mul func" name=" test for mul func" time="0">
    </testcase>
    <testcase classname=" test for mul func" name=" test for mul func" time="0">
    </testcase>
    <testcase classname=" test for mul func" name=" test for mul func" time="0">
    </testcase>
    <testcase classname=" test for mul func" name=" test for mul func" time="0">
    </testcase>
    <testcase classname=" test for mul func" name=" test for mul func" time="0.001">
    </testcase>
    <testcase classname=" test for mul func" name=" test for mul func" time="0">
    </testcase>
    <testcase classname=" test for mul func" name=" test for mul func" time="0">
    </testcase>
    <testcase classname=" test for mul func" name=" test for mul func" time="0">
    </testcase>
    <testcase classname=" test for mul func" name=" test for mul func" time="0">
    </testcase>
    <testcase classname=" test for mul func" name=" test for mul func" time="0">
    </testcase>
    <testcase classname=" test for mul func" name=" test for mul func" time="0">
    </testcase>
    <testcase classname=" test for mul func" name=" test for mul func" time="0">
    </testcase>
    <testcase classname=" test for mul func" name=" test for mul func" time="0">
    </testcase>
    <testcase classname=" test for mul func" name=" test for mul func" time="0">
    </testcase>
    <testcase classname=" test for mul func" name=" test for mul func" time="0.001">
    </testcase>
    <testcase classname=" test for mul func" name=" test for mul func" time="0">
    </testcase>
    <testcase classname=" test for mul func" name=" test for mul func" time="0">
    </testcase>
    <testcase classname=" test for mul func" name=" test for mul func" time="0">
    </testcase>
    <testcase classname=" test for mul func" name=" test for mul func" time="0">
    </testcase>
    <testcase classname=" test for mul func" name=" test for mul func" time="0">
    </testcase>
    <testcase classname=" test for mul func" name=" test for mul func" time="0">
    </testcase>
    <testcase classname=" test for mul func" name=" test for mul func" time="0">
    </testcase>
    <testcase classname=" test for mul func" name=" test for mul func" time="0">
    </testcase>
    <testcase classname=" test for mul func" name=" test for mul func" time="0">
    </testcase>
    <testcase classname=" test for mul func" name=" test for mul func" time="0">
    </testcase>
    <testcase classname=" test for mul func" name=" test for mul func" time="0.001">
    </testcase>
    <testcase classname=" test for mul func" name=" test for mul func" time="0">
    </testcase>
    <testcase classname=" test for mul func" name=" test for mul func" time="0">
    </testcase>
    <testcase classname=" test for mul func" name=" test for mul func" time="0">
    </testcase>
    <testcase classname=" test for mul func" name=" test for mul func" time="0">
    </testcase>
    <testcase classname=" test for mul func" name=" test for mul func" time="0">
    </testcase>
    <testcase classname=" test for mul func" name=" test for mul func" time="0.001">
    </testcase>
    <testcase classname=" test for mul func" name=" test for mul func" time="0">
    </testcase>
    <testcase classname=" test for mul func" name=" test for mul func" time="0">
    </testcase>
    <testcase classname=" test for mul func" name=" test for mul func" time="0">
    </testcase>
    <testcase classname=" test for mul func" name=" test for mul func" time="0">
    </testcase>
    <testcase classname=" test for mul func" name=" test for mul func" time="0">
    </testcase>
    <testcase classname=" test for mul func" name=" test for mul func" time="0">
    </testcase>
    <testcase classname=" test for mul func" name=" test for mul func" time="0">
    </testcase>
    <testcase classname=" test for mul func" name=" test for mul func" time="0">
    </testcase>
    <testcase classname=" test for mul func" name=" test for mul func" time="0">
    </testcase>
    <testcase classname=" test for mul func" name=" test for mul func" time="0">
    </testcase>
    <testcase classname=" test for mul func" name=" test for mul func" time="0">
    </testcase>
    <testcase classname=" test for mul func" name=" test for mul func" time="0">
    </testcase>
    <testcase classname=" test for mul func" name=" test for mul func" time="0">
    </testcase>
    <testcase classname=" test for mul func" name=" test for mul func" time="0">
    </testcase>
    <testcase classname=" test for mul func" name=" test for mul func" time="0">
    </testcase>
    <testcase classname=" test for mul func" name=" test for mul func" time="0.001">
    </testcase>
    <testcase classname=" test for mul func" name=" test for mul func" time="0">
    </testcase>
    <testcase classname=" test for mul func" name=" test for mul func" time="0">
    </testcase>
    <testcase classname=" test for mul func" name=" test for mul func" time="0">
    </testcase>
    <testcase classname=" test for mul func" name=" test for mul func" time="0">
    </testcase>
    <testcase classname=" test for mul func" name=" test for mul func" time="0">
    </testcase>
    <testcase classname=" test for mul func" name=" test for mul func" time="0.001">
    </testcase>
    <testcase classname=" test for mul func" name=" test for mul func" time="0">
    </testcase>
    <testcase classname=" test for mul func" name=" test for mul func" time="0">
    </testcase>
    <testcase classname=" test for mul func" name=" test for mul func" time="0">
    </testcase>
    <testcase classname=" test for mul func" name=" test for mul func" time="0">
    </testcase>
    <testcase classname=" test for mul func" name=" test for mul func" time="0">
    </testcase>
    <testcase classname=" test for mul func" name=" test for mul func" time="0">
    </testcase>
    <testcase classname=" test for mul func" name=" test for mul func" time="0">
    </testcase>
    <testcase classname=" test for mul func" name=" test for mul func" time="0">
    </testcase>
    <testcase classname=" test for mul func" name=" test for mul func" time="0.001">
    </testcase>
    <testcase classname=" test for mul func" name=" test for mul func" time="0">
    </testcase>
    <testcase classname=" test for mul func" name=" test for mul func" time="0">
    </testcase>
    <testcase classname=" test for mul func" name=" test for mul func" time="0">
    </testcase>
    <testcase classname=" test for mul func" name=" test for mul func" time="0">
    </testcase>
    <testcase classname=" test for mul func" name=" test for mul func" time="0">
    </testcase>
    <testcase classname=" test for mul func" name=" test for mul func" time="0">
    </testcase>
    <testcase classname=" test for mul func" name=" test for mul func" time="0">
    </testcase>
    <testcase classname=" test for mul func" name=" test for mul func" time="0">
    </testcase>
    <testcase classname=" test for mul func" name=" test for mul func" time="0">
    </testcase>
    <testcase classname=" test for mul func" name=" test for mul func" time="0">
    </testcase>
    <testcase classname=" test for mul func" name=" test for mul func" time="0">
    </testcase>
    <testcase classname=" test for mul func" name=" test for mul func" time="0">
    </testcase>
    <testcase classname=" test for mul func" name=" test for mul func" time="0">
    </testcase>
    <testcase classname=" test for mul func" name=" test for mul func" time="0.001">
    </testcase>
    <testcase classname=" test for mul func" name=" test for mul func" time="0">
    </testcase>
    <testcase classname=" test for mul func" name=" test for mul func" time="0">
    </testcase>
    <testcase classname=" test for mul func" name=" test for mul func" time="0">
    </testcase>
    <testcase classname=" test for mul func" name=" test for mul func" time="0">
    </testcase>
    <testcase classname=" test for mul func" name=" test for mul func" time="0">
    </testcase>
    <testcase classname=" test for mul func" name=" test for mul func" time="0">
    </testcase>
    <testcase classname=" test for mul func" name=" test for mul func" time="0">
    </testcase>
    <testcase classname=" test for mul func" name=" test for mul func" time="0">
    </testcase>
    <testcase classname=" test for mul func" name=" test for mul func" time="0">
    </testcase>
    <testcase classname=" test for mul func" name=" test for mul func" time="0.001">
    </testcase>
    <testcase classname=" test for mul func" name=" test for mul func" time="0">
    </testcase>
    <testcase classname=" test for mul func" name=" test for mul func" time="0">
    </testcase>
    <testcase classname=" test for mul func" name=" test for mul func" time="0">
    </testcase>
    <testcase classname=" test for mul func" name=" test for mul func" time="0">
    </testcase>
    <testcase classname=" test for mul func" name=" test for mul func" time="0.001">
    </testcase>
    <testcase classname=" test for mul func" name=" test for mul func" time="0">
    </testcase>
    <testcase classname=" test for mul func" name=" test for mul func" time="0">
    </testcase>
    <testcase classname=" test for mul func" name=" test for mul func" time="0.001">
    </testcase>
    <testcase classname=" test for mul func" name=" test for mul func" time="0">
    </testcase>
    <testcase classname=" test for mul func" name=" test for mul func" time="0">
    </testcase>
    <testcase classname=" test for mul func" name=" test for mul func" time="0">
    </testcase>
    <testcase classname=" test for mul func" name=" test for mul func" time="0">
    </testcase>
    <testcase classname=" test for mul func" name=" test for mul func" time="0">
    </testcase>
    <testcase classname=" test for mul func" name=" test for mul func" time="0">
    </testcase>
    <testcase classname=" test for mul func" name=" test for mul func" time="0">
    </testcase>
    <testcase classname=" test for mul func" name=" test for mul func" time="0">
    </testcase>
    <testcase classname=" test for mul func" name=" test for mul func" time="0.001">
    </testcase>
    <testcase classname=" test for mul func" name=" test for mul func" time="0">
    </testcase>
    <testcase classname=" test for mul func" name=" test for mul func" time="0">
    </testcase>
    <testcase classname=" test for mul func" name=" test for mul func" time="0">
    </testcase>
    <testcase classname=" test for mul func" name=" test for mul func" time="0">
    </testcase>
    <testcase classname=" test for mul func" name=" test for mul func" time="0">
    </testcase>
    <testcase classname=" test for mul func" name=" test for mul func" time="0">
    </testcase>
    <testcase classname=" test for mul func" name=" test for mul func" time="0">
    </testcase>
    <testcase classname=" test for mul func" name=" test for mul func" time="0">
    </testcase>
    <testcase classname=" test for mul func" name=" test for mul func" time="0">
    </testcase>
    <testcase classname=" test for mul func" name=" test for mul func" time="0">
    </testcase>
    <testcase classname=" test for mul func" name=" test for mul func" time="0.001">
    </testcase>
    <testcase classname=" test for mul func" name=" test for mul func" time="0">
    </testcase>
    <testcase classname=" test for mul func" name=" test for mul func" time="0">
    </testcase>
    <testcase classname=" test for mul func" name=" test for mul func" time="0">
    </testcase>
    <testcase classname=" test for mul func" name=" test for mul func" time="0">
    </testcase>
    <testcase classname=" test for mul func" name=" test for mul func" time="0.001">
    </testcase>
    <testcase classname=" test for mul func" name=" test for mul func" time="0">
    </testcase>
    <testcase classname=" test for mul func" name=" test for mul func" time="0">
    </testcase>
    <testcase classname=" test for mul func" name=" test for mul func" time="0">
    </testcase>
    <testcase classname=" test for mul func" name=" test for mul func" time="0">
    </testcase>
    <testcase classname=" test for mul func" name=" test for mul func" time="0">
    </testcase>
    <testcase classname=" test for mul func" name=" test for mul func" time="0">
    </testcase>
    <testcase classname=" test for mul func" name=" test for mul func" time="0">
    </testcase>
    <testcase classname=" test for mul func" name=" test for mul func" time="0.002">
    </testcase>
    <testcase classname=" test for mul func" name=" test for mul func" time="0">
    </testcase>
    <testcase classname=" test for mul func" name=" test for mul func" time="0">
    </testcase>
    <testcase classname=" test for mul func" name=" test for mul func" time="0">
    </testcase>
    <testcase classname=" test for mul func" name=" test for mul func" time="0.001">
    </testcase>
    <testcase classname=" test for mul func" name=" test for mul func" time="0">
    </testcase>
    <testcase classname=" test for mul func" name=" test for mul func" time="0">
    </testcase>
    <testcase classname=" test for mul func" name=" test for mul func" time="0">
    </testcase>
    <testcase classname=" test for mul func" name=" test for mul func" time="0">
    </testcase>
    <testcase classname=" test for mul func" name=" test for mul func" time="0">
    </testcase>
    <testcase classname=" test for mul func" name=" test for mul func" time="0">
    </testcase>
    <testcase classname=" test for mul func" name=" test for mul func" time="0">
    </testcase>
    <testcase classname=" test for mul func" name=" test for mul func" time="0">
    </testcase>
    <testcase classname=" test for mul func" name=" test for mul func" time="0">
    </testcase>
    <testcase classname=" test for mul func" name=" test for mul func" time="0">
    </testcase>
    <testcase classname=" test for mul func" name=" test for mul func" time="0.001">
    </testcase>
    <testcase classname=" test for mul func" name=" test for mul func" time="0">
    </testcase>
    <testcase classname=" test for mul func" name=" test for mul func" time="0">
    </testcase>
    <testcase classname=" test for mul func" name=" test for mul func" time="0">
    </testcase>
    <testcase classname=" test for mul func" name=" test for mul func" time="0">
    </testcase>
    <testcase classname=" test for mul func" name=" test for mul func" time="0">
    </testcase>
    <testcase classname=" test for mul func" name=" test for mul func" time="0.001">
    </testcase>
    <testcase classname=" test for mul func" name=" test for mul func" time="0">
    </testcase>
    <testcase classname=" test for mul func" name=" test for mul func" time="0">
    </testcase>
    <testcase classname=" test for mul func" name=" test for mul func" time="0">
    </testcase>
    <testcase classname=" test for mul func" name=" test for mul func" time="0">
    </testcase>
    <testcase classname=" test for mul func" name=" test for mul func" time="0">
    </testcase>
    <testcase classname=" test for mul func" name=" test for mul func" time="0">
    </testcase>
    <testcase classname=" test for mul func" name=" test for mul func" time="0">
    </testcase>
    <testcase classname=" test for mul func" name=" test for mul func" time="0">
    </testcase>
    <testcase classname=" test for mul func" name=" test for mul func" time="0">
    </testcase>
    <testcase classname=" test for mul func" name=" test for mul func" time="0">
    </testcase>
    <testcase classname=" test for mul func" name=" test for mul func" time="0">
    </testcase>
    <testcase classname=" test for mul func" name=" test for mul func" time="0">
    </testcase>
    <testcase classname=" test for mul func" name=" test for mul func" time="0">
    </testcase>
    <testcase classname=" test for mul func" name=" test for mul func" time="0">
    </testcase>
    <testcase classname=" test for mul func" name=" test for mul func" time="0">
    </testcase>
    <testcase classname=" test for mul func" name=" test for mul func" time="0">
    </testcase>
    <testcase classname=" test for mul func" name=" test for mul func" time="0.001">
    </testcase>
    <testcase classname=" test for mul func" name=" test for mul func" time="0">
    </testcase>
    <testcase classname=" test for mul func" name=" test for mul func" time="0">
    </testcase>
    <testcase classname=" test for mul func" name=" test for mul func" time="0">
    </testcase>
    <testcase classname=" test for mul func" name=" test for mul func" time="0">
    </testcase>
    <testcase classname=" test for mul func" name=" test for mul func" time="0">
    </testcase>
    <testcase classname=" test for mul func" name=" test for mul func" time="0.001">
    </testcase>
    <testcase classname=" test for mul func" name=" test for mul func" time="0">
    </testcase>
    <testcase classname=" test for mul func" name=" test for mul func" time="0">
    </testcase>
    <testcase classname=" test for mul func" name=" test for mul func" time="0">
    </testcase>
    <testcase classname=" test for mul func" name=" test for mul func" time="0">
    </testcase>
    <testcase classname=" test for mul func" name=" test for mul func" time="0">
    </testcase>
    <testcase classname=" test for mul func" name=" test for mul func" time="0.001">
    </testcase>
    <testcase classname=" test for mul func" name=" test for mul func" time="0">
    </testcase>
    <testcase classname=" test for mul func" name=" test for mul func" time="0">
    </testcase>
    <testcase classname=" test for mul func" name=" test for mul func" time="0">
    </testcase>
    <testcase classname=" test for mul func" name=" test for mul func" time="0">
    </testcase>
    <testcase classname=" test for mul func" name=" test for mul func" time="0">
    </testcase>
    <testcase classname=" test for mul func" name=" test for mul func" time="0">
    </testcase>
    <testcase classname=" test for mul func" name=" test for mul func" time="0">
    </testcase>
    <testcase classname=" test for mul func" name=" test for mul func" time="0">
    </testcase>
    <testcase classname=" test for mul func" name=" test for mul func" time="0">
    </testcase>
    <testcase classname=" test for mul func" name=" test for mul func" time="0">
    </testcase>
    <testcase classname=" test for mul func" name=" test for mul func" time="0">
    </testcase>
    <testcase classname=" test for mul func" name=" test for mul func" time="0">
    </testcase>
    <testcase classname=" test for mul func" name=" test for mul func" time="0">
    </testcase>
    <testcase classname=" test for mul func" name=" test for mul func" time="0">
    </testcase>
    <testcase classname=" test for mul func" name=" test for mul func" time="0">
    </testcase>
    <testcase classname=" test for mul func" name=" test for mul func" time="0">
    </testcase>
    <testcase classname=" test for mul func" name=" test for mul func" time="0.001">
    </testcase>
    <testcase classname=" test for mul func" name=" test for mul func" time="0">
    </testcase>
    <testcase classname=" test for mul func" name=" test for mul func" time="0">
    </testcase>
    <testcase classname=" test for mul func" name=" test for mul func" time="0">
    </testcase>
    <testcase classname=" test for mul func" name=" test for mul func" time="0">
    </testcase>
    <testcase classname=" test for mul func" name=" test for mul func" time="0">
    </testcase>
    <testcase classname=" test for mul func" name=" test for mul func" time="0.001">
    </testcase>
    <testcase classname=" test for mul func" name=" test for mul func" time="0">
    </testcase>
    <testcase classname=" test for mul func" name=" test for mul func" time="0">
    </testcase>
    <testcase classname=" test for mul func" name=" test for mul func" time="0">
    </testcase>
    <testcase classname=" test for mul func" name=" test for mul func" time="0">
    </testcase>
    <testcase classname=" test for mul func" name=" test for mul func" time="0.001">
    </testcase>
    <testcase classname=" test for mul func" name=" test for mul func" time="0">
    </testcase>
    <testcase classname=" test for mul func" name=" test for mul func" time="0">
    </testcase>
    <testcase classname=" test for mul func" name=" test for mul func" time="0">
    </testcase>
    <testcase classname=" test for mul func" name=" test for mul func" time="0">
    </testcase>
    <testcase classname=" test for mul func" name=" test for mul func" time="0.001">
    </testcase>
    <testcase classname=" test for mul func" name=" test for mul func" time="0">
    </testcase>
    <testcase classname=" test for mul func" name=" test for mul func" time="0">
    </testcase>
    <testcase classname=" test for mul func" name=" test for mul func" time="0">
    </testcase>
    <testcase classname=" test for mul func" name=" test for mul func" time="0">
    </testcase>
    <testcase classname=" test for mul func" name=" test for mul func" time="0">
    </testcase>
    <testcase classname=" test for mul func" name=" test for mul func" time="0.001">
    </testcase>
    <testcase classname=" test for mul func" name=" test for mul func" time="0">
    </testcase>
    <testcase classname=" test for mul func" name=" test for mul func" time="0">
    </testcase>
    <testcase classname=" test for mul func" name=" test for mul func" time="0">
    </testcase>
    <testcase classname=" test for mul func" name=" test for mul func" time="0">
    </testcase>
    <testcase classname=" test for mul func" name=" test for mul func" time="0">
    </testcase>
    <testcase classname=" test for mul func" name=" test for mul func" time="0.001">
    </testcase>
    <testcase classname=" test for mul func" name=" test for mul func" time="0">
    </testcase>
    <testcase classname=" test for mul func" name=" test for mul func" time="0">
    </testcase>
    <testcase classname=" test for mul func" name=" test for mul func" time="0">
    </testcase>
    <testcase classname=" test for mul func" name=" test for mul func" time="0">
    </testcase>
    <testcase classname=" test for mul func" name=" test for mul func" time="0">
    </testcase>
    <testcase classname=" test for mul func" name=" test for mul func" time="0.001">
    </testcase>
    <testcase classname=" test for mul func" name=" test for mul func" time="0">
    </testcase>
    <testcase classname=" test for mul func" name=" test for mul func" time="0">
    </testcase>
    <testcase classname=" test for mul func" name=" test for mul func" time="0">
    </testcase>
    <testcase classname=" test for mul func" name=" test for mul func" time="0">
    </testcase>
    <testcase classname=" test for mul func" name=" test for mul func" time="0">
    </testcase>
    <testcase classname=" test for mul func" name=" test for mul func" time="0">
    </testcase>
    <testcase classname=" test for mul func" name=" test for mul func" time="0">
    </testcase>
    <testcase classname=" test for mul func" name=" test for mul func" time="0">
    </testcase>
    <testcase classname=" test for mul func" name=" test for mul func" time="0">
    </testcase>
    <testcase classname=" test for mul func" name=" test for mul func" time="0">
    </testcase>
    <testcase classname=" test for mul func" name=" test for mul func" time="0">
    </testcase>
    <testcase classname=" test for mul func" name=" test for mul func" time="0">
    </testcase>
    <testcase classname=" test for mul func" name=" test for mul func" time="0">
    </testcase>
    <testcase classname=" test for mul func" name=" test for mul func" time="0">
    </testcase>
    <testcase classname=" test for mul func" name=" test for mul func" time="0">
    </testcase>
    <testcase classname=" test for mul func" name=" test for mul func" time="0">
    </testcase>
    <testcase classname=" test for mul func" name=" test for mul func" time="0.001">
    </testcase>
    <testcase classname=" test for mul func" name=" test for mul func" time="0">
    </testcase>
    <testcase classname=" test for mul func" name=" test for mul func" time="0">
    </testcase>
    <testcase classname=" test for mul func" name=" test for mul func" time="0">
    </testcase>
    <testcase classname=" test for mul func" name=" test for mul func" time="0">
    </testcase>
    <testcase classname=" test for mul func" name=" test for mul func" time="0">
    </testcase>
    <testcase classname=" test for mul func" name=" test for mul func" time="0.001">
    </testcase>
    <testcase classname=" test for mul func" name=" test for mul func" time="0">
    </testcase>
    <testcase classname=" test for mul func" name=" test for mul func" time="0">
    </testcase>
    <testcase classname=" test for mul func" name=" test for mul func" time="0">
    </testcase>
    <testcase classname=" test for mul func" name=" test for mul func" time="0">
    </testcase>
    <testcase classname=" test for mul func" name=" test for mul func" time="0">
    </testcase>
    <testcase classname=" test for mul func" name=" test for mul func" time="0.001">
    </testcase>
    <testcase classname=" test for mul func" name=" test for mul func" time="0">
    </testcase>
    <testcase classname=" test for mul func" name=" test for mul func" time="0">
    </testcase>
    <testcase classname=" test for mul func" name=" test for mul func" time="0">
    </testcase>
    <testcase classname=" test for mul func" name=" test for mul func" time="0">
    </testcase>
    <testcase classname=" test for mul func" name=" test for mul func" time="0">
    </testcase>
    <testcase classname=" test for mul func" name=" test for mul func" time="0.001">
    </testcase>
    <testcase classname=" test for mul func" name=" test for mul func" time="0">
    </testcase>
    <testcase classname=" test for mul func" name=" test for mul func" time="0">
    </testcase>
    <testcase classname=" test for mul func" name=" test for mul func" time="0">
    </testcase>
    <testcase classname=" test for mul func" name=" test for mul func" time="0">
    </testcase>
    <testcase classname=" test for mul func" name=" test for mul func" time="0">
    </testcase>
    <testcase classname=" test for mul func" name=" test for mul func" time="0.001">
    </testcase>
    <testcase classname=" test for mul func" name=" test for mul func" time="0">
    </testcase>
    <testcase classname=" test for mul func" name=" test for mul func" time="0">
    </testcase>
    <testcase classname=" test for mul func" name=" test for mul func" time="0">
    </testcase>
    <testcase classname=" test for mul func" name=" test for mul func" time="0">
    </testcase>
    <testcase classname=" test for mul func" name=" test for mul func" time="0">
    </testcase>
    <testcase classname=" test for mul func" name=" test for mul func" time="0.001">
    </testcase>
    <testcase classname=" test for mul func" name=" test for mul func" time="0">
    </testcase>
    <testcase classname=" test for mul func" name=" test for mul func" time="0">
    </testcase>
    <testcase classname=" test for mul func" name=" test for mul func" time="0">
    </testcase>
    <testcase classname=" test for mul func" name=" test for mul func" time="0">
    </testcase>
    <testcase classname=" test for mul func" name=" test for mul func" time="0">
    </testcase>
    <testcase classname=" test for mul func" name=" test for mul func" time="0.001">
    </testcase>
    <testcase classname=" test for mul func" name=" test for mul func" time="0">
    </testcase>
    <testcase classname=" test for mul func" name=" test for mul func" time="0">
    </testcase>
    <testcase classname=" test for mul func" name=" test for mul func" time="0">
    </testcase>
    <testcase classname=" test for mul func" name=" test for mul func" time="0">
    </testcase>
    <testcase classname=" test for mul func" name=" test for mul func" time="0">
    </testcase>
    <testcase classname=" test for mul func" name=" test for mul func" time="0.002">
    </testcase>
    <testcase classname=" test for mul func" name=" test for mul func" time="0.001">
    </testcase>
    <testcase classname=" test for mul func" name=" test for mul func" time="0">
    </testcase>
    <testcase classname=" test for mul func" name=" test for mul func" time="0">
    </testcase>
    <testcase classname=" test for mul func" name=" test for mul func" time="0">
    </testcase>
    <testcase classname=" test for mul func" name=" test for mul func" time="0">
    </testcase>
    <testcase classname=" test for mul func" name=" test for mul func" time="0">
    </testcase>
    <testcase classname=" test for mul func" name=" test for mul func" time="0">
    </testcase>
    <testcase classname=" test for mul func" name=" test for mul func" time="0">
    </testcase>
    <testcase classname=" test for mul func" name=" test for mul func" time="0">
    </testcase>
    <testcase classname=" test for mul func" name=" test for mul func" time="0">
    </testcase>
    <testcase classname=" test for mul func" name=" test for mul func" time="0">
    </testcase>
    <testcase classname=" test for mul func" name=" test for mul func" time="0.001">
    </testcase>
    <testcase classname=" test for mul func" name=" test for mul func" time="0">
    </testcase>
    <testcase classname=" test for mul func" name=" test for mul func" time="0">
    </testcase>
    <testcase classname=" test for mul func" name=" test for mul func" time="0">
    </testcase>
    <testcase classname=" test for mul func" name=" test for mul func" time="0">
    </testcase>
    <testcase classname=" test for mul func" name=" test for mul func" time="0">
    </testcase>
    <testcase classname=" test for mul func" name=" test for mul func" time="0.001">
    </testcase>
    <testcase classname=" test for mul func" name=" test for mul func" time="0">
    </testcase>
    <testcase classname=" test for mul func" name=" test for mul func" time="0">
    </testcase>
    <testcase classname=" test for mul func" name=" test for mul func" time="0">
    </testcase>
    <testcase classname=" test for mul func" name=" test for mul func" time="0">
    </testcase>
    <testcase classname=" test for mul func" name=" test for mul func" time="0">
    </testcase>
    <testcase classname=" test for mul func" name=" test for mul func" time="0.001">
    </testcase>
    <testcase classname=" test for mul func" name=" test for mul func" time="0">
    </testcase>
    <testcase classname=" test for mul func" name=" test for mul func" time="0">
    </testcase>
    <testcase classname=" test for mul func" name=" test for mul func" time="0">
    </testcase>
    <testcase classname=" test for mul func" name=" test for mul func" time="0">
    </testcase>
    <testcase classname=" test for mul func" name=" test for mul func" time="0">
    </testcase>
    <testcase classname=" test for mul func" name=" test for mul func" time="0.001">
    </testcase>
    <testcase classname=" test for mul func" name=" test for mul func" time="0">
    </testcase>
    <testcase classname=" test for mul func" name=" test for mul func" time="0">
    </testcase>
    <testcase classname=" test for mul func" name=" test for mul func" time="0">
    </testcase>
    <testcase classname=" test for mul func" name=" test for mul func" time="0">
    </testcase>
    <testcase classname=" test for mul func" name=" test for mul func" time="0">
    </testcase>
    <testcase classname=" test for mul func" name=" test for mul func" time="0.001">
    </testcase>
    <testcase classname=" test for mul func" name=" test for mul func" time="0">
    </testcase>
    <testcase classname=" test for mul func" name=" test for mul func" time="0">
    </testcase>
    <testcase classname=" test for mul func" name=" test for mul func" time="0">
    </testcase>
    <testcase classname=" test for mul func" name=" test for mul func" time="0">
    </testcase>
    <testcase classname=" test for mul func" name=" test for mul func" time="0">
    </testcase>
    <testcase classname=" test for mul func" name=" test for mul func" time="0">
    </testcase>
    <testcase classname=" test for mul func" name=" test for mul func" time="0">
    </testcase>
    <testcase classname=" test for mul func" name=" test for mul func" time="0">
    </testcase>
    <testcase classname=" test for mul func" name=" test for mul func" time="0">
    </testcase>
    <testcase classname=" test for mul func" name=" test for mul func" time="0">
    </testcase>
    <testcase classname=" test for mul func" name=" test for mul func" time="0">
    </testcase>
    <testcase classname=" test for mul func" name=" test for mul func" time="0">
    </testcase>
    <testcase classname=" test for mul func" name=" test for mul func" time="0">
    </testcase>
    <testcase classname=" test for mul func" name=" test for mul func" time="0">
    </testcase>
    <testcase classname=" test for mul func" name=" test for mul func" time="0">
    </testcase>
    <testcase classname=" test for mul func" name=" test for mul func" time="0">
    </testcase>
    <testcase classname=" test for mul func" name=" test for mul func" time="0">
    </testcase>
    <testcase classname=" test for mul func" name=" test for mul func" time="0">
    </testcase>
    <testcase classname=" test for mul func" name=" test for mul func" time="0">
    </testcase>
    <testcase classname=" test for mul func" name=" test for mul func" time="0">
    </testcase>
    <testcase classname=" test for mul func" name=" test for mul func" time="0">
    </testcase>
    <testcase classname=" test for mul func" name=" test for mul func" time="0">
    </testcase>
    <testcase classname=" test for mul func" name=" test for mul func" time="0">
    </testcase>
    <testcase classname=" test for mul func" name=" test for mul func" time="0">
    </testcase>
    <testcase classname=" test for mul func" name=" test for mul func" time="0">
    </testcase>
    <testcase classname=" test for mul func" name=" test for mul func" time="0">
    </testcase>
    <testcase classname=" test for mul func" name=" test for mul func" time="0">
    </testcase>
    <testcase classname=" test for mul func" name=" test for mul func" time="0">
    </testcase>
    <testcase classname=" test for mul func" name=" test for mul func" time="0">
    </testcase>
    <testcase classname=" test for mul func" name=" test for mul func" time="0">
    </testcase>
    <testcase classname=" test for mul func" name=" test for mul func" time="0">
    </testcase>
    <testcase classname=" test for mul func" name=" test for mul func" time="0">
    </testcase>
    <testcase classname=" test for mul func" name=" test for mul func" time="0">
    </testcase>
    <testcase classname=" test for mul func" name=" test for mul func" time="0">
    </testcase>
    <testcase classname=" test for mul func" name=" test for mul func" time="0">
    </testcase>
    <testcase classname=" test for mul func" name=" test for mul func" time="0">
    </testcase>
    <testcase classname=" test for mul func" name=" test for mul func" time="0">
    </testcase>
    <testcase classname=" test for mul func" name=" test for mul func" time="0">
    </testcase>
    <testcase classname=" test for mul func" name=" test for mul func" time="0">
    </testcase>
    <testcase classname=" test for mul func" name=" test for mul func" time="0">
    </testcase>
    <testcase classname=" test for mul func" name=" test for mul func" time="0">
    </testcase>
    <testcase classname=" test for mul func" name=" test for mul func" time="0">
    </testcase>
    <testcase classname=" test for mul func" name=" test for mul func" time="0">
    </testcase>
    <testcase classname=" test for mul func" name=" test for mul func" time="0">
    </testcase>
    <testcase classname=" test for mul func" name=" test for mul func" time="0">
    </testcase>
    <testcase classname=" test for mul func" name=" test for mul func" time="0">
    </testcase>
    <testcase classname=" test for mul func" name=" test for mul func" time="0.001">
    </testcase>
    <testcase classname=" test for mul func" name=" test for mul func" time="0">
    </testcase>
    <testcase classname=" test for mul func" name=" test for mul func" time="0">
    </testcase>
    <testcase classname=" test for mul func" name=" test for mul func" time="0">
    </testcase>
    <testcase classname=" test for mul func" name=" test for mul func" time="0.001">
    </testcase>
    <testcase classname=" test for mul func" name=" test for mul func" time="0">
    </testcase>
    <testcase classname=" test for mul func" name=" test for mul func" time="0">
    </testcase>
    <testcase classname=" test for mul func" name=" test for mul func" time="0">
    </testcase>
    <testcase classname=" test for mul func" name=" test for mul func" time="0">
    </testcase>
    <testcase classname=" test for mul func" name=" test for mul func" time="0">
    </testcase>
    <testcase classname=" test for mul func" name=" test for mul func" time="0">
    </testcase>
    <testcase classname=" test for mul func" name=" test for mul func" time="0">
    </testcase>
    <testcase classname=" test for mul func" name=" test for mul func" time="0">
    </testcase>
    <testcase classname=" test for mul func" name=" test for mul func" time="0">
    </testcase>
    <testcase classname=" test for mul func" name=" test for mul func" time="0">
    </testcase>
    <testcase classname=" test for mul func" name=" test for mul func" time="0">
    </testcase>
    <testcase classname=" test for mul func" name=" test for mul func" time="0">
    </testcase>
    <testcase classname=" test for mul func" name=" test for mul func" time="0">
    </testcase>
    <testcase classname=" test for mul func" name=" test for mul func" time="0">
    </testcase>
    <testcase classname=" test for mul func" name=" test for mul func" time="0">
    </testcase>
    <testcase classname=" test for mul func" name=" test for mul func" time="0">
    </testcase>
    <testcase classname=" test for mul func" name=" test for mul func" time="0">
    </testcase>
    <testcase classname=" test for mul func" name=" test for mul func" time="0">
    </testcase>
    <testcase classname=" test for mul func" name=" test for mul func" time="0">
    </testcase>
    <testcase classname=" test for mul func" name=" test for mul func" time="0">
    </testcase>
    <testcase classname=" test for mul func" name=" test for mul func" time="0">
    </testcase>
    <testcase classname=" test for mul func" name=" test for mul func" time="0">
    </testcase>
    <testcase classname=" test for mul func" name=" test for mul func" time="0">
    </testcase>
    <testcase classname=" test for mul func" name=" test for mul func" time="0">
    </testcase>
    <testcase classname=" test for mul func" name=" test for mul func" time="0">
    </testcase>
    <testcase classname=" test for mul func" name=" test for mul func" time="0">
    </testcase>
    <testcase classname=" test for mul func" name=" test for mul func" time="0">
    </testcase>
    <testcase classname=" test for mul func" name=" test for mul func" time="0">
    </testcase>
    <testcase classname=" test for mul func" name=" test for mul func" time="0">
    </testcase>
    <testcase classname=" test for mul func" name=" test for mul func" time="0">
    </testcase>
    <testcase classname=" test for mul func" name=" test for mul func" time="0">
    </testcase>
    <testcase classname=" test for mul func" name=" test for mul func" time="0">
    </testcase>
    <testcase classname=" test for mul func" name=" test for mul func" time="0">
    </testcase>
    <testcase classname=" test for mul func" name=" test for mul func" time="0">
    </testcase>
    <testcase classname=" test for mul func" name=" test for mul func" time="0.001">
    </testcase>
    <testcase classname=" test for mul func" name=" test for mul func" time="0">
    </testcase>
    <testcase classname=" test for mul func" name=" test for mul func" time="0">
    </testcase>
    <testcase classname=" test for mul func" name=" test for mul func" time="0">
    </testcase>
    <testcase classname=" test for mul func" name=" test for mul func" time="0">
    </testcase>
    <testcase classname=" test for mul func" name=" test for mul func" time="0">
    </testcase>
    <testcase classname=" test for mul func" name=" test for mul func" time="0.001">
    </testcase>
    <testcase classname=" test for mul func" name=" test for mul func" time="0">
    </testcase>
    <testcase classname=" test for mul func" name=" test for mul func" time="0">
    </testcase>
    <testcase classname=" test for mul func" name=" test for mul func" time="0">
    </testcase>
    <testcase classname=" test for mul func" name=" test for mul func" time="0">
    </testcase>
    <testcase classname=" test for mul func" name=" test for mul func" time="0">
    </testcase>
    <testcase classname=" test for mul func" name=" test for mul func" time="0.001">
    </testcase>
    <testcase classname=" test for mul func" name=" test for mul func" time="0">
    </testcase>
    <testcase classname=" test for mul func" name=" test for mul func" time="0">
    </testcase>
    <testcase classname=" test for mul func" name=" test for mul func" time="0">
    </testcase>
    <testcase classname=" test for mul func" name=" test for mul func" time="0">
    </testcase>
    <testcase classname=" test for mul func" name=" test for mul func" time="0">
    </testcase>
    <testcase classname=" test for mul func" name=" test for mul func" time="0.001">
    </testcase>
    <testcase classname=" test for mul func" name=" test for mul func" time="0">
    </testcase>
    <testcase classname=" test for mul func" name=" test for mul func" time="0">
    </testcase>
    <testcase classname=" test for mul func" name=" test for mul func" time="0">
    </testcase>
    <testcase classname=" test for mul func" name=" test for mul func" time="0">
    </testcase>
    <testcase classname=" test for mul func" name=" test for mul func" time="0">
    </testcase>
    <testcase classname=" test for mul func" name=" test for mul func" time="0.001">
    </testcase>
    <testcase classname=" test for mul func" name=" test for mul func" time="0">
    </testcase>
    <testcase classname=" test for mul func" name=" test for mul func" time="0">
    </testcase>
    <testcase classname=" test for mul func" name=" test for mul func" time="0">
    </testcase>
    <testcase classname=" test for mul func" name=" test for mul func" time="0">
    </testcase>
    <testcase classname=" test for mul func" name=" test for mul func" time="0">
    </testcase>
    <testcase classname=" test for mul func" name=" test for mul func" time="0">
    </testcase>
    <testcase classname=" test for mul func" name=" test for mul func" time="0">
    </testcase>
    <testcase classname=" test for mul func" name=" test for mul func" time="0">
    </testcase>
    <testcase classname=" test for mul func" name=" test for mul func" time="0">
    </testcase>
    <testcase classname=" test for mul func" name=" test for mul func" time="0">
    </testcase>
    <testcase classname=" test for mul func" name=" test for mul func" time="0">
    </testcase>
    <testcase classname=" test for mul func" name=" test for mul func" time="0">
    </testcase>
    <testcase classname=" test for mul func" name=" test for mul func" time="0">
    </testcase>
    <testcase classname=" test for mul func" name=" test for mul func" time="0.001">
    </testcase>
    <testcase classname=" test for mul func" name=" test for mul func" time="0.001">
    </testcase>
    <testcase classname=" test for mul func" name=" test for mul func" time="0">
    </testcase>
    <testcase classname=" test for mul func" name=" test for mul func" time="0">
    </testcase>
    <testcase classname=" test for mul func" name=" test for mul func" time="0">
    </testcase>
    <testcase classname=" test for mul func" name=" test for mul func" time="0">
    </testcase>
    <testcase classname=" test for mul func" name=" test for mul func" time="0">
    </testcase>
    <testcase classname=" test for mul func" name=" test for mul func" time="0">
    </testcase>
    <testcase classname=" test for mul func" name=" test for mul func" time="0">
    </testcase>
    <testcase classname=" test for mul func" name=" test for mul func" time="0">
    </testcase>
    <testcase classname=" test for mul func" name=" test for mul func" time="0">
    </testcase>
    <testcase classname=" test for mul func" name=" test for mul func" time="0">
    </testcase>
    <testcase classname=" test for mul func" name=" test for mul func" time="0.001">
    </testcase>
    <testcase classname=" test for mul func" name=" test for mul func" time="0">
    </testcase>
    <testcase classname=" test for mul func" name=" test for mul func" time="0">
    </testcase>
    <testcase classname=" test for mul func" name=" test for mul func" time="0">
    </testcase>
    <testcase classname=" test for mul func" name=" test for mul func" time="0">
    </testcase>
    <testcase classname=" test for mul func" name=" test for mul func" time="0">
    </testcase>
    <testcase classname=" test for mul func" name=" test for mul func" time="0.001">
    </testcase>
    <testcase classname=" test for mul func" name=" test for mul func" time="0">
    </testcase>
    <testcase classname=" test for mul func" name=" test for mul func" time="0">
    </testcase>
    <testcase classname=" test for mul func" name=" test for mul func" time="0">
    </testcase>
    <testcase classname=" test for mul func" name=" test for mul func" time="0">
    </testcase>
    <testcase classname=" test for mul func" name=" test for mul func" time="0">
    </testcase>
    <testcase classname=" test for mul func" name=" test for mul func" time="0">
    </testcase>
    <testcase classname=" test for mul func" name=" test for mul func" time="0">
    </testcase>
    <testcase classname=" test for mul func" name=" test for mul func" time="0">
    </testcase>
    <testcase classname=" test for mul func" name=" test for mul func" time="0">
    </testcase>
    <testcase classname=" test for mul func" name=" test for mul func" time="0">
    </testcase>
    <testcase classname=" test for mul func" name=" test for mul func" time="0">
    </testcase>
    <testcase classname=" test for mul func" name=" test for mul func" time="0">
    </testcase>
    <testcase classname=" test for mul func" name=" test for mul func" time="0">
    </testcase>
    <testcase classname=" test for mul func" name=" test for mul func" time="0">
    </testcase>
    <testcase classname=" test for mul func" name=" test for mul func" time="0">
    </testcase>
    <testcase classname=" test for mul func" name=" test for mul func" time="0">
    </testcase>
    <testcase classname=" test for mul func" name=" test for mul func" time="0">
    </testcase>
    <testcase classname=" test for mul func" name=" test for mul func" time="0">
    </testcase>
    <testcase classname=" test for mul func" name=" test for mul func" time="0.001">
    </testcase>
    <testcase classname=" test for mul func" name=" test for mul func" time="0">
    </testcase>
    <testcase classname=" test for mul func" name=" test for mul func" time="0">
    </testcase>
    <testcase classname=" test for mul func" name=" test for mul func" time="0">
    </testcase>
    <testcase classname=" test for mul func" name=" test for mul func" time="0">
    </testcase>
    <testcase classname=" test for mul func" name=" test for mul func" time="0">
    </testcase>
    <testcase classname=" test for mul func" name=" test for mul func" time="0.001">
    </testcase>
    <testcase classname=" test for mul func" name=" test for mul func" time="0">
    </testcase>
    <testcase classname=" test for mul func" name=" test for mul func" time="0">
    </testcase>
    <testcase classname=" test for mul func" name=" test for mul func" time="0">
    </testcase>
    <testcase classname=" test for mul func" name=" test for mul func" time="0">
    </testcase>
    <testcase classname=" test for mul func" name=" test for mul func" time="0">
    </testcase>
    <testcase classname=" test for mul func" name=" test for mul func" time="0.001">
    </testcase>
    <testcase classname=" test for mul func" name=" test for mul func" time="0">
    </testcase>
    <testcase classname=" test for mul func" name=" test for mul func" time="0">
    </testcase>
    <testcase classname=" test for mul func" name=" test for mul func" time="0">
    </testcase>
    <testcase classname=" test for mul func" name=" test for mul func" time="0">
    </testcase>
    <testcase classname=" test for mul func" name=" test for mul func" time="0">
    </testcase>
    <testcase classname=" test for mul func" name=" test for mul func" time="0.001">
    </testcase>
    <testcase classname=" test for mul func" name=" test for mul func" time="0">
    </testcase>
    <testcase classname=" test for mul func" name=" test for mul func" time="0">
    </testcase>
    <testcase classname=" test for mul func" name=" test for mul func" time="0">
    </testcase>
    <testcase classname=" test for mul func" name=" test for mul func" time="0">
    </testcase>
    <testcase classname=" test for mul func" name=" test for mul func" time="0">
    </testcase>
    <testcase classname=" test for mul func" name=" test for mul func" time="0.001">
    </testcase>
    <testcase classname=" test for mul func" name=" test for mul func" time="0">
    </testcase>
    <testcase classname=" test for mul func" name=" test for mul func" time="0">
    </testcase>
    <testcase classname=" test for mul func" name=" test for mul func" time="0">
    </testcase>
    <testcase classname=" test for mul func" name=" test for mul func" time="0">
    </testcase>
    <testcase classname=" test for mul func" name=" test for mul func" time="0">
    </testcase>
    <testcase classname=" test for mul func" name=" test for mul func" time="0">
    </testcase>
    <testcase classname=" test for mul func" name=" test for mul func" time="0">
    </testcase>
    <testcase classname=" test for mul func" name=" test for mul func" time="0">
    </testcase>
    <testcase classname=" test for mul func" name=" test for mul func" time="0">
    </testcase>
    <testcase classname=" test for mul func" name=" test for mul func" time="0">
    </testcase>
    <testcase classname=" test for mul func" name=" test for mul func" time="0">
    </testcase>
    <testcase classname=" test for mul func" name=" test for mul func" time="0.001">
    </testcase>
    <testcase classname=" test for mul func" name=" test for mul func" time="0">
    </testcase>
    <testcase classname=" test for mul func" name=" test for mul func" time="0">
    </testcase>
    <testcase classname=" test for mul func" name=" test for mul func" time="0">
    </testcase>
    <testcase classname=" test for mul func" name=" test for mul func" time="0">
    </testcase>
    <testcase classname=" test for mul func" name=" test for mul func" time="0">
    </testcase>
    <testcase classname=" test for mul func" name=" test for mul func" time="0.001">
    </testcase>
    <testcase classname=" test for mul func" name=" test for mul func" time="0">
    </testcase>
    <testcase classname=" test for mul func" name=" test for mul func" time="0">
    </testcase>
    <testcase classname=" test for mul func" name=" test for mul func" time="0">
    </testcase>
    <testcase classname=" test for mul func" name=" test for mul func" time="0">
    </testcase>
    <testcase classname=" test for mul func" name=" test for mul func" time="0">
    </testcase>
    <testcase classname=" test for mul func" name=" test for mul func" time="0.001">
    </testcase>
    <testcase classname=" test for mul func" name=" test for mul func" time="0">
    </testcase>
    <testcase classname=" test for mul func" name=" test for mul func" time="0">
    </testcase>
    <testcase classname=" test for mul func" name=" test for mul func" time="0">
    </testcase>
    <testcase classname=" test for mul func" name=" test for mul func" time="0.001">
    </testcase>
    <testcase classname=" test for mul func" name=" test for mul func" time="0">
    </testcase>
    <testcase classname=" test for mul func" name=" test for mul func" time="0">
    </testcase>
    <testcase classname=" test for mul func" name=" test for mul func" time="0">
    </testcase>
    <testcase classname=" test for mul func" name=" test for mul func" time="0">
    </testcase>
    <testcase classname=" test for mul func" name=" test for mul func" time="0">
    </testcase>
    <testcase classname=" test for mul func" name=" test for mul func" time="0">
    </testcase>
    <testcase classname=" test for mul func" name=" test for mul func" time="0">
    </testcase>
    <testcase classname=" test for mul func" name=" test for mul func" time="0">
    </testcase>
    <testcase classname=" test for mul func" name=" test for mul func" time="0">
    </testcase>
    <testcase classname=" test for mul func" name=" test for mul func" time="0">
    </testcase>
    <testcase classname=" test for mul func" name=" test for mul func" time="0">
    </testcase>
    <testcase classname=" test for mul func" name=" test for mul func" time="0.001">
    </testcase>
    <testcase classname=" test for mul func" name=" test for mul func" time="0">
    </testcase>
    <testcase classname=" test for mul func" name=" test for mul func" time="0">
    </testcase>
    <testcase classname=" test for mul func" name=" test for mul func" time="0">
    </testcase>
    <testcase classname=" test for mul func" name=" test for mul func" time="0">
    </testcase>
    <testcase classname=" test for mul func" name=" test for mul func" time="0">
    </testcase>
    <testcase classname=" test for mul func" name=" test for mul func" time="0.001">
    </testcase>
    <testcase classname=" test for mul func" name=" test for mul func" time="0">
    </testcase>
    <testcase classname=" test for mul func" name=" test for mul func" time="0">
    </testcase>
    <testcase classname=" test for mul func" name=" test for mul func" time="0">
    </testcase>
    <testcase classname=" test for mul func" name=" test for mul func" time="0">
    </testcase>
    <testcase classname=" test for mul func" name=" test for mul func" time="0">
    </testcase>
    <testcase classname=" test for mul func" name=" test for mul func" time="0.001">
    </testcase>
    <testcase classname=" test for mul func" name=" test for mul func" time="0">
    </testcase>
    <testcase classname=" test for mul func" name=" test for mul func" time="0">
    </testcase>
    <testcase classname=" test for mul func" name=" test for mul func" time="0">
    </testcase>
    <testcase classname=" test for mul func" name=" test for mul func" time="0">
    </testcase>
    <testcase classname=" test for mul func" name=" test for mul func" time="0">
    </testcase>
    <testcase classname=" test for mul func" name=" test for mul func" time="0">
    </testcase>
    <testcase classname=" test for mul func" name=" test for mul func" time="0">
    </testcase>
    <testcase classname=" test for mul func" name=" test for mul func" time="0">
    </testcase>
    <testcase classname=" test for mul func" name=" test for mul func" time="0">
    </testcase>
    <testcase classname=" test for mul func" name=" test for mul func" time="0">
    </testcase>
    <testcase classname=" test for mul func" name=" test for mul func" time="0">
    </testcase>
    <testcase classname=" test for mul func" name=" test for mul func" time="0">
    </testcase>
    <testcase classname=" test for mul func" name=" test for mul func" time="0.001">
    </testcase>
    <testcase classname=" test for mul func" name=" test for mul func" time="0">
    </testcase>
    <testcase classname=" test for mul func" name=" test for mul func" time="0">
    </testcase>
    <testcase classname=" test for mul func" name=" test for mul func" time="0">
    </testcase>
    <testcase classname=" test for mul func" name=" test for mul func" time="0">
    </testcase>
    <testcase classname=" test for mul func" name=" test for mul func" time="0">
    </testcase>
    <testcase classname=" test for mul func" name=" test for mul func" time="0.001">
    </testcase>
    <testcase classname=" test for mul func" name=" test for mul func" time="0">
    </testcase>
    <testcase classname=" test for mul func" name=" test for mul func" time="0">
    </testcase>
    <testcase classname=" test for mul func" name=" test for mul func" time="0">
    </testcase>
    <testcase classname=" test for mul func" name=" test for mul func" time="0">
    </testcase>
    <testcase classname=" test for mul func" name=" test for mul func" time="0">
    </testcase>
    <testcase classname=" test for mul func" name=" test for mul func" time="0.001">
    </testcase>
    <testcase classname=" test for mul func" name=" test for mul func" time="0">
    </testcase>
    <testcase classname=" test for mul func" name=" test for mul func" time="0">
    </testcase>
    <testcase classname=" test for mul func" name=" test for mul func" time="0">
    </testcase>
    <testcase classname=" test for mul func" name=" test for mul func" time="0">
    </testcase>
    <testcase classname=" test for mul func" name=" test for mul func" time="0">
    </testcase>
    <testcase classname=" test for mul func" name=" test for mul func" time="0">
    </testcase>
    <testcase classname=" test for mul func" name=" test for mul func" time="0">
    </testcase>
    <testcase classname=" test for mul func" name=" test for mul func" time="0">
    </testcase>
    <testcase classname=" test for mul func" name=" test for mul func" time="0">
    </testcase>
    <testcase classname=" test for mul func" name=" test for mul func" time="0">
    </testcase>
    <testcase classname=" test for mul func" name=" test for mul func" time="0">
    </testcase>
    <testcase classname=" test for mul func" name=" test for mul func" time="0">
    </testcase>
    <testcase classname=" test for mul func" name=" test for mul func" time="0.001">
    </testcase>
    <testcase classname=" test for mul func" name=" test for mul func" time="0">
    </testcase>
    <testcase classname=" test for mul func" name=" test for mul func" time="0">
    </testcase>
    <testcase classname=" test for mul func" name=" test for mul func" time="0">
    </testcase>
    <testcase classname=" test for mul func" name=" test for mul func" time="0">
    </testcase>
    <testcase classname=" test for mul func" name=" test for mul func" time="0">
    </testcase>
    <testcase classname=" test for mul func" name=" test for mul func" time="0.001">
    </testcase>
    <testcase classname=" test for mul func" name=" test for mul func" time="0">
    </testcase>
    <testcase classname=" test for mul func" name=" test for mul func" time="0">
    </testcase>
    <testcase classname=" test for mul func" name=" test for mul func" time="0.002">
    </testcase>
    <testcase classname=" test for mul func" name=" test for mul func" time="0">
    </testcase>
    <testcase classname=" test for mul func" name=" test for mul func" time="0">
    </testcase>
    <testcase classname=" test for mul func" name=" test for mul func" time="0">
    </testcase>
    <testcase classname=" test for mul func" name=" test for mul func" time="0">
    </testcase>
    <testcase classname=" test for mul func" name=" test for mul func" time="0">
    </testcase>
    <testcase classname=" test for mul func" name=" test for mul func" time="0">
    </testcase>
    <testcase classname=" test for mul func" name=" test for mul func" time="0">
    </testcase>
    <testcase classname=" test for mul func" name=" test for mul func" time="0">
    </testcase>
    <testcase classname=" test for mul func" name=" test for mul func" time="0">
    </testcase>
    <testcase classname=" test for mul func" name=" test for mul func" time="0">
    </testcase>
    <testcase classname=" test for mul func" name=" test for mul func" time="0.001">
    </testcase>
    <testcase classname=" test for mul func" name=" test for mul func" time="0">
    </testcase>
    <testcase classname=" test for mul func" name=" test for mul func" time="0">
    </testcase>
    <testcase classname=" test for mul func" name=" test for mul func" time="0">
    </testcase>
    <testcase classname=" test for mul func" name=" test for mul func" time="0.001">
    </testcase>
    <testcase classname=" test for mul func" name=" test for mul func" time="0">
    </testcase>
    <testcase classname=" test for mul func" name=" test for mul func" time="0">
    </testcase>
    <testcase classname=" test for mul func" name=" test for mul func" time="0">
    </testcase>
    <testcase classname=" test for mul func" name=" test for mul func" time="0.001">
    </testcase>
    <testcase classname=" test for mul func" name=" test for mul func" time="0">
    </testcase>
    <testcase classname=" test for mul func" name=" test for mul func" time="0">
    </testcase>
    <testcase classname=" test for mul func" name=" test for mul func" time="0">
    </testcase>
    <testcase classname=" test for mul func" name=" test for mul func" time="0">
    </testcase>
    <testcase classname=" test for mul func" name=" test for mul func" time="0">
    </testcase>
    <testcase classname=" test for mul func" name=" test for mul func" time="0.001">
    </testcase>
    <testcase classname=" test for mul func" name=" test for mul func" time="0">
    </testcase>
    <testcase classname=" test for mul func" name=" test for mul func" time="0">
    </testcase>
    <testcase classname=" test for mul func" name=" test for mul func" time="0">
    </testcase>
    <testcase classname=" test for mul func" name=" test for mul func" time="0">
    </testcase>
    <testcase classname=" test for mul func" name=" test for mul func" time="0">
    </testcase>
    <testcase classname=" test for mul func" name=" test for mul func" time="0">
    </testcase>
    <testcase classname=" test for mul func" name=" test for mul func" time="0">
    </testcase>
    <testcase classname=" test for mul func" name=" test for mul func" time="0">
    </testcase>
    <testcase classname=" test for mul func" name=" test for mul func" time="0">
    </testcase>
    <testcase classname=" test for mul func" name=" test for mul func" time="0">
    </testcase>
    <testcase classname=" test for mul func" name=" test for mul func" time="0">
    </testcase>
    <testcase classname=" test for mul func" name=" test for mul func" time="0">
    </testcase>
    <testcase classname=" test for mul func" name=" test for mul func" time="0.001">
    </testcase>
    <testcase classname=" test for mul func" name=" test for mul func" time="0">
    </testcase>
    <testcase classname=" test for mul func" name=" test for mul func" time="0">
    </testcase>
    <testcase classname=" test for mul func" name=" test for mul func" time="0">
    </testcase>
    <testcase classname=" test for mul func" name=" test for mul func" time="0">
    </testcase>
    <testcase classname=" test for mul func" name=" test for mul func" time="0.001">
    </testcase>
    <testcase classname=" test for mul func" name=" test for mul func" time="0">
    </testcase>
    <testcase classname=" test for mul func" name=" test for mul func" time="0">
    </testcase>
    <testcase classname=" test for mul func" name=" test for mul func" time="0">
    </testcase>
    <testcase classname=" test for mul func" name=" test for mul func" time="0">
    </testcase>
    <testcase classname=" test for mul func" name=" test for mul func" time="0">
    </testcase>
    <testcase classname=" test for mul func" name=" test for mul func" time="0">
    </testcase>
    <testcase classname=" test for mul func" name=" test for mul func" time="0">
    </testcase>
    <testcase classname=" test for mul func" name=" test for mul func" time="0">
    </testcase>
    <testcase classname=" test for mul func" name=" test for mul func" time="0">
    </testcase>
    <testcase classname=" test for mul func" name=" test for mul func" time="0">
    </testcase>
    <testcase classname=" test for mul func" name=" test for mul func" time="0">
    </testcase>
    <testcase classname=" test for mul func" name=" test for mul func" time="0.001">
    </testcase>
    <testcase classname=" test for mul func" name=" test for mul func" time="0">
    </testcase>
    <testcase classname=" test for mul func" name=" test for mul func" time="0">
    </testcase>
    <testcase classname=" test for mul func" name=" test for mul func" time="0">
    </testcase>
    <testcase classname=" test for mul func" name=" test for mul func" time="0">
    </testcase>
    <testcase classname=" test for mul func" name=" test for mul func" time="0">
    </testcase>
    <testcase classname=" test for mul func" name=" test for mul func" time="0.001">
    </testcase>
    <testcase classname=" test for mul func" name=" test for mul func" time="0">
    </testcase>
    <testcase classname=" test for mul func" name=" test for mul func" time="0">
    </testcase>
    <testcase classname=" test for mul func" name=" test for mul func" time="0">
    </testcase>
    <testcase classname=" test for mul func" name=" test for mul func" time="0">
    </testcase>
    <testcase classname=" test for mul func" name=" test for mul func" time="0">
    </testcase>
    <testcase classname=" test for mul func" name=" test for mul func" time="0">
    </testcase>
    <testcase classname=" test for mul func" name=" test for mul func" time="0.001">
    </testcase>
    <testcase classname=" test for mul func" name=" test for mul func" time="0">
    </testcase>
    <testcase classname=" test for mul func" name=" test for mul func" time="0">
    </testcase>
    <testcase classname=" test for mul func" name=" test for mul func" time="0">
    </testcase>
    <testcase classname=" test for mul func" name=" test for mul func" time="0">
    </testcase>
    <testcase classname=" test for mul func" name=" test for mul func" time="0">
    </testcase>
    <testcase classname=" test for mul func" name=" test for mul func" time="0.001">
    </testcase>
    <testcase classname=" test for mul func" name=" test for mul func" time="0">
    </testcase>
    <testcase classname=" test for mul func" name=" test for mul func" time="0">
    </testcase>
    <testcase classname=" test for mul func" name=" test for mul func" time="0">
    </testcase>
    <testcase classname=" test for mul func" name=" test for mul func" time="0.001">
    </testcase>
    <testcase classname=" test for mul func" name=" test for mul func" time="0">
    </testcase>
    <testcase classname=" test for mul func" name=" test for mul func" time="0">
    </testcase>
    <testcase classname=" test for mul func" name=" test for mul func" time="0">
    </testcase>
    <testcase classname=" test for mul func" name=" test for mul func" time="0">
    </testcase>
    <testcase classname=" test for mul func" name=" test for mul func" time="0.001">
    </testcase>
    <testcase classname=" test for mul func" name=" test for mul func" time="0">
    </testcase>
    <testcase classname=" test for mul func" name=" test for mul func" time="0">
    </testcase>
    <testcase classname=" test for mul func" name=" test for mul func" time="0">
    </testcase>
    <testcase classname=" test for mul func" name=" test for mul func" time="0.001">
    </testcase>
    <testcase classname=" test for mul func" name=" test for mul func" time="0">
    </testcase>
    <testcase classname=" test for mul func" name=" test for mul func" time="0">
    </testcase>
    <testcase classname=" test for mul func" name=" test for mul func" time="0">
    </testcase>
    <testcase classname=" test for mul func" name=" test for mul func" time="0">
    </testcase>
    <testcase classname=" test for mul func" name=" test for mul func" time="0">
    </testcase>
    <testcase classname=" test for mul func" name=" test for mul func" time="0.001">
    </testcase>
    <testcase classname=" test for mul func" name=" test for mul func" time="0">
    </testcase>
    <testcase classname=" test for mul func" name=" test for mul func" time="0">
    </testcase>
    <testcase classname=" test for mul func" name=" test for mul func" time="0">
    </testcase>
    <testcase classname=" test for mul func" name=" test for mul func" time="0">
    </testcase>
    <testcase classname=" test for mul func" name=" test for mul func" time="0">
    </testcase>
    <testcase classname=" test for mul func" name=" test for mul func" time="0">
    </testcase>
    <testcase classname=" test for mul func" name=" test for mul func" time="0">
    </testcase>
    <testcase classname=" test for mul func" name=" test for mul func" time="0">
    </testcase>
    <testcase classname=" test for mul func" name=" test for mul func" time="0">
    </testcase>
    <testcase classname=" test for mul func" name=" test for mul func" time="0">
    </testcase>
    <testcase classname=" test for mul func" name=" test for mul func" time="0">
    </testcase>
    <testcase classname=" test for mul func" name=" test for mul func" time="0">
    </testcase>
    <testcase classname=" test for mul func" name=" test for mul func" time="0.001">
    </testcase>
    <testcase classname=" test for mul func" name=" test for mul func" time="0">
    </testcase>
    <testcase classname=" test for mul func" name=" test for mul func" time="0">
    </testcase>
    <testcase classname=" test for mul func" name=" test for mul func" time="0">
    </testcase>
    <testcase classname=" test for mul func" name=" test for mul func" time="0">
    </testcase>
    <testcase classname=" test for mul func" name=" test for mul func" time="0">
    </testcase>
    <testcase classname=" test for mul func" name=" test for mul func" time="0.001">
    </testcase>
    <testcase classname=" test for mul func" name=" test for mul func" time="0">
    </testcase>
    <testcase classname=" test for mul func" name=" test for mul func" time="0">
    </testcase>
    <testcase classname=" test for mul func" name=" test for mul func" time="0">
    </testcase>
    <testcase classname=" test for mul func" name=" test for mul func" time="0">
    </testcase>
    <testcase classname=" test for mul func" name=" test for mul func" time="0">
    </testcase>
    <testcase classname=" test for mul func" name=" test for mul func" time="0">
    </testcase>
    <testcase classname=" test for mul func" name=" test for mul func" time="0.001">
    </testcase>
    <testcase classname=" test for mul func" name=" test for mul func" time="0">
    </testcase>
    <testcase classname=" test for mul func" name=" test for mul func" time="0">
    </testcase>
    <testcase classname=" test for mul func" name=" test for mul func" time="0">
    </testcase>
    <testcase classname=" test for mul func" name=" test for mul func" time="0">
    </testcase>
    <testcase classname=" test for mul func" name=" test for mul func" time="0">
    </testcase>
    <testcase classname=" test for mul func" name=" test for mul func" time="0.001">
    </testcase>
    <testcase classname=" test for mul func" name=" test for mul func" time="0">
    </testcase>
    <testcase classname=" test for mul func" name=" test for mul func" time="0">
    </testcase>
    <testcase classname=" test for mul func" name=" test for mul func" time="0">
    </testcase>
    <testcase classname=" test for mul func" name=" test for mul func" time="0">
    </testcase>
    <testcase classname=" test for mul func" name=" test for mul func" time="0">
    </testcase>
    <testcase classname=" test for mul func" name=" test for mul func" time="0">
    </testcase>
    <testcase classname=" test for mul func" name=" test for mul func" time="0.001">
    </testcase>
    <testcase classname=" test for mul func" name=" test for mul func" time="0">
    </testcase>
    <testcase classname=" test for mul func" name=" test for mul func" time="0">
    </testcase>
    <testcase classname=" test for mul func" name=" test for mul func" time="0">
    </testcase>
    <testcase classname=" test for mul func" name=" test for mul func" time="0">
    </testcase>
    <testcase classname=" test for mul func" name=" test for mul func" time="0">
    </testcase>
    <testcase classname=" test for mul func" name=" test for mul func" time="0.001">
    </testcase>
    <testcase classname=" test for mul func" name=" test for mul func" time="0">
    </testcase>
    <testcase classname=" test for mul func" name=" test for mul func" time="0">
    </testcase>
    <testcase classname=" test for mul func" name=" test for mul func" time="0">
    </testcase>
    <testcase classname=" test for mul func" name=" test for mul func" time="0.001">
    </testcase>
    <testcase classname=" test for mul func" name=" test for mul func" time="0">
    </testcase>
    <testcase classname=" test for mul func" name=" test for mul func" time="0">
    </testcase>
    <testcase classname=" test for mul func" name=" test for mul func" time="0">
    </testcase>
    <testcase classname=" test for mul func" name=" test for mul func" time="0">
    </testcase>
    <testcase classname=" test for mul func" name=" test for mul func" time="0">
    </testcase>
    <testcase classname=" test for mul func" name=" test for mul func" time="0">
    </testcase>
    <testcase classname=" test for mul func" name=" test for mul func" time="0">
    </testcase>
    <testcase classname=" test for mul func" name=" test for mul func" time="0">
    </testcase>
    <testcase classname=" test for mul func" name=" test for mul func" time="0">
    </testcase>
    <testcase classname=" test for mul func" name=" test for mul func" time="0">
    </testcase>
    <testcase classname=" test for mul func" name=" test for mul func" time="0">
    </testcase>
    <testcase classname=" test for mul func" name=" test for mul func" time="0">
    </testcase>
    <testcase classname=" test for mul func" name=" test for mul func" time="0.001">
    </testcase>
    <testcase classname=" test for mul func" name=" test for mul func" time="0">
    </testcase>
    <testcase classname=" test for mul func" name=" test for mul func" time="0">
    </testcase>
    <testcase classname=" test for mul func" name=" test for mul func" time="0">
    </testcase>
    <testcase classname=" test for mul func" name=" test for mul func" time="0">
    </testcase>
    <testcase classname=" test for mul func" name=" test for mul func" time="0.002">
    </testcase>
    <testcase classname=" test for mul func" name=" test for mul func" time="0">
    </testcase>
    <testcase classname=" test for mul func" name=" test for mul func" time="0">
    </testcase>
    <testcase classname=" test for mul func" name=" test for mul func" time="0">
    </testcase>
    <testcase classname=" test for mul func" name=" test for mul func" time="0">
    </testcase>
    <testcase classname=" test for mul func" name=" test for mul func" time="0">
    </testcase>
    <testcase classname=" test for mul func" name=" test for mul func" time="0">
    </testcase>
    <testcase classname=" test for mul func" name=" test for mul func" time="0">
    </testcase>
    <testcase classname=" test for mul func" name=" test for mul func" time="0">
    </testcase>
    <testcase classname=" test for mul func" name=" test for mul func" time="0">
    </testcase>
    <testcase classname=" test for mul func" name=" test for mul func" time="0.001">
    </testcase>
    <testcase classname=" test for mul func" name=" test for mul func" time="0">
    </testcase>
    <testcase classname=" test for mul func" name=" test for mul func" time="0">
    </testcase>
    <testcase classname=" test for mul func" name=" test for mul func" time="0">
    </testcase>
    <testcase classname=" test for mul func" name=" test for mul func" time="0">
    </testcase>
    <testcase classname=" test for mul func" name=" test for mul func" time="0">
    </testcase>
    <testcase classname=" test for mul func" name=" test for mul func" time="0.001">
    </testcase>
    <testcase classname=" test for mul func" name=" test for mul func" time="0">
    </testcase>
    <testcase classname=" test for mul func" name=" test for mul func" time="0">
    </testcase>
    <testcase classname=" test for mul func" name=" test for mul func" time="0">
    </testcase>
    <testcase classname=" test for mul func" name=" test for mul func" time="0">
    </testcase>
    <testcase classname=" test for mul func" name=" test for mul func" time="0">
    </testcase>
    <testcase classname=" test for mul func" name=" test for mul func" time="0">
    </testcase>
    <testcase classname=" test for mul func" name=" test for mul func" time="0.001">
    </testcase>
    <testcase classname=" test for mul func" name=" test for mul func" time="0">
    </testcase>
    <testcase classname=" test for mul func" name=" test for mul func" time="0">
    </testcase>
    <testcase classname=" test for mul func" name=" test for mul func" time="0">
    </testcase>
    <testcase classname=" test for mul func" name=" test for mul func" time="0">
    </testcase>
    <testcase classname=" test for mul func" name=" test for mul func" time="0">
    </testcase>
    <testcase classname=" test for mul func" name=" test for mul func" time="0.001">
    </testcase>
    <testcase classname=" test for mul func" name=" test for mul func" time="0">
    </testcase>
    <testcase classname=" test for mul func" name=" test for mul func" time="0">
    </testcase>
    <testcase classname=" test for mul func" name=" test for mul func" time="0">
    </testcase>
    <testcase classname=" test for mul func" name=" test for mul func" time="0">
    </testcase>
    <testcase classname=" test for mul func" name=" test for mul func" time="0">
    </testcase>
    <testcase classname=" test for mul func" name=" test for mul func" time="0">
    </testcase>
    <testcase classname=" test for mul func" name=" test for mul func" time="0.001">
    </testcase>
    <testcase classname=" test for mul func" name=" test for mul func" time="0">
    </testcase>
    <testcase classname=" test for mul func" name=" test for mul func" time="0">
    </testcase>
    <testcase classname=" test for mul func" name=" test for mul func" time="0">
    </testcase>
    <testcase classname=" test for mul func" name=" test for mul func" time="0">
    </testcase>
    <testcase classname=" test for mul func" name=" test for mul func" time="0">
    </testcase>
    <testcase classname=" test for mul func" name=" test for mul func" time="0">
    </testcase>
    <testcase classname=" test for mul func" name=" test for mul func" time="0">
    </testcase>
    <testcase classname=" test for mul func" name=" test for mul func" time="0">
    </testcase>
    <testcase classname=" test for mul func" name=" test for mul func" time="0">
    </testcase>
    <testcase classname=" test for mul func" name=" test for mul func" time="0">
    </testcase>
    <testcase classname=" test for mul func" name=" test for mul func" time="0">
    </testcase>
    <testcase classname=" test for mul func" name=" test for mul func" time="0">
    </testcase>
    <testcase classname=" test for mul func" name=" test for mul func" time="0.001">
    </testcase>
    <testcase classname=" test for mul func" name=" test for mul func" time="0">
    </testcase>
    <testcase classname=" test for mul func" name=" test for mul func" time="0">
    </testcase>
    <testcase classname=" test for mul func" name=" test for mul func" time="0">
    </testcase>
    <testcase classname=" test for mul func" name=" test for mul func" time="0">
    </testcase>
    <testcase classname=" test for mul func" name=" test for mul func" time="0">
    </testcase>
    <testcase classname=" test for mul func" name=" test for mul func" time="0">
    </testcase>
    <testcase classname=" test for mul func" name=" test for mul func" time="0.001">
    </testcase>
    <testcase classname=" test for mul func" name=" test for mul func" time="0">
    </testcase>
    <testcase classname=" test for mul func" name=" test for mul func" time="0">
    </testcase>
    <testcase classname=" test for mul func" name=" test for mul func" time="0">
    </testcase>
    <testcase classname=" test for mul func" name=" test for mul func" time="0">
    </testcase>
    <testcase classname=" test for mul func" name=" test for mul func" time="0">
    </testcase>
    <testcase classname=" test for mul func" name=" test for mul func" time="0">
    </testcase>
    <testcase classname=" test for mul func" name=" test for mul func" time="0">
    </testcase>
    <testcase classname=" test for mul func" name=" test for mul func" time="0">
    </testcase>
    <testcase classname=" test for mul func" name=" test for mul func" time="0.001">
    </testcase>
    <testcase classname=" test for mul func" name=" test for mul func" time="0">
    </testcase>
    <testcase classname=" test for mul func" name=" test for mul func" time="0">
    </testcase>
    <testcase classname=" test for mul func" name=" test for mul func" time="0">
    </testcase>
    <testcase classname=" test for mul func" name=" test for mul func" time="0.001">
    </testcase>
    <testcase classname=" test for mul func" name=" test for mul func" time="0">
    </testcase>
    <testcase classname=" test for mul func" name=" test for mul func" time="0">
    </testcase>
    <testcase classname=" test for mul func" name=" test for mul func" time="0">
    </testcase>
    <testcase classname=" test for mul func" name=" test for mul func" time="0.001">
    </testcase>
    <testcase classname=" test for mul func" name=" test for mul func" time="0.001">
    </testcase>
    <testcase classname=" test for mul func" name=" test for mul func" time="0">
    </testcase>
    <testcase classname=" test for mul func" name=" test for mul func" time="0">
    </testcase>
    <testcase classname=" test for mul func" name=" test for mul func" time="0">
    </testcase>
    <testcase classname=" test for mul func" name=" test for mul func" time="0">
    </testcase>
    <testcase classname=" test for mul func" name=" test for mul func" time="0">
    </testcase>
    <testcase classname=" test for mul func" name=" test for mul func" time="0">
    </testcase>
    <testcase classname=" test for mul func" name=" test for mul func" time="0">
    </testcase>
    <testcase classname=" test for mul func" name=" test for mul func" time="0">
    </testcase>
    <testcase classname=" test for mul func" name=" test for mul func" time="0">
    </testcase>
    <testcase classname=" test for mul func" name=" test for mul func" time="0">
    </testcase>
    <testcase classname=" test for mul func" name=" test for mul func" time="0">
    </testcase>
    <testcase classname=" test for mul func" name=" test for mul func" time="0.001">
    </testcase>
    <testcase classname=" test for mul func" name=" test for mul func" time="0">
    </testcase>
    <testcase classname=" test for mul func" name=" test for mul func" time="0">
    </testcase>
    <testcase classname=" test for mul func" name=" test for mul func" time="0">
    </testcase>
    <testcase classname=" test for mul func" name=" test for mul func" time="0">
    </testcase>
    <testcase classname=" test for mul func" name=" test for mul func" time="0">
    </testcase>
    <testcase classname=" test for mul func" name=" test for mul func" time="0">
    </testcase>
    <testcase classname=" test for mul func" name=" test for mul func" time="0">
    </testcase>
    <testcase classname=" test for mul func" name=" test for mul func" time="0">
    </testcase>
    <testcase classname=" test for mul func" name=" test for mul func" time="0">
    </testcase>
    <testcase classname=" test for mul func" name=" test for mul func" time="0">
    </testcase>
    <testcase classname=" test for mul func" name=" test for mul func" time="0.001">
    </testcase>
    <testcase classname=" test for mul func" name=" test for mul func" time="0">
    </testcase>
    <testcase classname=" test for mul func" name=" test for mul func" time="0">
    </testcase>
    <testcase classname=" test for mul func" name=" test for mul func" time="0">
    </testcase>
    <testcase classname=" test for mul func" name=" test for mul func" time="0">
    </testcase>
    <testcase classname=" test for mul func" name=" test for mul func" time="0">
    </testcase>
    <testcase classname=" test for mul func" name=" test for mul func" time="0.001">
    </testcase>
    <testcase classname=" test for mul func" name=" test for mul func" time="0">
    </testcase>
    <testcase classname=" test for mul func" name=" test for mul func" time="0">
    </testcase>
    <testcase classname=" test for mul func" name=" test for mul func" time="0">
    </testcase>
    <testcase classname=" test for mul func" name=" test for mul func" time="0">
    </testcase>
    <testcase classname=" test for mul func" name=" test for mul func" time="0">
    </testcase>
    <testcase classname=" test for mul func" name=" test for mul func" time="0.001">
    </testcase>
    <testcase classname=" test for mul func" name=" test for mul func" time="0">
    </testcase>
    <testcase classname=" test for mul func" name=" test for mul func" time="0">
    </testcase>
    <testcase classname=" test for mul func" name=" test for mul func" time="0">
    </testcase>
    <testcase classname=" test for mul func" name=" test for mul func" time="0">
    </testcase>
    <testcase classname=" test for mul func" name=" test for mul func" time="0">
    </testcase>
    <testcase classname=" test for mul func" name=" test for mul func" time="0">
    </testcase>
    <testcase classname=" test for mul func" name=" test for mul func" time="0.001">
    </testcase>
    <testcase classname=" test for mul func" name=" test for mul func" time="0">
    </testcase>
    <testcase classname=" test for mul func" name=" test for mul func" time="0">
    </testcase>
    <testcase classname=" test for mul func" name=" test for mul func" time="0.001">
    </testcase>
    <testcase classname=" test for mul func" name=" test for mul func" time="0">
    </testcase>
    <testcase classname=" test for mul func" name=" test for mul func" time="0">
    </testcase>
    <testcase classname=" test for mul func" name=" test for mul func" time="0.001">
    </testcase>
    <testcase classname=" test for mul func" name=" test for mul func" time="0">
    </testcase>
    <testcase classname=" test for mul func" name=" test for mul func" time="0">
    </testcase>
    <testcase classname=" test for mul func" name=" test for mul func" time="0">
    </testcase>
    <testcase classname=" test for mul func" name=" test for mul func" time="0.001">
    </testcase>
    <testcase classname=" test for mul func" name=" test for mul func" time="0">
    </testcase>
    <testcase classname=" test for mul func" name=" test for mul func" time="0">
    </testcase>
    <testcase classname=" test for mul func" name=" test for mul func" time="0">
    </testcase>
    <testcase classname=" test for mul func" name=" test for mul func" time="0">
    </testcase>
    <testcase classname=" test for mul func" name=" test for mul func" time="0.001">
    </testcase>
    <testcase classname=" test for mul func" name=" test for mul func" time="0">
    </testcase>
    <testcase classname=" test for mul func" name=" test for mul func" time="0">
    </testcase>
    <testcase classname=" test for mul func" name=" test for mul func" time="0">
    </testcase>
    <testcase classname=" test for mul func" name=" test for mul func" time="0.001">
    </testcase>
    <testcase classname=" test for mul func" name=" test for mul func" time="0">
    </testcase>
    <testcase classname=" test for mul func" name=" test for mul func" time="0">
    </testcase>
    <testcase classname=" test for mul func" name=" test for mul func" time="0">
    </testcase>
    <testcase classname=" test for mul func" name=" test for mul func" time="0">
    </testcase>
    <testcase classname=" test for mul func" name=" test for mul func" time="0">
    </testcase>
    <testcase classname=" test for mul func" name=" test for mul func" time="0.001">
    </testcase>
    <testcase classname=" test for mul func" name=" test for mul func" time="0">
    </testcase>
    <testcase classname=" test for mul func" name=" test for mul func" time="0">
    </testcase>
    <testcase classname=" test for mul func" name=" test for mul func" time="0">
    </testcase>
    <testcase classname=" test for mul func" name=" test for mul func" time="0">
    </testcase>
    <testcase classname=" test for mul func" name=" test for mul func" time="0">
    </testcase>
    <testcase classname=" test for mul func" name=" test for mul func" time="0">
    </testcase>
    <testcase classname=" test for mul func" name=" test for mul func" time="0">
    </testcase>
    <testcase classname=" test for mul func" name=" test for mul func" time="0">
    </testcase>
    <testcase classname=" test for mul func" name=" test for mul func" time="0">
    </testcase>
    <testcase classname=" test for mul func" name=" test for mul func" time="0">
    </testcase>
    <testcase classname=" test for mul func" name=" test for mul func" time="0">
    </testcase>
    <testcase classname=" test for mul func" name=" test for mul func" time="0">
    </testcase>
    <testcase classname=" test for mul func" name=" test for mul func" time="0">
    </testcase>
    <testcase classname=" test for mul func" name=" test for mul func" time="0">
    </testcase>
    <testcase classname=" test for mul func" name=" test for mul func" time="0">
    </testcase>
    <testcase classname=" test for mul func" name=" test for mul func" time="0">
    </testcase>
    <testcase classname=" test for mul func" name=" test for mul func" time="0">
    </testcase>
    <testcase classname=" test for mul func" name=" test for mul func" time="0">
    </testcase>
    <testcase classname=" test for mul func" name=" test for mul func" time="0.002">
    </testcase>
    <testcase classname=" test for mul func" name=" test for mul func" time="0">
    </testcase>
    <testcase classname=" test for mul func" name=" test for mul func" time="0">
    </testcase>
    <testcase classname=" test for mul func" name=" test for mul func" time="0">
    </testcase>
    <testcase classname=" test for mul func" name=" test for mul func" time="0">
    </testcase>
    <testcase classname=" test for mul func" name=" test for mul func" time="0.001">
    </testcase>
    <testcase classname=" test for mul func" name=" test for mul func" time="0">
    </testcase>
    <testcase classname=" test for mul func" name=" test for mul func" time="0">
    </testcase>
    <testcase classname=" test for mul func" name=" test for mul func" time="0">
    </testcase>
    <testcase classname=" test for mul func" name=" test for mul func" time="0">
    </testcase>
    <testcase classname=" test for mul func" name=" test for mul func" time="0">
    </testcase>
    <testcase classname=" test for mul func" name=" test for mul func" time="0">
    </testcase>
    <testcase classname=" test for mul func" name=" test for mul func" time="0">
    </testcase>
    <testcase classname=" test for mul func" name=" test for mul func" time="0">
    </testcase>
    <testcase classname=" test for mul func" name=" test for mul func" time="0">
    </testcase>
    <testcase classname=" test for mul func" name=" test for mul func" time="0">
    </testcase>
    <testcase classname=" test for mul func" name=" test for mul func" time="0">
    </testcase>
    <testcase classname=" test for mul func" name=" test for mul func" time="0">
    </testcase>
    <testcase classname=" test for mul func" name=" test for mul func" time="0">
    </testcase>
    <testcase classname=" test for mul func" name=" test for mul func" time="0">
    </testcase>
    <testcase classname=" test for mul func" name=" test for mul func" time="0.001">
    </testcase>
    <testcase classname=" test for mul func" name=" test for mul func" time="0">
    </testcase>
    <testcase classname=" test for mul func" name=" test for mul func" time="0">
    </testcase>
    <testcase classname=" test for mul func" name=" test for mul func" time="0">
    </testcase>
    <testcase classname=" test for mul func" name=" test for mul func" time="0">
    </testcase>
    <testcase classname=" test for mul func" name=" test for mul func" time="0.001">
    </testcase>
    <testcase classname=" test for mul func" name=" test for mul func" time="0">
    </testcase>
    <testcase classname=" test for mul func" name=" test for mul func" time="0">
    </testcase>
    <testcase classname=" test for mul func" name=" test for mul func" time="0">
    </testcase>
    <testcase classname=" test for mul func" name=" test for mul func" time="0">
    </testcase>
    <testcase classname=" test for mul func" name=" test for mul func" time="0.001">
    </testcase>
    <testcase classname=" test for mul func" name=" test for mul func" time="0">
    </testcase>
    <testcase classname=" test for mul func" name=" test for mul func" time="0">
    </testcase>
    <testcase classname=" test for mul func" name=" test for mul func" time="0">
    </testcase>
    <testcase classname=" test for mul func" name=" test for mul func" time="0">
    </testcase>
    <testcase classname=" test for mul func" name=" test for mul func" time="0">
    </testcase>
    <testcase classname=" test for mul func" name=" test for mul func" time="0">
    </testcase>
    <testcase classname=" test for mul func" name=" test for mul func" time="0.001">
    </testcase>
    <testcase classname=" test for mul func" name=" test for mul func" time="0">
    </testcase>
    <testcase classname=" test for mul func" name=" test for mul func" time="0">
    </testcase>
    <testcase classname=" test for mul func" name=" test for mul func" time="0">
    </testcase>
    <testcase classname=" test for mul func" name=" test for mul func" time="0">
    </testcase>
    <testcase classname=" test for mul func" name=" test for mul func" time="0">
    </testcase>
    <testcase classname=" test for mul func" name=" test for mul func" time="0">
    </testcase>
    <testcase classname=" test for mul func" name=" test for mul func" time="0.001">
    </testcase>
    <testcase classname=" test for mul func" name=" test for mul func" time="0">
    </testcase>
    <testcase classname=" test for mul func" name=" test for mul func" time="0">
    </testcase>
    <testcase classname=" test for mul func" name=" test for mul func" time="0">
    </testcase>
    <testcase classname=" test for mul func" name=" test for mul func" time="0">
    </testcase>
    <testcase classname=" test for mul func" name=" test for mul func" time="0">
    </testcase>
    <testcase classname=" test for mul func" name=" test for mul func" time="0">
    </testcase>
    <testcase classname=" test for mul func" name=" test for mul func" time="0">
    </testcase>
    <testcase classname=" test for mul func" name=" test for mul func" time="0">
    </testcase>
    <testcase classname=" test for mul func" name=" test for mul func" time="0">
    </testcase>
    <testcase classname=" test for mul func" name=" test for mul func" time="0">
    </testcase>
    <testcase classname=" test for mul func" name=" test for mul func" time="0">
    </testcase>
    <testcase classname=" test for mul func" name=" test for mul func" time="0">
    </testcase>
    <testcase classname=" test for mul func" name=" test for mul func" time="0">
    </testcase>
    <testcase classname=" test for mul func" name=" test for mul func" time="0">
    </testcase>
    <testcase classname=" test for mul func" name=" test for mul func" time="0.001">
    </testcase>
    <testcase classname=" test for mul func" name=" test for mul func" time="0">
    </testcase>
    <testcase classname=" test for mul func" name=" test for mul func" time="0">
    </testcase>
    <testcase classname=" test for mul func" name=" test for mul func" time="0">
    </testcase>
    <testcase classname=" test for mul func" name=" test for mul func" time="0">
    </testcase>
    <testcase classname=" test for mul func" name=" test for mul func" time="0.001">
    </testcase>
    <testcase classname=" test for mul func" name=" test for mul func" time="0">
    </testcase>
    <testcase classname=" test for mul func" name=" test for mul func" time="0">
    </testcase>
    <testcase classname=" test for mul func" name=" test for mul func" time="0">
    </testcase>
    <testcase classname=" test for mul func" name=" test for mul func" time="0">
    </testcase>
    <testcase classname=" test for mul func" name=" test for mul func" time="0">
    </testcase>
    <testcase classname=" test for mul func" name=" test for mul func" time="0">
    </testcase>
    <testcase classname=" test for mul func" name=" test for mul func" time="0">
    </testcase>
    <testcase classname=" test for mul func" name=" test for mul func" time="0">
    </testcase>
    <testcase classname=" test for mul func" name=" test for mul func" time="0">
    </testcase>
    <testcase classname=" test for mul func" name=" test for mul func" time="0">
    </testcase>
    <testcase classname=" test for mul func" name=" test for mul func" time="0">
    </testcase>
    <testcase classname=" test for mul func" name=" test for mul func" time="0">
    </testcase>
    <testcase classname=" test for mul func" name=" test for mul func" time="0">
    </testcase>
    <testcase classname=" test for mul func" name=" test for mul func" time="0.001">
    </testcase>
    <testcase classname=" test for mul func" name=" test for mul func" time="0">
    </testcase>
    <testcase classname=" test for mul func" name=" test for mul func" time="0">
    </testcase>
    <testcase classname=" test for mul func" name=" test for mul func" time="0">
    </testcase>
    <testcase classname=" test for mul func" name=" test for mul func" time="0">
    </testcase>
    <testcase classname=" test for mul func" name=" test for mul func" time="0">
    </testcase>
    <testcase classname=" test for mul func" name=" test for mul func" time="0">
    </testcase>
    <testcase classname=" test for mul func" name=" test for mul func" time="0">
    </testcase>
    <testcase classname=" test for mul func" name=" test for mul func" time="0.001">
    </testcase>
    <testcase classname=" test for mul func" name=" test for mul func" time="0">
    </testcase>
    <testcase classname=" test for mul func" name=" test for mul func" time="0">
    </testcase>
    <testcase classname=" test for mul func" name=" test for mul func" time="0">
    </testcase>
    <testcase classname=" test for mul func" name=" test for mul func" time="0">
    </testcase>
    <testcase classname=" test for mul func" name=" test for mul func" time="0">
    </testcase>
    <testcase classname=" test for mul func" name=" test for mul func" time="0">
    </testcase>
    <testcase classname=" test for mul func" name=" test for mul func" time="0.001">
    </testcase>
    <testcase classname=" test for mul func" name=" test for mul func" time="0">
    </testcase>
    <testcase classname=" test for mul func" name=" test for mul func" time="0">
    </testcase>
    <testcase classname=" test for mul func" name=" test for mul func" time="0">
    </testcase>
    <testcase classname=" test for mul func" name=" test for mul func" time="0">
    </testcase>
    <testcase classname=" test for mul func" name=" test for mul func" time="0">
    </testcase>
    <testcase classname=" test for mul func" name=" test for mul func" time="0">
    </testcase>
    <testcase classname=" test for mul func" name=" test for mul func" time="0">
    </testcase>
    <testcase classname=" test for mul func" name=" test for mul func" time="0.001">
    </testcase>
    <testcase classname=" test for mul func" name=" test for mul func" time="0">
    </testcase>
    <testcase classname=" test for mul func" name=" test for mul func" time="0">
    </testcase>
    <testcase classname=" test for mul func" name=" test for mul func" time="0">
    </testcase>
    <testcase classname=" test for mul func" name=" test for mul func" time="0">
    </testcase>
    <testcase classname=" test for mul func" name=" test for mul func" time="0">
    </testcase>
    <testcase classname=" test for mul func" name=" test for mul func" time="0">
    </testcase>
    <testcase classname=" test for mul func" name=" test for mul func" time="0.001">
    </testcase>
    <testcase classname=" test for mul func" name=" test for mul func" time="0">
    </testcase>
    <testcase classname=" test for mul func" name=" test for mul func" time="0">
    </testcase>
    <testcase classname=" test for mul func" name=" test for mul func" time="0">
    </testcase>
    <testcase classname=" test for mul func" name=" test for mul func" time="0">
    </testcase>
    <testcase classname=" test for mul func" name=" test for mul func" time="0">
    </testcase>
    <testcase classname=" test for mul func" name=" test for mul func" time="0">
    </testcase>
    <testcase classname=" test for mul func" name=" test for mul func" time="0">
    </testcase>
    <testcase classname=" test for mul func" name=" test for mul func" time="0.001">
    </testcase>
    <testcase classname=" test for mul func" name=" test for mul func" time="0">
    </testcase>
    <testcase classname=" test for mul func" name=" test for mul func" time="0">
    </testcase>
    <testcase classname=" test for mul func" name=" test for mul func" time="0">
    </testcase>
    <testcase classname=" test for mul func" name=" test for mul func" time="0">
    </testcase>
    <testcase classname=" test for mul func" name=" test for mul func" time="0">
    </testcase>
    <testcase classname=" test for mul func" name=" test for mul func" time="0">
    </testcase>
    <testcase classname=" test for mul func" name=" test for mul func" time="0">
    </testcase>
    <testcase classname=" test for mul func" name=" test for mul func" time="0">
    </testcase>
    <testcase classname=" test for mul func" name=" test for mul func" time="0">
    </testcase>
    <testcase classname=" test for mul func" name=" test for mul func" time="0">
    </testcase>
    <testcase classname=" test for mul func" name=" test for mul func" time="0">
    </testcase>
    <testcase classname=" test for mul func" name=" test for mul func" time="0">
    </testcase>
    <testcase classname=" test for mul func" name=" test for mul func" time="0">
    </testcase>
    <testcase classname=" test for mul func" name=" test for mul func" time="0">
    </testcase>
    <testcase classname=" test for mul func" name=" test for mul func" time="0.001">
    </testcase>
    <testcase classname=" test for mul func" name=" test for mul func" time="0">
    </testcase>
    <testcase classname=" test for mul func" name=" test for mul func" time="0">
    </testcase>
    <testcase classname=" test for mul func" name=" test for mul func" time="0">
    </testcase>
    <testcase classname=" test for mul func" name=" test for mul func" time="0">
    </testcase>
    <testcase classname=" test for mul func" name=" test for mul func" time="0">
    </testcase>
    <testcase classname=" test for mul func" name=" test for mul func" time="0">
    </testcase>
    <testcase classname=" test for mul func" name=" test for mul func" time="0">
    </testcase>
    <testcase classname=" test for mul func" name=" test for mul func" time="0.001">
    </testcase>
    <testcase classname=" test for mul func" name=" test for mul func" time="0">
    </testcase>
    <testcase classname=" test for mul func" name=" test for mul func" time="0">
    </testcase>
    <testcase classname=" test for mul func" name=" test for mul func" time="0">
    </testcase>
    <testcase classname=" test for mul func" name=" test for mul func" time="0">
    </testcase>
    <testcase classname=" test for mul func" name=" test for mul func" time="0">
    </testcase>
    <testcase classname=" test for mul func" name=" test for mul func" time="0">
    </testcase>
    <testcase classname=" test for mul func" name=" test for mul func" time="0.001">
    </testcase>
    <testcase classname=" test for mul func" name=" test for mul func" time="0">
    </testcase>
    <testcase classname=" test for mul func" name=" test for mul func" time="0">
    </testcase>
    <testcase classname=" test for mul func" name=" test for mul func" time="0">
    </testcase>
    <testcase classname=" test for mul func" name=" test for mul func" time="0">
    </testcase>
    <testcase classname=" test for mul func" name=" test for mul func" time="0">
    </testcase>
    <testcase classname=" test for mul func" name=" test for mul func" time="0">
    </testcase>
    <testcase classname=" test for mul func" name=" test for mul func" time="0">
    </testcase>
    <testcase classname=" test for mul func" name=" test for mul func" time="0.001">
    </testcase>
    <testcase classname=" test for mul func" name=" test for mul func" time="0">
    </testcase>
    <testcase classname=" test for mul func" name=" test for mul func" time="0">
    </testcase>
    <testcase classname=" test for mul func" name=" test for mul func" time="0">
    </testcase>
    <testcase classname=" test for mul func" name=" test for mul func" time="0">
    </testcase>
    <testcase classname=" test for mul func" name=" test for mul func" time="0.001">
    </testcase>
    <testcase classname=" test for mul func" name=" test for mul func" time="0">
    </testcase>
    <testcase classname=" test for mul func" name=" test for mul func" time="0.005">
    </testcase>
    <testcase classname=" test for mul func" name=" test for mul func" time="0">
    </testcase>
    <testcase classname=" test for mul func" name=" test for mul func" time="0">
    </testcase>
    <testcase classname=" test for mul func" name=" test for mul func" time="0.001">
    </testcase>
    <testcase classname=" test for mul func" name=" test for mul func" time="0">
    </testcase>
    <testcase classname=" test for mul func" name=" test for mul func" time="0">
    </testcase>
    <testcase classname=" test for mul func" name=" test for mul func" time="0">
    </testcase>
    <testcase classname=" test for mul func" name=" test for mul func" time="0">
    </testcase>
    <testcase classname=" test for mul func" name=" test for mul func" time="0">
    </testcase>
    <testcase classname=" test for mul func" name=" test for mul func" time="0">
    </testcase>
    <testcase classname=" test for mul func" name=" test for mul func" time="0">
    </testcase>
    <testcase classname=" test for mul func" name=" test for mul func" time="0">
    </testcase>
    <testcase classname=" test for mul func" name=" test for mul func" time="0">
    </testcase>
    <testcase classname=" test for mul func" name=" test for mul func" time="0.001">
    </testcase>
    <testcase classname=" test for mul func" name=" test for mul func" time="0">
    </testcase>
    <testcase classname=" test for mul func" name=" test for mul func" time="0">
    </testcase>
    <testcase classname=" test for mul func" name=" test for mul func" time="0">
    </testcase>
    <testcase classname=" test for mul func" name=" test for mul func" time="0">
    </testcase>
    <testcase classname=" test for mul func" name=" test for mul func" time="0.001">
    </testcase>
    <testcase classname=" test for mul func" name=" test for mul func" time="0">
    </testcase>
    <testcase classname=" test for mul func" name=" test for mul func" time="0">
    </testcase>
    <testcase classname=" test for mul func" name=" test for mul func" time="0">
    </testcase>
    <testcase classname=" test for mul func" name=" test for mul func" time="0">
    </testcase>
    <testcase classname=" test for mul func" name=" test for mul func" time="0">
    </testcase>
    <testcase classname=" test for mul func" name=" test for mul func" time="0">
    </testcase>
    <testcase classname=" test for mul func" name=" test for mul func" time="0">
    </testcase>
    <testcase classname=" test for mul func" name=" test for mul func" time="0">
    </testcase>
    <testcase classname=" test for mul func" name=" test for mul func" time="0">
    </testcase>
    <testcase classname=" test for mul func" name=" test for mul func" time="0">
    </testcase>
    <testcase classname=" test for mul func" name=" test for mul func" time="0">
    </testcase>
    <testcase classname=" test for mul func" name=" test for mul func" time="0">
    </testcase>
    <testcase classname=" test for mul func" name=" test for mul func" time="0">
    </testcase>
    <testcase classname=" test for mul func" name=" test for mul func" time="0">
    </testcase>
    <testcase classname=" test for mul func" name=" test for mul func" time="0.001">
    </testcase>
    <testcase classname=" test for mul func" name=" test for mul func" time="0">
    </testcase>
    <testcase classname=" test for mul func" name=" test for mul func" time="0">
    </testcase>
    <testcase classname=" test for mul func" name=" test for mul func" time="0">
    </testcase>
    <testcase classname=" test for mul func" name=" test for mul func" time="0">
    </testcase>
    <testcase classname=" test for mul func" name=" test for mul func" time="0">
    </testcase>
    <testcase classname=" test for mul func" name=" test for mul func" time="0">
    </testcase>
    <testcase classname=" test for mul func" name=" test for mul func" time="0">
    </testcase>
    <testcase classname=" test for mul func" name=" test for mul func" time="0.001">
    </testcase>
    <testcase classname=" test for mul func" name=" test for mul func" time="0">
    </testcase>
    <testcase classname=" test for mul func" name=" test for mul func" time="0">
    </testcase>
    <testcase classname=" test for mul func" name=" test for mul func" time="0">
    </testcase>
    <testcase classname=" test for mul func" name=" test for mul func" time="0">
    </testcase>
    <testcase classname=" test for mul func" name=" test for mul func" time="0">
    </testcase>
    <testcase classname=" test for mul func" name=" test for mul func" time="0">
    </testcase>
    <testcase classname=" test for mul func" name=" test for mul func" time="0">
    </testcase>
    <testcase classname=" test for mul func" name=" test for mul func" time="0.001">
    </testcase>
    <testcase classname=" test for mul func" name=" test for mul func" time="0">
    </testcase>
    <testcase classname=" test for mul func" name=" test for mul func" time="0">
    </testcase>
    <testcase classname=" test for mul func" name=" test for mul func" time="0">
    </testcase>
    <testcase classname=" test for mul func" name=" test for mul func" time="0">
    </testcase>
    <testcase classname=" test for mul func" name=" test for mul func" time="0">
    </testcase>
    <testcase classname=" test for mul func" name=" test for mul func" time="0">
    </testcase>
    <testcase classname=" test for mul func" name=" test for mul func" time="0.001">
    </testcase>
    <testcase classname=" test for mul func" name=" test for mul func" time="0">
    </testcase>
    <testcase classname=" test for mul func" name=" test for mul func" time="0">
    </testcase>
    <testcase classname=" test for mul func" name=" test for mul func" time="0">
    </testcase>
    <testcase classname=" test for mul func" name=" test for mul func" time="0">
    </testcase>
    <testcase classname=" test for mul func" name=" test for mul func" time="0.001">
    </testcase>
    <testcase classname=" test for mul func" name=" test for mul func" time="0">
    </testcase>
    <testcase classname=" test for mul func" name=" test for mul func" time="0">
    </testcase>
    <testcase classname=" test for mul func" name=" test for mul func" time="0">
    </testcase>
    <testcase classname=" test for mul func" name=" test for mul func" time="0">
    </testcase>
    <testcase classname=" test for mul func" name=" test for mul func" time="0">
    </testcase>
    <testcase classname=" test for mul func" name=" test for mul func" time="0">
    </testcase>
    <testcase classname=" test for mul func" name=" test for mul func" time="0.001">
    </testcase>
    <testcase classname=" test for mul func" name=" test for mul func" time="0">
    </testcase>
    <testcase classname=" test for mul func" name=" test for mul func" time="0">
    </testcase>
    <testcase classname=" test for mul func" name=" test for mul func" time="0">
    </testcase>
    <testcase classname=" test for mul func" name=" test for mul func" time="0">
    </testcase>
    <testcase classname=" test for mul func" name=" test for mul func" time="0">
    </testcase>
    <testcase classname=" test for mul func" name=" test for mul func" time="0.001">
    </testcase>
    <testcase classname=" test for mul func" name=" test for mul func" time="0">
    </testcase>
    <testcase classname=" test for mul func" name=" test for mul func" time="0">
    </testcase>
    <testcase classname=" test for mul func" name=" test for mul func" time="0">
    </testcase>
    <testcase classname=" test for mul func" name=" test for mul func" time="0">
    </testcase>
    <testcase classname=" test for mul func" name=" test for mul func" time="0">
    </testcase>
    <testcase classname=" test for mul func" name=" test for mul func" time="0">
    </testcase>
    <testcase classname=" test for mul func" name=" test for mul func" time="0">
    </testcase>
    <testcase classname=" test for mul func" name=" test for mul func" time="0">
    </testcase>
    <testcase classname=" test for mul func" name=" test for mul func" time="0">
    </testcase>
    <testcase classname=" test for mul func" name=" test for mul func" time="0">
    </testcase>
    <testcase classname=" test for mul func" name=" test for mul func" time="0">
    </testcase>
    <testcase classname=" test for mul func" name=" test for mul func" time="0">
    </testcase>
    <testcase classname=" test for mul func" name=" test for mul func" time="0">
    </testcase>
    <testcase classname=" test for mul func" name=" test for mul func" time="0">
    </testcase>
    <testcase classname=" test for mul func" name=" test for mul func" time="0.001">
    </testcase>
    <testcase classname=" test for mul func" name=" test for mul func" time="0">
    </testcase>
    <testcase classname=" test for mul func" name=" test for mul func" time="0">
    </testcase>
    <testcase classname=" test for mul func" name=" test for mul func" time="0">
    </testcase>
    <testcase classname=" test for mul func" name=" test for mul func" time="0">
    </testcase>
    <testcase classname=" test for mul func" name=" test for mul func" time="0">
    </testcase>
    <testcase classname=" test for mul func" name=" test for mul func" time="0">
    </testcase>
    <testcase classname=" test for mul func" name=" test for mul func" time="0">
    </testcase>
    <testcase classname=" test for mul func" name=" test for mul func" time="0.001">
    </testcase>
    <testcase classname=" test for mul func" name=" test for mul func" time="0">
    </testcase>
    <testcase classname=" test for mul func" name=" test for mul func" time="0">
    </testcase>
    <testcase classname=" test for mul func" name=" test for mul func" time="0">
    </testcase>
    <testcase classname=" test for mul func" name=" test for mul func" time="0">
    </testcase>
    <testcase classname=" test for mul func" name=" test for mul func" time="0">
    </testcase>
    <testcase classname=" test for mul func" name=" test for mul func" time="0">
    </testcase>
    <testcase classname=" test for mul func" name=" test for mul func" time="0">
    </testcase>
    <testcase classname=" test for mul func" name=" test for mul func" time="0">
    </testcase>
    <testcase classname=" test for mul func" name=" test for mul func" time="0">
    </testcase>
    <testcase classname=" test for mul func" name=" test for mul func" time="0">
    </testcase>
    <testcase classname=" test for mul func" name=" test for mul func" time="0">
    </testcase>
    <testcase classname=" test for mul func" name=" test for mul func" time="0">
    </testcase>
    <testcase classname=" test for mul func" name=" test for mul func" time="0">
    </testcase>
    <testcase classname=" test for mul func" name=" test for mul func" time="0">
    </testcase>
    <testcase classname=" test for mul func" name=" test for mul func" time="0">
    </testcase>
    <testcase classname=" test for mul func" name=" test for mul func" time="0">
    </testcase>
    <testcase classname=" test for mul func" name=" test for mul func" time="0">
    </testcase>
    <testcase classname=" test for mul func" name=" test for mul func" time="0">
    </testcase>
    <testcase classname=" test for mul func" name=" test for mul func" time="0">
    </testcase>
    <testcase classname=" test for mul func" name=" test for mul func" time="0">
    </testcase>
    <testcase classname=" test for mul func" name=" test for mul func" time="0">
    </testcase>
    <testcase classname=" test for mul func" name=" test for mul func" time="0">
    </testcase>
    <testcase classname=" test for mul func" name=" test for mul func" time="0">
    </testcase>
    <testcase classname=" test for mul func" name=" test for mul func" time="0">
    </testcase>
    <testcase classname=" test for mul func" name=" test for mul func" time="0">
    </testcase>
    <testcase classname=" test for mul func" name=" test for mul func" time="0">
    </testcase>
    <testcase classname=" test for mul func" name=" test for mul func" time="0">
    </testcase>
    <testcase classname=" test for mul func" name=" test for mul func" time="0">
    </testcase>
    <testcase classname=" test for mul func" name=" test for mul func" time="0">
    </testcase>
    <testcase classname=" test for mul func" name=" test for mul func" time="0">
    </testcase>
    <testcase classname=" test for mul func" name=" test for mul func" time="0.001">
    </testcase>
    <testcase classname=" test for mul func" name=" test for mul func" time="0">
    </testcase>
    <testcase classname=" test for mul func" name=" test for mul func" time="0">
    </testcase>
    <testcase classname=" test for mul func" name=" test for mul func" time="0">
    </testcase>
    <testcase classname=" test for mul func" name=" test for mul func" time="0">
    </testcase>
    <testcase classname=" test for mul func" name=" test for mul func" time="0">
    </testcase>
    <testcase classname=" test for mul func" name=" test for mul func" time="0">
    </testcase>
    <testcase classname=" test for mul func" name=" test for mul func" time="0">
    </testcase>
    <testcase classname=" test for mul func" name=" test for mul func" time="0.001">
    </testcase>
    <testcase classname=" test for mul func" name=" test for mul func" time="0">
    </testcase>
    <testcase classname=" test for mul func" name=" test for mul func" time="0">
    </testcase>
    <testcase classname=" test for mul func" name=" test for mul func" time="0">
    </testcase>
    <testcase classname=" test for mul func" name=" test for mul func" time="0">
    </testcase>
    <testcase classname=" test for mul func" name=" test for mul func" time="0">
    </testcase>
    <testcase classname=" test for mul func" name=" test for mul func" time="0">
    </testcase>
    <testcase classname=" test for mul func" name=" test for mul func" time="0">
    </testcase>
    <testcase classname=" test for mul func" name=" test for mul func" time="0.001">
    </testcase>
    <testcase classname=" test for mul func" name=" test for mul func" time="0">
    </testcase>
    <testcase classname=" test for mul func" name=" test for mul func" time="0">
    </testcase>
    <testcase classname=" test for mul func" name=" test for mul func" time="0">
    </testcase>
    <testcase classname=" test for mul func" name=" test for mul func" time="0">
    </testcase>
    <testcase classname=" test for mul func" name=" test for mul func" time="0">
    </testcase>
    <testcase classname=" test for mul func" name=" test for mul func" time="0">
    </testcase>
    <testcase classname=" test for mul func" name=" test for mul func" time="0">
    </testcase>
    <testcase classname=" test for mul func" name=" test for mul func" time="0.001">
    </testcase>
    <testcase classname=" test for mul func" name=" test for mul func" time="0">
    </testcase>
    <testcase classname=" test for mul func" name=" test for mul func" time="0">
    </testcase>
    <testcase classname=" test for mul func" name=" test for mul func" time="0">
    </testcase>
    <testcase classname=" test for mul func" name=" test for mul func" time="0">
    </testcase>
    <testcase classname=" test for mul func" name=" test for mul func" time="0">
    </testcase>
    <testcase classname=" test for mul func" name=" test for mul func" time="0.001">
    </testcase>
    <testcase classname=" test for mul func" name=" test for mul func" time="0">
    </testcase>
    <testcase classname=" test for mul func" name=" test for mul func" time="0">
    </testcase>
    <testcase classname=" test for mul func" name=" test for mul func" time="0.002">
    </testcase>
    <testcase classname=" test for mul func" name=" test for mul func" time="0">
    </testcase>
    <testcase classname=" test for mul func" name=" test for mul func" time="0">
    </testcase>
    <testcase classname=" test for mul func" name=" test for mul func" time="0">
    </testcase>
    <testcase classname=" test for mul func" name=" test for mul func" time="0">
    </testcase>
    <testcase classname=" test for mul func" name=" test for mul func" time="0">
    </testcase>
    <testcase classname=" test for mul func" name=" test for mul func" time="0">
    </testcase>
    <testcase classname=" test for mul func" name=" test for mul func" time="0.001">
    </testcase>
    <testcase classname=" test for mul func" name=" test for mul func" time="0">
    </testcase>
    <testcase classname=" test for mul func" name=" test for mul func" time="0">
    </testcase>
    <testcase classname=" test for mul func" name=" test for mul func" time="0">
    </testcase>
    <testcase classname=" test for mul func" name=" test for mul func" time="0">
    </testcase>
    <testcase classname=" test for mul func" name=" test for mul func" time="0">
    </testcase>
    <testcase classname=" test for mul func" name=" test for mul func" time="0">
    </testcase>
    <testcase classname=" test for mul func" name=" test for mul func" time="0">
    </testcase>
    <testcase classname=" test for mul func" name=" test for mul func" time="0.001">
    </testcase>
    <testcase classname=" test for mul func" name=" test for mul func" time="0">
    </testcase>
    <testcase classname=" test for mul func" name=" test for mul func" time="0">
    </testcase>
    <testcase classname=" test for mul func" name=" test for mul func" time="0">
    </testcase>
    <testcase classname=" test for mul func" name=" test for mul func" time="0">
    </testcase>
    <testcase classname=" test for mul func" name=" test for mul func" time="0">
    </testcase>
    <testcase classname=" test for mul func" name=" test for mul func" time="0">
    </testcase>
    <testcase classname=" test for mul func" name=" test for mul func" time="0">
    </testcase>
    <testcase classname=" test for mul func" name=" test for mul func" time="0.001">
    </testcase>
    <testcase classname=" test for mul func" name=" test for mul func" time="0">
    </testcase>
    <testcase classname=" test for mul func" name=" test for mul func" time="0">
    </testcase>
    <testcase classname=" test for mul func" name=" test for mul func" time="0">
    </testcase>
    <testcase classname=" test for mul func" name=" test for mul func" time="0">
    </testcase>
    <testcase classname=" test for mul func" name=" test for mul func" time="0.001">
    </testcase>
    <testcase classname=" test for mul func" name=" test for mul func" time="0">
    </testcase>
    <testcase classname=" test for mul func" name=" test for mul func" time="0">
    </testcase>
    <testcase classname=" test for mul func" name=" test for mul func" time="0">
    </testcase>
    <testcase classname=" test for mul func" name=" test for mul func" time="0">
    </testcase>
    <testcase classname=" test for mul func" name=" test for mul func" time="0">
    </testcase>
    <testcase classname=" test for mul func" name=" test for mul func" time="0">
    </testcase>
    <testcase classname=" test for mul func" name=" test for mul func" time="0">
    </testcase>
    <testcase classname=" test for mul func" name=" test for mul func" time="0">
    </testcase>
    <testcase classname=" test for mul func" name=" test for mul func" time="0">
    </testcase>
    <testcase classname=" test for mul func" name=" test for mul func" time="0">
    </testcase>
    <testcase classname=" test for mul func" name=" test for mul func" time="0.001">
    </testcase>
    <testcase classname=" test for mul func" name=" test for mul func" time="0">
    </testcase>
    <testcase classname=" test for mul func" name=" test for mul func" time="0">
    </testcase>
    <testcase classname=" test for mul func" name=" test for mul func" time="0">
    </testcase>
    <testcase classname=" test for mul func" name=" test for mul func" time="0">
    </testcase>
    <testcase classname=" test for mul func" name=" test for mul func" time="0">
    </testcase>
    <testcase classname=" test for mul func" name=" test for mul func" time="0">
    </testcase>
    <testcase classname=" test for mul func" name=" test for mul func" time="0">
    </testcase>
    <testcase classname=" test for mul func" name=" test for mul func" time="0">
    </testcase>
    <testcase classname=" test for mul func" name=" test for mul func" time="0">
    </testcase>
    <testcase classname=" test for mul func" name=" test for mul func" time="0">
    </testcase>
    <testcase classname=" test for mul func" name=" test for mul func" time="0">
    </testcase>
    <testcase classname=" test for mul func" name=" test for mul func" time="0">
    </testcase>
    <testcase classname=" test for mul func" name=" test for mul func" time="0">
    </testcase>
    <testcase classname=" test for mul func" name=" test for mul func" time="0">
    </testcase>
    <testcase classname=" test for mul func" name=" test for mul func" time="0">
    </testcase>
    <testcase classname=" test for mul func" name=" test for mul func" time="0">
    </testcase>
    <testcase classname=" test for mul func" name=" test for mul func" time="0.001">
    </testcase>
    <testcase classname=" test for mul func" name=" test for mul func" time="0">
    </testcase>
    <testcase classname=" test for mul func" name=" test for mul func" time="0">
    </testcase>
    <testcase classname=" test for mul func" name=" test for mul func" time="0">
    </testcase>
    <testcase classname=" test for mul func" name=" test for mul func" time="0">
    </testcase>
    <testcase classname=" test for mul func" name=" test for mul func" time="0">
    </testcase>
    <testcase classname=" test for mul func" name=" test for mul func" time="0">
    </testcase>
    <testcase classname=" test for mul func" name=" test for mul func" time="0">
    </testcase>
    <testcase classname=" test for mul func" name=" test for mul func" time="0.001">
    </testcase>
    <testcase classname=" test for mul func" name=" test for mul func" time="0">
    </testcase>
    <testcase classname=" test for mul func" name=" test for mul func" time="0">
    </testcase>
    <testcase classname=" test for mul func" name=" test for mul func" time="0">
    </testcase>
    <testcase classname=" test for mul func" name=" test for mul func" time="0">
    </testcase>
    <testcase classname=" test for mul func" name=" test for mul func" time="0">
    </testcase>
    <testcase classname=" test for mul func" name=" test for mul func" time="0">
    </testcase>
    <testcase classname=" test for mul func" name=" test for mul func" time="0">
    </testcase>
    <testcase classname=" test for mul func" name=" test for mul func" time="0">
    </testcase>
    <testcase classname=" test for mul func" name=" test for mul func" time="0.001">
    </testcase>
    <testcase classname=" test for mul func" name=" test for mul func" time="0">
    </testcase>
    <testcase classname=" test for mul func" name=" test for mul func" time="0">
    </testcase>
    <testcase classname=" test for mul func" name=" test for mul func" time="0">
    </testcase>
    <testcase classname=" test for mul func" name=" test for mul func" time="0">
    </testcase>
    <testcase classname=" test for mul func" name=" test for mul func" time="0">
    </testcase>
    <testcase classname=" test for mul func" name=" test for mul func" time="0">
    </testcase>
    <testcase classname=" test for mul func" name=" test for mul func" time="0">
    </testcase>
    <testcase classname=" test for mul func" name=" test for mul func" time="0.001">
    </testcase>
    <testcase classname=" test for mul func" name=" test for mul func" time="0">
    </testcase>
    <testcase classname=" test for mul func" name=" test for mul func" time="0">
    </testcase>
    <testcase classname=" test for mul func" name=" test for mul func" time="0">
    </testcase>
    <testcase classname=" test for mul func" name=" test for mul func" time="0">
    </testcase>
    <testcase classname=" test for mul func" name=" test for mul func" time="0">
    </testcase>
    <testcase classname=" test for mul func" name=" test for mul func" time="0">
    </testcase>
    <testcase classname=" test for mul func" name=" test for mul func" time="0">
    </testcase>
    <testcase classname=" test for mul func" name=" test for mul func" time="0.001">
    </testcase>
    <testcase classname=" test for mul func" name=" test for mul func" time="0">
    </testcase>
    <testcase classname=" test for mul func" name=" test for mul func" time="0">
    </testcase>
    <testcase classname=" test for mul func" name=" test for mul func" time="0">
    </testcase>
    <testcase classname=" test for mul func" name=" test for mul func" time="0">
    </testcase>
    <testcase classname=" test for mul func" name=" test for mul func" time="0">
    </testcase>
    <testcase classname=" test for mul func" name=" test for mul func" time="0.001">
    </testcase>
    <testcase classname=" test for mul func" name=" test for mul func" time="0">
    </testcase>
    <testcase classname=" test for mul func" name=" test for mul func" time="0">
    </testcase>
    <testcase classname=" test for mul func" name=" test for mul func" time="0">
    </testcase>
    <testcase classname=" test for mul func" name=" test for mul func" time="0">
    </testcase>
    <testcase classname=" test for mul func" name=" test for mul func" time="0">
    </testcase>
    <testcase classname=" test for mul func" name=" test for mul func" time="0">
    </testcase>
    <testcase classname=" test for mul func" name=" test for mul func" time="0.001">
    </testcase>
    <testcase classname=" test for mul func" name=" test for mul func" time="0">
    </testcase>
    <testcase classname=" test for mul func" name=" test for mul func" time="0">
    </testcase>
    <testcase classname=" test for mul func" name=" test for mul func" time="0">
    </testcase>
    <testcase classname=" test for mul func" name=" test for mul func" time="0">
    </testcase>
    <testcase classname=" test for mul func" name=" test for mul func" time="0">
    </testcase>
    <testcase classname=" test for mul func" name=" test for mul func" time="0">
    </testcase>
    <testcase classname=" test for mul func" name=" test for mul func" time="0">
    </testcase>
    <testcase classname=" test for mul func" name=" test for mul func" time="0.001">
    </testcase>
    <testcase classname=" test for mul func" name=" test for mul func" time="0">
    </testcase>
    <testcase classname=" test for mul func" name=" test for mul func" time="0">
    </testcase>
    <testcase classname=" test for mul func" name=" test for mul func" time="0">
    </testcase>
    <testcase classname=" test for mul func" name=" test for mul func" time="0">
    </testcase>
    <testcase classname=" test for mul func" name=" test for mul func" time="0">
    </testcase>
    <testcase classname=" test for mul func" name=" test for mul func" time="0">
    </testcase>
    <testcase classname=" test for mul func" name=" test for mul func" time="0">
    </testcase>
    <testcase classname=" test for mul func" name=" test for mul func" time="0">
    </testcase>
    <testcase classname=" test for mul func" name=" test for mul func" time="0.001">
    </testcase>
    <testcase classname=" test for mul func" name=" test for mul func" time="0">
    </testcase>
    <testcase classname=" test for mul func" name=" test for mul func" time="0">
    </testcase>
    <testcase classname=" test for mul func" name=" test for mul func" time="0">
    </testcase>
    <testcase classname=" test for mul func" name=" test for mul func" time="0">
    </testcase>
    <testcase classname=" test for mul func" name=" test for mul func" time="0">
    </testcase>
    <testcase classname=" test for mul func" name=" test for mul func" time="0">
    </testcase>
    <testcase classname=" test for mul func" name=" test for mul func" time="0">
    </testcase>
    <testcase classname=" test for mul func" name=" test for mul func" time="0.001">
    </testcase>
    <testcase classname=" test for mul func" name=" test for mul func" time="0">
    </testcase>
    <testcase classname=" test for mul func" name=" test for mul func" time="0">
    </testcase>
    <testcase classname=" test for mul func" name=" test for mul func" time="0">
    </testcase>
    <testcase classname=" test for mul func" name=" test for mul func" time="0">
    </testcase>
    <testcase classname=" test for mul func" name=" test for mul func" time="0">
    </testcase>
    <testcase classname=" test for mul func" name=" test for mul func" time="0">
    </testcase>
    <testcase classname=" test for mul func" name=" test for mul func" time="0">
    </testcase>
    <testcase classname=" test for mul func" name=" test for mul func" time="0">
    </testcase>
    <testcase classname=" test for mul func" name=" test for mul func" time="0.001">
    </testcase>
    <testcase classname=" test for mul func" name=" test for mul func" time="0">
    </testcase>
    <testcase classname=" test for mul func" name=" test for mul func" time="0">
    </testcase>
    <testcase classname=" test for mul func" name=" test for mul func" time="0">
    </testcase>
    <testcase classname=" test for mul func" name=" test for mul func" time="0">
    </testcase>
    <testcase classname=" test for mul func" name=" test for mul func" time="0">
    </testcase>
    <testcase classname=" test for mul func" name=" test for mul func" time="0">
    </testcase>
    <testcase classname=" test for mul func" name=" test for mul func" time="0">
    </testcase>
    <testcase classname=" test for mul func" name=" test for mul func" time="0">
    </testcase>
    <testcase classname=" test for mul func" name=" test for mul func" time="0">
    </testcase>
    <testcase classname=" test for mul func" name=" test for mul func" time="0">
    </testcase>
    <testcase classname=" test for mul func" name=" test for mul func" time="0">
    </testcase>
    <testcase classname=" test for mul func" name=" test for mul func" time="0">
    </testcase>
    <testcase classname=" test for mul func" name=" test for mul func" time="0">
    </testcase>
    <testcase classname=" test for mul func" name=" test for mul func" time="0">
    </testcase>
    <testcase classname=" test for mul func" name=" test for mul func" time="0">
    </testcase>
    <testcase classname=" test for mul func" name=" test for mul func" time="0">
    </testcase>
    <testcase classname=" test for mul func" name=" test for mul func" time="0.001">
    </testcase>
    <testcase classname=" test for mul func" name=" test for mul func" time="0">
    </testcase>
    <testcase classname=" test for mul func" name=" test for mul func" time="0">
    </testcase>
    <testcase classname=" test for mul func" name=" test for mul func" time="0">
    </testcase>
    <testcase classname=" test for mul func" name=" test for mul func" time="0">
    </testcase>
    <testcase classname=" test for mul func" name=" test for mul func" time="0">
    </testcase>
    <testcase classname=" test for mul func" name=" test for mul func" time="0">
    </testcase>
    <testcase classname=" test for mul func" name=" test for mul func" time="0">
    </testcase>
    <testcase classname=" test for mul func" name=" test for mul func" time="0.002">
    </testcase>
    <testcase classname=" test for mul func" name=" test for mul func" time="0">
    </testcase>
    <testcase classname=" test for mul func" name=" test for mul func" time="0">
    </testcase>
    <testcase classname=" test for mul func" name=" test for mul func" time="0.001">
    </testcase>
    <testcase classname=" test for mul func" name=" test for mul func" time="0">
    </testcase>
    <testcase classname=" test for mul func" name=" test for mul func" time="0">
    </testcase>
    <testcase classname=" test for mul func" name=" test for mul func" time="0">
    </testcase>
    <testcase classname=" test for mul func" name=" test for mul func" time="0">
    </testcase>
    <testcase classname=" test for mul func" name=" test for mul func" time="0">
    </testcase>
    <testcase classname=" test for mul func" name=" test for mul func" time="0">
    </testcase>
    <testcase classname=" test for mul func" name=" test for mul func" time="0">
    </testcase>
    <testcase classname=" test for mul func" name=" test for mul func" time="0.001">
    </testcase>
    <testcase classname=" test for mul func" name=" test for mul func" time="0">
    </testcase>
    <testcase classname=" test for mul func" name=" test for mul func" time="0">
    </testcase>
    <testcase classname=" test for mul func" name=" test for mul func" time="0">
    </testcase>
    <testcase classname=" test for mul func" name=" test for mul func" time="0">
    </testcase>
    <testcase classname=" test for mul func" name=" test for mul func" time="0">
    </testcase>
    <testcase classname=" test for mul func" name=" test for mul func" time="0">
    </testcase>
    <testcase classname=" test for mul func" name=" test for mul func" time="0">
    </testcase>
    <testcase classname=" test for mul func" name=" test for mul func" time="0.001">
    </testcase>
    <testcase classname=" test for mul func" name=" test for mul func" time="0">
    </testcase>
    <testcase classname=" test for mul func" name=" test for mul func" time="0">
    </testcase>
    <testcase classname=" test for mul func" name=" test for mul func" time="0">
    </testcase>
    <testcase classname=" test for mul func" name=" test for mul func" time="0">
    </testcase>
    <testcase classname=" test for mul func" name=" test for mul func" time="0">
    </testcase>
    <testcase classname=" test for mul func" name=" test for mul func" time="0">
    </testcase>
    <testcase classname=" test for mul func" name=" test for mul func" time="0.001">
    </testcase>
    <testcase classname=" test for mul func" name=" test for mul func" time="0">
    </testcase>
    <testcase classname=" test for mul func" name=" test for mul func" time="0">
    </testcase>
    <testcase classname=" test for mul func" name=" test for mul func" time="0">
    </testcase>
    <testcase classname=" test for mul func" name=" test for mul func" time="0">
    </testcase>
    <testcase classname=" test for mul func" name=" test for mul func" time="0">
    </testcase>
    <testcase classname=" test for mul func" name=" test for mul func" time="0.001">
    </testcase>
    <testcase classname=" test for mul func" name=" test for mul func" time="0">
    </testcase>
    <testcase classname=" test for mul func" name=" test for mul func" time="0">
    </testcase>
    <testcase classname=" test for mul func" name=" test for mul func" time="0">
    </testcase>
    <testcase classname=" test for mul func" name=" test for mul func" time="0">
    </testcase>
    <testcase classname=" test for mul func" name=" test for mul func" time="0">
    </testcase>
  </testsuite>
  <testsuite name="undefined" errors="0" failures="0" skipped="0" timestamp="2020-09-01T02:18:13" time="1.251" tests="1501">
    <testcase classname=" test for mul func" name=" test for mul func" time="0.001">
    </testcase>
    <testcase classname=" test for mul func" name=" test for mul func" time="0">
    </testcase>
    <testcase classname=" test for mul func" name=" test for mul func" time="0">
    </testcase>
    <testcase classname=" test for mul func" name=" test for mul func" time="0">
    </testcase>
    <testcase classname=" test for mul func" name=" test for mul func" time="0">
    </testcase>
    <testcase classname=" test for mul func" name=" test for mul func" time="0.001">
    </testcase>
    <testcase classname=" test for mul func" name=" test for mul func" time="0">
    </testcase>
    <testcase classname=" test for mul func" name=" test for mul func" time="0">
    </testcase>
    <testcase classname=" test for mul func" name=" test for mul func" time="0">
    </testcase>
    <testcase classname=" test for mul func" name=" test for mul func" time="0.001">
    </testcase>
    <testcase classname=" test for mul func" name=" test for mul func" time="0">
    </testcase>
    <testcase classname=" test for mul func" name=" test for mul func" time="0">
    </testcase>
    <testcase classname=" test for mul func" name=" test for mul func" time="0">
    </testcase>
    <testcase classname=" test for mul func" name=" test for mul func" time="0">
    </testcase>
    <testcase classname=" test for mul func" name=" test for mul func" time="0">
    </testcase>
    <testcase classname=" test for mul func" name=" test for mul func" time="0">
    </testcase>
    <testcase classname=" test for mul func" name=" test for mul func" time="0">
    </testcase>
    <testcase classname=" test for mul func" name=" test for mul func" time="0">
    </testcase>
    <testcase classname=" test for mul func" name=" test for mul func" time="0.001">
    </testcase>
    <testcase classname=" test for mul func" name=" test for mul func" time="0">
    </testcase>
    <testcase classname=" test for mul func" name=" test for mul func" time="0">
    </testcase>
    <testcase classname=" test for mul func" name=" test for mul func" time="0">
    </testcase>
    <testcase classname=" test for mul func" name=" test for mul func" time="0">
    </testcase>
    <testcase classname=" test for mul func" name=" test for mul func" time="0">
    </testcase>
    <testcase classname=" test for mul func" name=" test for mul func" time="0.001">
    </testcase>
    <testcase classname=" test for mul func" name=" test for mul func" time="0">
    </testcase>
    <testcase classname=" test for mul func" name=" test for mul func" time="0">
    </testcase>
    <testcase classname=" test for mul func" name=" test for mul func" time="0">
    </testcase>
    <testcase classname=" test for mul func" name=" test for mul func" time="0">
    </testcase>
    <testcase classname=" test for mul func" name=" test for mul func" time="0.001">
    </testcase>
    <testcase classname=" test for mul func" name=" test for mul func" time="0">
    </testcase>
    <testcase classname=" test for mul func" name=" test for mul func" time="0">
    </testcase>
    <testcase classname=" test for mul func" name=" test for mul func" time="0">
    </testcase>
    <testcase classname=" test for mul func" name=" test for mul func" time="0">
    </testcase>
    <testcase classname=" test for mul func" name=" test for mul func" time="0.001">
    </testcase>
    <testcase classname=" test for mul func" name=" test for mul func" time="0">
    </testcase>
    <testcase classname=" test for mul func" name=" test for mul func" time="0">
    </testcase>
    <testcase classname=" test for mul func" name=" test for mul func" time="0">
    </testcase>
    <testcase classname=" test for mul func" name=" test for mul func" time="0">
    </testcase>
    <testcase classname=" test for mul func" name=" test for mul func" time="0">
    </testcase>
    <testcase classname=" test for mul func" name=" test for mul func" time="0">
    </testcase>
    <testcase classname=" test for mul func" name=" test for mul func" time="0">
    </testcase>
    <testcase classname=" test for mul func" name=" test for mul func" time="0">
    </testcase>
    <testcase classname=" test for mul func" name=" test for mul func" time="0.001">
    </testcase>
    <testcase classname=" test for mul func" name=" test for mul func" time="0">
    </testcase>
    <testcase classname=" test for mul func" name=" test for mul func" time="0">
    </testcase>
    <testcase classname=" test for mul func" name=" test for mul func" time="0">
    </testcase>
    <testcase classname=" test for mul func" name=" test for mul func" time="0">
    </testcase>
    <testcase classname=" test for mul func" name=" test for mul func" time="0.001">
    </testcase>
    <testcase classname=" test for mul func" name=" test for mul func" time="0">
    </testcase>
    <testcase classname=" test for mul func" name=" test for mul func" time="0">
    </testcase>
    <testcase classname=" test for mul func" name=" test for mul func" time="0">
    </testcase>
    <testcase classname=" test for mul func" name=" test for mul func" time="0">
    </testcase>
    <testcase classname=" test for mul func" name=" test for mul func" time="0">
    </testcase>
    <testcase classname=" test for mul func" name=" test for mul func" time="0.001">
    </testcase>
    <testcase classname=" test for mul func" name=" test for mul func" time="0">
    </testcase>
    <testcase classname=" test for mul func" name=" test for mul func" time="0">
    </testcase>
    <testcase classname=" test for mul func" name=" test for mul func" time="0">
    </testcase>
    <testcase classname=" test for mul func" name=" test for mul func" time="0">
    </testcase>
    <testcase classname=" test for mul func" name=" test for mul func" time="0">
    </testcase>
    <testcase classname=" test for mul func" name=" test for mul func" time="0">
    </testcase>
    <testcase classname=" test for mul func" name=" test for mul func" time="0">
    </testcase>
    <testcase classname=" test for mul func" name=" test for mul func" time="0">
    </testcase>
    <testcase classname=" test for mul func" name=" test for mul func" time="0">
    </testcase>
    <testcase classname=" test for mul func" name=" test for mul func" time="0">
    </testcase>
    <testcase classname=" test for mul func" name=" test for mul func" time="0.001">
    </testcase>
    <testcase classname=" test for mul func" name=" test for mul func" time="0">
    </testcase>
    <testcase classname=" test for mul func" name=" test for mul func" time="0">
    </testcase>
    <testcase classname=" test for mul func" name=" test for mul func" time="0">
    </testcase>
    <testcase classname=" test for mul func" name=" test for mul func" time="0">
    </testcase>
    <testcase classname=" test for mul func" name=" test for mul func" time="0">
    </testcase>
    <testcase classname=" test for mul func" name=" test for mul func" time="0.001">
    </testcase>
    <testcase classname=" test for mul func" name=" test for mul func" time="0">
    </testcase>
    <testcase classname=" test for mul func" name=" test for mul func" time="0">
    </testcase>
    <testcase classname=" test for mul func" name=" test for mul func" time="0">
    </testcase>
    <testcase classname=" test for mul func" name=" test for mul func" time="0">
    </testcase>
    <testcase classname=" test for mul func" name=" test for mul func" time="0">
    </testcase>
    <testcase classname=" test for mul func" name=" test for mul func" time="0">
    </testcase>
    <testcase classname=" test for mul func" name=" test for mul func" time="0">
    </testcase>
    <testcase classname=" test for mul func" name=" test for mul func" time="0">
    </testcase>
    <testcase classname=" test for mul func" name=" test for mul func" time="0">
    </testcase>
    <testcase classname=" test for mul func" name=" test for mul func" time="0">
    </testcase>
    <testcase classname=" test for mul func" name=" test for mul func" time="0.001">
    </testcase>
    <testcase classname=" test for mul func" name=" test for mul func" time="0">
    </testcase>
    <testcase classname=" test for mul func" name=" test for mul func" time="0">
    </testcase>
    <testcase classname=" test for mul func" name=" test for mul func" time="0">
    </testcase>
    <testcase classname=" test for mul func" name=" test for mul func" time="0">
    </testcase>
    <testcase classname=" test for mul func" name=" test for mul func" time="0">
    </testcase>
    <testcase classname=" test for mul func" name=" test for mul func" time="0.001">
    </testcase>
    <testcase classname=" test for mul func" name=" test for mul func" time="0">
    </testcase>
    <testcase classname=" test for mul func" name=" test for mul func" time="0">
    </testcase>
    <testcase classname=" test for mul func" name=" test for mul func" time="0">
    </testcase>
    <testcase classname=" test for mul func" name=" test for mul func" time="0">
    </testcase>
    <testcase classname=" test for mul func" name=" test for mul func" time="0">
    </testcase>
    <testcase classname=" test for mul func" name=" test for mul func" time="0.001">
    </testcase>
    <testcase classname=" test for mul func" name=" test for mul func" time="0">
    </testcase>
    <testcase classname=" test for mul func" name=" test for mul func" time="0">
    </testcase>
    <testcase classname=" test for mul func" name=" test for mul func" time="0">
    </testcase>
    <testcase classname=" test for mul func" name=" test for mul func" time="0">
    </testcase>
    <testcase classname=" test for mul func" name=" test for mul func" time="0.001">
    </testcase>
    <testcase classname=" test for mul func" name=" test for mul func" time="0">
    </testcase>
    <testcase classname=" test for mul func" name=" test for mul func" time="0">
    </testcase>
    <testcase classname=" test for mul func" name=" test for mul func" time="0">
    </testcase>
    <testcase classname=" test for mul func" name=" test for mul func" time="0">
    </testcase>
    <testcase classname=" test for mul func" name=" test for mul func" time="0">
    </testcase>
    <testcase classname=" test for mul func" name=" test for mul func" time="0">
    </testcase>
    <testcase classname=" test for mul func" name=" test for mul func" time="0">
    </testcase>
    <testcase classname=" test for mul func" name=" test for mul func" time="0">
    </testcase>
    <testcase classname=" test for mul func" name=" test for mul func" time="0">
    </testcase>
    <testcase classname=" test for mul func" name=" test for mul func" time="0">
    </testcase>
    <testcase classname=" test for mul func" name=" test for mul func" time="0">
    </testcase>
    <testcase classname=" test for mul func" name=" test for mul func" time="0">
    </testcase>
    <testcase classname=" test for mul func" name=" test for mul func" time="0">
    </testcase>
    <testcase classname=" test for mul func" name=" test for mul func" time="0">
    </testcase>
    <testcase classname=" test for mul func" name=" test for mul func" time="0">
    </testcase>
    <testcase classname=" test for mul func" name=" test for mul func" time="0">
    </testcase>
    <testcase classname=" test for mul func" name=" test for mul func" time="0.001">
    </testcase>
    <testcase classname=" test for mul func" name=" test for mul func" time="0">
    </testcase>
    <testcase classname=" test for mul func" name=" test for mul func" time="0">
    </testcase>
    <testcase classname=" test for mul func" name=" test for mul func" time="0">
    </testcase>
    <testcase classname=" test for mul func" name=" test for mul func" time="0">
    </testcase>
    <testcase classname=" test for mul func" name=" test for mul func" time="0">
    </testcase>
    <testcase classname=" test for mul func" name=" test for mul func" time="0.001">
    </testcase>
    <testcase classname=" test for mul func" name=" test for mul func" time="0">
    </testcase>
    <testcase classname=" test for mul func" name=" test for mul func" time="0">
    </testcase>
    <testcase classname=" test for mul func" name=" test for mul func" time="0">
    </testcase>
    <testcase classname=" test for mul func" name=" test for mul func" time="0">
    </testcase>
    <testcase classname=" test for mul func" name=" test for mul func" time="0">
    </testcase>
    <testcase classname=" test for mul func" name=" test for mul func" time="0">
    </testcase>
    <testcase classname=" test for mul func" name=" test for mul func" time="0">
    </testcase>
    <testcase classname=" test for mul func" name=" test for mul func" time="0">
    </testcase>
    <testcase classname=" test for mul func" name=" test for mul func" time="0">
    </testcase>
    <testcase classname=" test for mul func" name=" test for mul func" time="0">
    </testcase>
    <testcase classname=" test for mul func" name=" test for mul func" time="0.001">
    </testcase>
    <testcase classname=" test for mul func" name=" test for mul func" time="0">
    </testcase>
    <testcase classname=" test for mul func" name=" test for mul func" time="0">
    </testcase>
    <testcase classname=" test for mul func" name=" test for mul func" time="0">
    </testcase>
    <testcase classname=" test for mul func" name=" test for mul func" time="0">
    </testcase>
    <testcase classname=" test for mul func" name=" test for mul func" time="0">
    </testcase>
    <testcase classname=" test for mul func" name=" test for mul func" time="0.001">
    </testcase>
    <testcase classname=" test for mul func" name=" test for mul func" time="0">
    </testcase>
    <testcase classname=" test for mul func" name=" test for mul func" time="0">
    </testcase>
    <testcase classname=" test for mul func" name=" test for mul func" time="0">
    </testcase>
    <testcase classname=" test for mul func" name=" test for mul func" time="0">
    </testcase>
    <testcase classname=" test for mul func" name=" test for mul func" time="0">
    </testcase>
    <testcase classname=" test for mul func" name=" test for mul func" time="0.001">
    </testcase>
    <testcase classname=" test for mul func" name=" test for mul func" time="0">
    </testcase>
    <testcase classname=" test for mul func" name=" test for mul func" time="0">
    </testcase>
    <testcase classname=" test for mul func" name=" test for mul func" time="0">
    </testcase>
    <testcase classname=" test for mul func" name=" test for mul func" time="0">
    </testcase>
    <testcase classname=" test for mul func" name=" test for mul func" time="0">
    </testcase>
    <testcase classname=" test for mul func" name=" test for mul func" time="0">
    </testcase>
    <testcase classname=" test for mul func" name=" test for mul func" time="0">
    </testcase>
    <testcase classname=" test for mul func" name=" test for mul func" time="0">
    </testcase>
    <testcase classname=" test for mul func" name=" test for mul func" time="0">
    </testcase>
    <testcase classname=" test for mul func" name=" test for mul func" time="0">
    </testcase>
    <testcase classname=" test for mul func" name=" test for mul func" time="0">
    </testcase>
    <testcase classname=" test for mul func" name=" test for mul func" time="0">
    </testcase>
    <testcase classname=" test for mul func" name=" test for mul func" time="0">
    </testcase>
    <testcase classname=" test for mul func" name=" test for mul func" time="0">
    </testcase>
    <testcase classname=" test for mul func" name=" test for mul func" time="0">
    </testcase>
    <testcase classname=" test for mul func" name=" test for mul func" time="0">
    </testcase>
    <testcase classname=" test for mul func" name=" test for mul func" time="0.001">
    </testcase>
    <testcase classname=" test for mul func" name=" test for mul func" time="0">
    </testcase>
    <testcase classname=" test for mul func" name=" test for mul func" time="0">
    </testcase>
    <testcase classname=" test for mul func" name=" test for mul func" time="0">
    </testcase>
    <testcase classname=" test for mul func" name=" test for mul func" time="0">
    </testcase>
    <testcase classname=" test for mul func" name=" test for mul func" time="0">
    </testcase>
    <testcase classname=" test for mul func" name=" test for mul func" time="0.001">
    </testcase>
    <testcase classname=" test for mul func" name=" test for mul func" time="0">
    </testcase>
    <testcase classname=" test for mul func" name=" test for mul func" time="0">
    </testcase>
    <testcase classname=" test for mul func" name=" test for mul func" time="0">
    </testcase>
    <testcase classname=" test for mul func" name=" test for mul func" time="0">
    </testcase>
    <testcase classname=" test for mul func" name=" test for mul func" time="0">
    </testcase>
    <testcase classname=" test for mul func" name=" test for mul func" time="0.001">
    </testcase>
    <testcase classname=" test for mul func" name=" test for mul func" time="0">
    </testcase>
    <testcase classname=" test for mul func" name=" test for mul func" time="0">
    </testcase>
    <testcase classname=" test for mul func" name=" test for mul func" time="0">
    </testcase>
    <testcase classname=" test for mul func" name=" test for mul func" time="0">
    </testcase>
    <testcase classname=" test for mul func" name=" test for mul func" time="0">
    </testcase>
    <testcase classname=" test for mul func" name=" test for mul func" time="0">
    </testcase>
    <testcase classname=" test for mul func" name=" test for mul func" time="0">
    </testcase>
    <testcase classname=" test for mul func" name=" test for mul func" time="0">
    </testcase>
    <testcase classname=" test for mul func" name=" test for mul func" time="0.002">
    </testcase>
    <testcase classname=" test for mul func" name=" test for mul func" time="0">
    </testcase>
    <testcase classname=" test for mul func" name=" test for mul func" time="0">
    </testcase>
    <testcase classname=" test for mul func" name=" test for mul func" time="0.001">
    </testcase>
    <testcase classname=" test for mul func" name=" test for mul func" time="0">
    </testcase>
    <testcase classname=" test for mul func" name=" test for mul func" time="0">
    </testcase>
    <testcase classname=" test for mul func" name=" test for mul func" time="0">
    </testcase>
    <testcase classname=" test for mul func" name=" test for mul func" time="0">
    </testcase>
    <testcase classname=" test for mul func" name=" test for mul func" time="0">
    </testcase>
    <testcase classname=" test for mul func" name=" test for mul func" time="0">
    </testcase>
    <testcase classname=" test for mul func" name=" test for mul func" time="0">
    </testcase>
    <testcase classname=" test for mul func" name=" test for mul func" time="0">
    </testcase>
    <testcase classname=" test for mul func" name=" test for mul func" time="0">
    </testcase>
    <testcase classname=" test for mul func" name=" test for mul func" time="0">
    </testcase>
    <testcase classname=" test for mul func" name=" test for mul func" time="0.001">
    </testcase>
    <testcase classname=" test for mul func" name=" test for mul func" time="0">
    </testcase>
    <testcase classname=" test for mul func" name=" test for mul func" time="0">
    </testcase>
    <testcase classname=" test for mul func" name=" test for mul func" time="0">
    </testcase>
    <testcase classname=" test for mul func" name=" test for mul func" time="0">
    </testcase>
    <testcase classname=" test for mul func" name=" test for mul func" time="0">
    </testcase>
    <testcase classname=" test for mul func" name=" test for mul func" time="0.001">
    </testcase>
    <testcase classname=" test for mul func" name=" test for mul func" time="0">
    </testcase>
    <testcase classname=" test for mul func" name=" test for mul func" time="0">
    </testcase>
    <testcase classname=" test for mul func" name=" test for mul func" time="0">
    </testcase>
    <testcase classname=" test for mul func" name=" test for mul func" time="0">
    </testcase>
    <testcase classname=" test for mul func" name=" test for mul func" time="0">
    </testcase>
    <testcase classname=" test for mul func" name=" test for mul func" time="0">
    </testcase>
    <testcase classname=" test for mul func" name=" test for mul func" time="0">
    </testcase>
    <testcase classname=" test for mul func" name=" test for mul func" time="0">
    </testcase>
    <testcase classname=" test for mul func" name=" test for mul func" time="0">
    </testcase>
    <testcase classname=" test for mul func" name=" test for mul func" time="0">
    </testcase>
    <testcase classname=" test for mul func" name=" test for mul func" time="0">
    </testcase>
    <testcase classname=" test for mul func" name=" test for mul func" time="0">
    </testcase>
    <testcase classname=" test for mul func" name=" test for mul func" time="0">
    </testcase>
    <testcase classname=" test for mul func" name=" test for mul func" time="0">
    </testcase>
    <testcase classname=" test for mul func" name=" test for mul func" time="0">
    </testcase>
    <testcase classname=" test for mul func" name=" test for mul func" time="0">
    </testcase>
    <testcase classname=" test for mul func" name=" test for mul func" time="0.001">
    </testcase>
    <testcase classname=" test for mul func" name=" test for mul func" time="0">
    </testcase>
    <testcase classname=" test for mul func" name=" test for mul func" time="0">
    </testcase>
    <testcase classname=" test for mul func" name=" test for mul func" time="0">
    </testcase>
    <testcase classname=" test for mul func" name=" test for mul func" time="0">
    </testcase>
    <testcase classname=" test for mul func" name=" test for mul func" time="0">
    </testcase>
    <testcase classname=" test for mul func" name=" test for mul func" time="0.001">
    </testcase>
    <testcase classname=" test for mul func" name=" test for mul func" time="0">
    </testcase>
    <testcase classname=" test for mul func" name=" test for mul func" time="0">
    </testcase>
    <testcase classname=" test for mul func" name=" test for mul func" time="0">
    </testcase>
    <testcase classname=" test for mul func" name=" test for mul func" time="0">
    </testcase>
    <testcase classname=" test for mul func" name=" test for mul func" time="0">
    </testcase>
    <testcase classname=" test for mul func" name=" test for mul func" time="0.001">
    </testcase>
    <testcase classname=" test for mul func" name=" test for mul func" time="0">
    </testcase>
    <testcase classname=" test for mul func" name=" test for mul func" time="0">
    </testcase>
    <testcase classname=" test for mul func" name=" test for mul func" time="0">
    </testcase>
    <testcase classname=" test for mul func" name=" test for mul func" time="0">
    </testcase>
    <testcase classname=" test for mul func" name=" test for mul func" time="0">
    </testcase>
    <testcase classname=" test for mul func" name=" test for mul func" time="0.001">
    </testcase>
    <testcase classname=" test for mul func" name=" test for mul func" time="0">
    </testcase>
    <testcase classname=" test for mul func" name=" test for mul func" time="0">
    </testcase>
    <testcase classname=" test for mul func" name=" test for mul func" time="0">
    </testcase>
    <testcase classname=" test for mul func" name=" test for mul func" time="0">
    </testcase>
    <testcase classname=" test for mul func" name=" test for mul func" time="0">
    </testcase>
    <testcase classname=" test for mul func" name=" test for mul func" time="0.001">
    </testcase>
    <testcase classname=" test for mul func" name=" test for mul func" time="0">
    </testcase>
    <testcase classname=" test for mul func" name=" test for mul func" time="0">
    </testcase>
    <testcase classname=" test for mul func" name=" test for mul func" time="0">
    </testcase>
    <testcase classname=" test for mul func" name=" test for mul func" time="0">
    </testcase>
    <testcase classname=" test for mul func" name=" test for mul func" time="0">
    </testcase>
    <testcase classname=" test for mul func" name=" test for mul func" time="0">
    </testcase>
    <testcase classname=" test for mul func" name=" test for mul func" time="0">
    </testcase>
    <testcase classname=" test for mul func" name=" test for mul func" time="0">
    </testcase>
    <testcase classname=" test for mul func" name=" test for mul func" time="0">
    </testcase>
    <testcase classname=" test for mul func" name=" test for mul func" time="0">
    </testcase>
    <testcase classname=" test for mul func" name=" test for mul func" time="0.001">
    </testcase>
    <testcase classname=" test for mul func" name=" test for mul func" time="0">
    </testcase>
    <testcase classname=" test for mul func" name=" test for mul func" time="0">
    </testcase>
    <testcase classname=" test for mul func" name=" test for mul func" time="0">
    </testcase>
    <testcase classname=" test for mul func" name=" test for mul func" time="0">
    </testcase>
    <testcase classname=" test for mul func" name=" test for mul func" time="0">
    </testcase>
    <testcase classname=" test for mul func" name=" test for mul func" time="0.001">
    </testcase>
    <testcase classname=" test for mul func" name=" test for mul func" time="0">
    </testcase>
    <testcase classname=" test for mul func" name=" test for mul func" time="0">
    </testcase>
    <testcase classname=" test for mul func" name=" test for mul func" time="0">
    </testcase>
    <testcase classname=" test for mul func" name=" test for mul func" time="0">
    </testcase>
    <testcase classname=" test for mul func" name=" test for mul func" time="0">
    </testcase>
    <testcase classname=" test for mul func" name=" test for mul func" time="0.001">
    </testcase>
    <testcase classname=" test for mul func" name=" test for mul func" time="0">
    </testcase>
    <testcase classname=" test for mul func" name=" test for mul func" time="0">
    </testcase>
    <testcase classname=" test for mul func" name=" test for mul func" time="0">
    </testcase>
    <testcase classname=" test for mul func" name=" test for mul func" time="0">
    </testcase>
    <testcase classname=" test for mul func" name=" test for mul func" time="0">
    </testcase>
    <testcase classname=" test for mul func" name=" test for mul func" time="0">
    </testcase>
    <testcase classname=" test for mul func" name=" test for mul func" time="0">
    </testcase>
    <testcase classname=" test for mul func" name=" test for mul func" time="0">
    </testcase>
    <testcase classname=" test for mul func" name=" test for mul func" time="0">
    </testcase>
    <testcase classname=" test for mul func" name=" test for mul func" time="0">
    </testcase>
    <testcase classname=" test for mul func" name=" test for mul func" time="0">
    </testcase>
    <testcase classname=" test for mul func" name=" test for mul func" time="0">
    </testcase>
    <testcase classname=" test for mul func" name=" test for mul func" time="0">
    </testcase>
    <testcase classname=" test for mul func" name=" test for mul func" time="0">
    </testcase>
    <testcase classname=" test for mul func" name=" test for mul func" time="0">
    </testcase>
    <testcase classname=" test for mul func" name=" test for mul func" time="0">
    </testcase>
    <testcase classname=" test for mul func" name=" test for mul func" time="0">
    </testcase>
    <testcase classname=" test for mul func" name=" test for mul func" time="0">
    </testcase>
    <testcase classname=" test for mul func" name=" test for mul func" time="0">
    </testcase>
    <testcase classname=" test for mul func" name=" test for mul func" time="0">
    </testcase>
    <testcase classname=" test for mul func" name=" test for mul func" time="0">
    </testcase>
    <testcase classname=" test for mul func" name=" test for mul func" time="0">
    </testcase>
    <testcase classname=" test for mul func" name=" test for mul func" time="0">
    </testcase>
    <testcase classname=" test for mul func" name=" test for mul func" time="0">
    </testcase>
    <testcase classname=" test for mul func" name=" test for mul func" time="0">
    </testcase>
    <testcase classname=" test for mul func" name=" test for mul func" time="0">
    </testcase>
    <testcase classname=" test for mul func" name=" test for mul func" time="0">
    </testcase>
    <testcase classname=" test for mul func" name=" test for mul func" time="0">
    </testcase>
    <testcase classname=" test for mul func" name=" test for mul func" time="0.001">
    </testcase>
    <testcase classname=" test for mul func" name=" test for mul func" time="0">
    </testcase>
    <testcase classname=" test for mul func" name=" test for mul func" time="0">
    </testcase>
    <testcase classname=" test for mul func" name=" test for mul func" time="0">
    </testcase>
    <testcase classname=" test for mul func" name=" test for mul func" time="0">
    </testcase>
    <testcase classname=" test for mul func" name=" test for mul func" time="0">
    </testcase>
    <testcase classname=" test for mul func" name=" test for mul func" time="0.001">
    </testcase>
    <testcase classname=" test for mul func" name=" test for mul func" time="0">
    </testcase>
    <testcase classname=" test for mul func" name=" test for mul func" time="0">
    </testcase>
    <testcase classname=" test for mul func" name=" test for mul func" time="0">
    </testcase>
    <testcase classname=" test for mul func" name=" test for mul func" time="0">
    </testcase>
    <testcase classname=" test for mul func" name=" test for mul func" time="0">
    </testcase>
    <testcase classname=" test for mul func" name=" test for mul func" time="0.001">
    </testcase>
    <testcase classname=" test for mul func" name=" test for mul func" time="0">
    </testcase>
    <testcase classname=" test for mul func" name=" test for mul func" time="0">
    </testcase>
    <testcase classname=" test for mul func" name=" test for mul func" time="0">
    </testcase>
    <testcase classname=" test for mul func" name=" test for mul func" time="0">
    </testcase>
    <testcase classname=" test for mul func" name=" test for mul func" time="0">
    </testcase>
    <testcase classname=" test for mul func" name=" test for mul func" time="0.001">
    </testcase>
    <testcase classname=" test for mul func" name=" test for mul func" time="0">
    </testcase>
    <testcase classname=" test for mul func" name=" test for mul func" time="0">
    </testcase>
    <testcase classname=" test for mul func" name=" test for mul func" time="0">
    </testcase>
    <testcase classname=" test for mul func" name=" test for mul func" time="0">
    </testcase>
    <testcase classname=" test for mul func" name=" test for mul func" time="0">
    </testcase>
    <testcase classname=" test for mul func" name=" test for mul func" time="0.001">
    </testcase>
    <testcase classname=" test for mul func" name=" test for mul func" time="0">
    </testcase>
    <testcase classname=" test for mul func" name=" test for mul func" time="0">
    </testcase>
    <testcase classname=" test for mul func" name=" test for mul func" time="0">
    </testcase>
    <testcase classname=" test for mul func" name=" test for mul func" time="0">
    </testcase>
    <testcase classname=" test for mul func" name=" test for mul func" time="0">
    </testcase>
    <testcase classname=" test for mul func" name=" test for mul func" time="0.001">
    </testcase>
    <testcase classname=" test for mul func" name=" test for mul func" time="0">
    </testcase>
    <testcase classname=" test for mul func" name=" test for mul func" time="0">
    </testcase>
    <testcase classname=" test for mul func" name=" test for mul func" time="0">
    </testcase>
    <testcase classname=" test for mul func" name=" test for mul func" time="0">
    </testcase>
    <testcase classname=" test for mul func" name=" test for mul func" time="0">
    </testcase>
    <testcase classname=" test for mul func" name=" test for mul func" time="0.001">
    </testcase>
    <testcase classname=" test for mul func" name=" test for mul func" time="0">
    </testcase>
    <testcase classname=" test for mul func" name=" test for mul func" time="0">
    </testcase>
    <testcase classname=" test for mul func" name=" test for mul func" time="0">
    </testcase>
    <testcase classname=" test for mul func" name=" test for mul func" time="0">
    </testcase>
    <testcase classname=" test for mul func" name=" test for mul func" time="0">
    </testcase>
    <testcase classname=" test for mul func" name=" test for mul func" time="0.001">
    </testcase>
    <testcase classname=" test for mul func" name=" test for mul func" time="0">
    </testcase>
    <testcase classname=" test for mul func" name=" test for mul func" time="0">
    </testcase>
    <testcase classname=" test for mul func" name=" test for mul func" time="0">
    </testcase>
    <testcase classname=" test for mul func" name=" test for mul func" time="0">
    </testcase>
    <testcase classname=" test for mul func" name=" test for mul func" time="0.002">
    </testcase>
    <testcase classname=" test for mul func" name=" test for mul func" time="0">
    </testcase>
    <testcase classname=" test for mul func" name=" test for mul func" time="0.001">
    </testcase>
    <testcase classname=" test for mul func" name=" test for mul func" time="0">
    </testcase>
    <testcase classname=" test for mul func" name=" test for mul func" time="0">
    </testcase>
    <testcase classname=" test for mul func" name=" test for mul func" time="0">
    </testcase>
    <testcase classname=" test for mul func" name=" test for mul func" time="0">
    </testcase>
    <testcase classname=" test for mul func" name=" test for mul func" time="0">
    </testcase>
    <testcase classname=" test for mul func" name=" test for mul func" time="0.001">
    </testcase>
    <testcase classname=" test for mul func" name=" test for mul func" time="0">
    </testcase>
    <testcase classname=" test for mul func" name=" test for mul func" time="0">
    </testcase>
    <testcase classname=" test for mul func" name=" test for mul func" time="0">
    </testcase>
    <testcase classname=" test for mul func" name=" test for mul func" time="0">
    </testcase>
    <testcase classname=" test for mul func" name=" test for mul func" time="0">
    </testcase>
    <testcase classname=" test for mul func" name=" test for mul func" time="0.001">
    </testcase>
    <testcase classname=" test for mul func" name=" test for mul func" time="0">
    </testcase>
    <testcase classname=" test for mul func" name=" test for mul func" time="0">
    </testcase>
    <testcase classname=" test for mul func" name=" test for mul func" time="0">
    </testcase>
    <testcase classname=" test for mul func" name=" test for mul func" time="0">
    </testcase>
    <testcase classname=" test for mul func" name=" test for mul func" time="0">
    </testcase>
    <testcase classname=" test for mul func" name=" test for mul func" time="0.001">
    </testcase>
    <testcase classname=" test for mul func" name=" test for mul func" time="0">
    </testcase>
    <testcase classname=" test for mul func" name=" test for mul func" time="0">
    </testcase>
    <testcase classname=" test for mul func" name=" test for mul func" time="0">
    </testcase>
    <testcase classname=" test for mul func" name=" test for mul func" time="0">
    </testcase>
    <testcase classname=" test for mul func" name=" test for mul func" time="0">
    </testcase>
    <testcase classname=" test for mul func" name=" test for mul func" time="0.001">
    </testcase>
    <testcase classname=" test for mul func" name=" test for mul func" time="0">
    </testcase>
    <testcase classname=" test for mul func" name=" test for mul func" time="0">
    </testcase>
    <testcase classname=" test for mul func" name=" test for mul func" time="0">
    </testcase>
    <testcase classname=" test for mul func" name=" test for mul func" time="0">
    </testcase>
    <testcase classname=" test for mul func" name=" test for mul func" time="0">
    </testcase>
    <testcase classname=" test for mul func" name=" test for mul func" time="0.001">
    </testcase>
    <testcase classname=" test for mul func" name=" test for mul func" time="0">
    </testcase>
    <testcase classname=" test for mul func" name=" test for mul func" time="0">
    </testcase>
    <testcase classname=" test for mul func" name=" test for mul func" time="0">
    </testcase>
    <testcase classname=" test for mul func" name=" test for mul func" time="0">
    </testcase>
    <testcase classname=" test for mul func" name=" test for mul func" time="0">
    </testcase>
    <testcase classname=" test for mul func" name=" test for mul func" time="0.001">
    </testcase>
    <testcase classname=" test for mul func" name=" test for mul func" time="0">
    </testcase>
    <testcase classname=" test for mul func" name=" test for mul func" time="0">
    </testcase>
    <testcase classname=" test for mul func" name=" test for mul func" time="0">
    </testcase>
    <testcase classname=" test for mul func" name=" test for mul func" time="0">
    </testcase>
    <testcase classname=" test for mul func" name=" test for mul func" time="0">
    </testcase>
    <testcase classname=" test for mul func" name=" test for mul func" time="0.001">
    </testcase>
    <testcase classname=" test for mul func" name=" test for mul func" time="0">
    </testcase>
    <testcase classname=" test for mul func" name=" test for mul func" time="0">
    </testcase>
    <testcase classname=" test for mul func" name=" test for mul func" time="0">
    </testcase>
    <testcase classname=" test for mul func" name=" test for mul func" time="0">
    </testcase>
    <testcase classname=" test for mul func" name=" test for mul func" time="0">
    </testcase>
    <testcase classname=" test for mul func" name=" test for mul func" time="0.001">
    </testcase>
    <testcase classname=" test for mul func" name=" test for mul func" time="0">
    </testcase>
    <testcase classname=" test for mul func" name=" test for mul func" time="0">
    </testcase>
    <testcase classname=" test for mul func" name=" test for mul func" time="0">
    </testcase>
    <testcase classname=" test for mul func" name=" test for mul func" time="0">
    </testcase>
    <testcase classname=" test for mul func" name=" test for mul func" time="0">
    </testcase>
    <testcase classname=" test for mul func" name=" test for mul func" time="0.001">
    </testcase>
    <testcase classname=" test for mul func" name=" test for mul func" time="0">
    </testcase>
    <testcase classname=" test for mul func" name=" test for mul func" time="0">
    </testcase>
    <testcase classname=" test for mul func" name=" test for mul func" time="0">
    </testcase>
    <testcase classname=" test for mul func" name=" test for mul func" time="0">
    </testcase>
    <testcase classname=" test for mul func" name=" test for mul func" time="0">
    </testcase>
    <testcase classname=" test for mul func" name=" test for mul func" time="0.001">
    </testcase>
    <testcase classname=" test for mul func" name=" test for mul func" time="0">
    </testcase>
    <testcase classname=" test for mul func" name=" test for mul func" time="0">
    </testcase>
    <testcase classname=" test for mul func" name=" test for mul func" time="0">
    </testcase>
    <testcase classname=" test for mul func" name=" test for mul func" time="0">
    </testcase>
    <testcase classname=" test for mul func" name=" test for mul func" time="0">
    </testcase>
    <testcase classname=" test for mul func" name=" test for mul func" time="0.001">
    </testcase>
    <testcase classname=" test for mul func" name=" test for mul func" time="0">
    </testcase>
    <testcase classname=" test for mul func" name=" test for mul func" time="0">
    </testcase>
    <testcase classname=" test for mul func" name=" test for mul func" time="0">
    </testcase>
    <testcase classname=" test for mul func" name=" test for mul func" time="0">
    </testcase>
    <testcase classname=" test for mul func" name=" test for mul func" time="0">
    </testcase>
    <testcase classname=" test for mul func" name=" test for mul func" time="0.001">
    </testcase>
    <testcase classname=" test for mul func" name=" test for mul func" time="0">
    </testcase>
    <testcase classname=" test for mul func" name=" test for mul func" time="0">
    </testcase>
    <testcase classname=" test for mul func" name=" test for mul func" time="0">
    </testcase>
    <testcase classname=" test for mul func" name=" test for mul func" time="0">
    </testcase>
    <testcase classname=" test for mul func" name=" test for mul func" time="0">
    </testcase>
    <testcase classname=" test for mul func" name=" test for mul func" time="0.001">
    </testcase>
    <testcase classname=" test for mul func" name=" test for mul func" time="0">
    </testcase>
    <testcase classname=" test for mul func" name=" test for mul func" time="0">
    </testcase>
    <testcase classname=" test for mul func" name=" test for mul func" time="0">
    </testcase>
    <testcase classname=" test for mul func" name=" test for mul func" time="0">
    </testcase>
    <testcase classname=" test for mul func" name=" test for mul func" time="0">
    </testcase>
    <testcase classname=" test for mul func" name=" test for mul func" time="0.001">
    </testcase>
    <testcase classname=" test for mul func" name=" test for mul func" time="0">
    </testcase>
    <testcase classname=" test for mul func" name=" test for mul func" time="0">
    </testcase>
    <testcase classname=" test for mul func" name=" test for mul func" time="0">
    </testcase>
    <testcase classname=" test for mul func" name=" test for mul func" time="0">
    </testcase>
    <testcase classname=" test for mul func" name=" test for mul func" time="0">
    </testcase>
    <testcase classname=" test for mul func" name=" test for mul func" time="0.001">
    </testcase>
    <testcase classname=" test for mul func" name=" test for mul func" time="0">
    </testcase>
    <testcase classname=" test for mul func" name=" test for mul func" time="0">
    </testcase>
    <testcase classname=" test for mul func" name=" test for mul func" time="0">
    </testcase>
    <testcase classname=" test for mul func" name=" test for mul func" time="0">
    </testcase>
    <testcase classname=" test for mul func" name=" test for mul func" time="0">
    </testcase>
    <testcase classname=" test for mul func" name=" test for mul func" time="0.001">
    </testcase>
    <testcase classname=" test for mul func" name=" test for mul func" time="0">
    </testcase>
    <testcase classname=" test for mul func" name=" test for mul func" time="0">
    </testcase>
    <testcase classname=" test for mul func" name=" test for mul func" time="0">
    </testcase>
    <testcase classname=" test for mul func" name=" test for mul func" time="0">
    </testcase>
    <testcase classname=" test for mul func" name=" test for mul func" time="0">
    </testcase>
    <testcase classname=" test for mul func" name=" test for mul func" time="0.001">
    </testcase>
    <testcase classname=" test for mul func" name=" test for mul func" time="0">
    </testcase>
    <testcase classname=" test for mul func" name=" test for mul func" time="0">
    </testcase>
    <testcase classname=" test for mul func" name=" test for mul func" time="0">
    </testcase>
    <testcase classname=" test for mul func" name=" test for mul func" time="0">
    </testcase>
    <testcase classname=" test for mul func" name=" test for mul func" time="0">
    </testcase>
    <testcase classname=" test for mul func" name=" test for mul func" time="0.001">
    </testcase>
    <testcase classname=" test for mul func" name=" test for mul func" time="0">
    </testcase>
    <testcase classname=" test for mul func" name=" test for mul func" time="0">
    </testcase>
    <testcase classname=" test for mul func" name=" test for mul func" time="0">
    </testcase>
    <testcase classname=" test for mul func" name=" test for mul func" time="0">
    </testcase>
    <testcase classname=" test for mul func" name=" test for mul func" time="0">
    </testcase>
    <testcase classname=" test for mul func" name=" test for mul func" time="0">
    </testcase>
    <testcase classname=" test for mul func" name=" test for mul func" time="0">
    </testcase>
    <testcase classname=" test for mul func" name=" test for mul func" time="0">
    </testcase>
    <testcase classname=" test for mul func" name=" test for mul func" time="0">
    </testcase>
    <testcase classname=" test for mul func" name=" test for mul func" time="0">
    </testcase>
    <testcase classname=" test for mul func" name=" test for mul func" time="0">
    </testcase>
    <testcase classname=" test for mul func" name=" test for mul func" time="0">
    </testcase>
    <testcase classname=" test for mul func" name=" test for mul func" time="0">
    </testcase>
    <testcase classname=" test for mul func" name=" test for mul func" time="0">
    </testcase>
    <testcase classname=" test for mul func" name=" test for mul func" time="0">
    </testcase>
    <testcase classname=" test for mul func" name=" test for mul func" time="0">
    </testcase>
    <testcase classname=" test for mul func" name=" test for mul func" time="0">
    </testcase>
    <testcase classname=" test for mul func" name=" test for mul func" time="0">
    </testcase>
    <testcase classname=" test for mul func" name=" test for mul func" time="0.001">
    </testcase>
    <testcase classname=" test for mul func" name=" test for mul func" time="0">
    </testcase>
    <testcase classname=" test for mul func" name=" test for mul func" time="0">
    </testcase>
    <testcase classname=" test for mul func" name=" test for mul func" time="0">
    </testcase>
    <testcase classname=" test for mul func" name=" test for mul func" time="0">
    </testcase>
    <testcase classname=" test for mul func" name=" test for mul func" time="0">
    </testcase>
    <testcase classname=" test for mul func" name=" test for mul func" time="0.001">
    </testcase>
    <testcase classname=" test for mul func" name=" test for mul func" time="0">
    </testcase>
    <testcase classname=" test for mul func" name=" test for mul func" time="0">
    </testcase>
    <testcase classname=" test for mul func" name=" test for mul func" time="0">
    </testcase>
    <testcase classname=" test for mul func" name=" test for mul func" time="0">
    </testcase>
    <testcase classname=" test for mul func" name=" test for mul func" time="0">
    </testcase>
    <testcase classname=" test for mul func" name=" test for mul func" time="0.001">
    </testcase>
    <testcase classname=" test for mul func" name=" test for mul func" time="0">
    </testcase>
    <testcase classname=" test for mul func" name=" test for mul func" time="0">
    </testcase>
    <testcase classname=" test for mul func" name=" test for mul func" time="0">
    </testcase>
    <testcase classname=" test for mul func" name=" test for mul func" time="0">
    </testcase>
    <testcase classname=" test for mul func" name=" test for mul func" time="0">
    </testcase>
    <testcase classname=" test for mul func" name=" test for mul func" time="0.001">
    </testcase>
    <testcase classname=" test for mul func" name=" test for mul func" time="0">
    </testcase>
    <testcase classname=" test for mul func" name=" test for mul func" time="0">
    </testcase>
    <testcase classname=" test for mul func" name=" test for mul func" time="0">
    </testcase>
    <testcase classname=" test for mul func" name=" test for mul func" time="0">
    </testcase>
    <testcase classname=" test for mul func" name=" test for mul func" time="0">
    </testcase>
    <testcase classname=" test for mul func" name=" test for mul func" time="0.001">
    </testcase>
    <testcase classname=" test for mul func" name=" test for mul func" time="0">
    </testcase>
    <testcase classname=" test for mul func" name=" test for mul func" time="0">
    </testcase>
    <testcase classname=" test for mul func" name=" test for mul func" time="0">
    </testcase>
    <testcase classname=" test for mul func" name=" test for mul func" time="0">
    </testcase>
    <testcase classname=" test for mul func" name=" test for mul func" time="0">
    </testcase>
    <testcase classname=" test for mul func" name=" test for mul func" time="0">
    </testcase>
    <testcase classname=" test for mul func" name=" test for mul func" time="0.002">
    </testcase>
    <testcase classname=" test for mul func" name=" test for mul func" time="0">
    </testcase>
    <testcase classname=" test for mul func" name=" test for mul func" time="0">
    </testcase>
    <testcase classname=" test for mul func" name=" test for mul func" time="0">
    </testcase>
    <testcase classname=" test for mul func" name=" test for mul func" time="0">
    </testcase>
    <testcase classname=" test for mul func" name=" test for mul func" time="0.001">
    </testcase>
    <testcase classname=" test for mul func" name=" test for mul func" time="0">
    </testcase>
    <testcase classname=" test for mul func" name=" test for mul func" time="0">
    </testcase>
    <testcase classname=" test for mul func" name=" test for mul func" time="0">
    </testcase>
    <testcase classname=" test for mul func" name=" test for mul func" time="0">
    </testcase>
    <testcase classname=" test for mul func" name=" test for mul func" time="0">
    </testcase>
    <testcase classname=" test for mul func" name=" test for mul func" time="0">
    </testcase>
    <testcase classname=" test for mul func" name=" test for mul func" time="0">
    </testcase>
    <testcase classname=" test for mul func" name=" test for mul func" time="0">
    </testcase>
    <testcase classname=" test for mul func" name=" test for mul func" time="0">
    </testcase>
    <testcase classname=" test for mul func" name=" test for mul func" time="0">
    </testcase>
    <testcase classname=" test for mul func" name=" test for mul func" time="0">
    </testcase>
    <testcase classname=" test for mul func" name=" test for mul func" time="0.001">
    </testcase>
    <testcase classname=" test for mul func" name=" test for mul func" time="0">
    </testcase>
    <testcase classname=" test for mul func" name=" test for mul func" time="0">
    </testcase>
    <testcase classname=" test for mul func" name=" test for mul func" time="0">
    </testcase>
    <testcase classname=" test for mul func" name=" test for mul func" time="0">
    </testcase>
    <testcase classname=" test for mul func" name=" test for mul func" time="0">
    </testcase>
    <testcase classname=" test for mul func" name=" test for mul func" time="0.001">
    </testcase>
    <testcase classname=" test for mul func" name=" test for mul func" time="0">
    </testcase>
    <testcase classname=" test for mul func" name=" test for mul func" time="0">
    </testcase>
    <testcase classname=" test for mul func" name=" test for mul func" time="0">
    </testcase>
    <testcase classname=" test for mul func" name=" test for mul func" time="0">
    </testcase>
    <testcase classname=" test for mul func" name=" test for mul func" time="0">
    </testcase>
    <testcase classname=" test for mul func" name=" test for mul func" time="0.001">
    </testcase>
    <testcase classname=" test for mul func" name=" test for mul func" time="0">
    </testcase>
    <testcase classname=" test for mul func" name=" test for mul func" time="0">
    </testcase>
    <testcase classname=" test for mul func" name=" test for mul func" time="0">
    </testcase>
    <testcase classname=" test for mul func" name=" test for mul func" time="0">
    </testcase>
    <testcase classname=" test for mul func" name=" test for mul func" time="0">
    </testcase>
    <testcase classname=" test for mul func" name=" test for mul func" time="0.001">
    </testcase>
    <testcase classname=" test for mul func" name=" test for mul func" time="0">
    </testcase>
    <testcase classname=" test for mul func" name=" test for mul func" time="0">
    </testcase>
    <testcase classname=" test for mul func" name=" test for mul func" time="0">
    </testcase>
    <testcase classname=" test for mul func" name=" test for mul func" time="0">
    </testcase>
    <testcase classname=" test for mul func" name=" test for mul func" time="0">
    </testcase>
    <testcase classname=" test for mul func" name=" test for mul func" time="0.001">
    </testcase>
    <testcase classname=" test for mul func" name=" test for mul func" time="0">
    </testcase>
    <testcase classname=" test for mul func" name=" test for mul func" time="0">
    </testcase>
    <testcase classname=" test for mul func" name=" test for mul func" time="0">
    </testcase>
    <testcase classname=" test for mul func" name=" test for mul func" time="0">
    </testcase>
    <testcase classname=" test for mul func" name=" test for mul func" time="0">
    </testcase>
    <testcase classname=" test for mul func" name=" test for mul func" time="0">
    </testcase>
    <testcase classname=" test for mul func" name=" test for mul func" time="0">
    </testcase>
    <testcase classname=" test for mul func" name=" test for mul func" time="0">
    </testcase>
    <testcase classname=" test for mul func" name=" test for mul func" time="0">
    </testcase>
    <testcase classname=" test for mul func" name=" test for mul func" time="0">
    </testcase>
    <testcase classname=" test for mul func" name=" test for mul func" time="0">
    </testcase>
    <testcase classname=" test for mul func" name=" test for mul func" time="0">
    </testcase>
    <testcase classname=" test for mul func" name=" test for mul func" time="0.001">
    </testcase>
    <testcase classname=" test for mul func" name=" test for mul func" time="0">
    </testcase>
    <testcase classname=" test for mul func" name=" test for mul func" time="0">
    </testcase>
    <testcase classname=" test for mul func" name=" test for mul func" time="0">
    </testcase>
    <testcase classname=" test for mul func" name=" test for mul func" time="0">
    </testcase>
    <testcase classname=" test for mul func" name=" test for mul func" time="0">
    </testcase>
    <testcase classname=" test for mul func" name=" test for mul func" time="0.001">
    </testcase>
    <testcase classname=" test for mul func" name=" test for mul func" time="0">
    </testcase>
    <testcase classname=" test for mul func" name=" test for mul func" time="0">
    </testcase>
    <testcase classname=" test for mul func" name=" test for mul func" time="0">
    </testcase>
    <testcase classname=" test for mul func" name=" test for mul func" time="0">
    </testcase>
    <testcase classname=" test for mul func" name=" test for mul func" time="0">
    </testcase>
    <testcase classname=" test for mul func" name=" test for mul func" time="0.001">
    </testcase>
    <testcase classname=" test for mul func" name=" test for mul func" time="0">
    </testcase>
    <testcase classname=" test for mul func" name=" test for mul func" time="0">
    </testcase>
    <testcase classname=" test for mul func" name=" test for mul func" time="0">
    </testcase>
    <testcase classname=" test for mul func" name=" test for mul func" time="0">
    </testcase>
    <testcase classname=" test for mul func" name=" test for mul func" time="0">
    </testcase>
    <testcase classname=" test for mul func" name=" test for mul func" time="0.001">
    </testcase>
    <testcase classname=" test for mul func" name=" test for mul func" time="0">
    </testcase>
    <testcase classname=" test for mul func" name=" test for mul func" time="0">
    </testcase>
    <testcase classname=" test for mul func" name=" test for mul func" time="0">
    </testcase>
    <testcase classname=" test for mul func" name=" test for mul func" time="0">
    </testcase>
    <testcase classname=" test for mul func" name=" test for mul func" time="0">
    </testcase>
    <testcase classname=" test for mul func" name=" test for mul func" time="0.001">
    </testcase>
    <testcase classname=" test for mul func" name=" test for mul func" time="0">
    </testcase>
    <testcase classname=" test for mul func" name=" test for mul func" time="0">
    </testcase>
    <testcase classname=" test for mul func" name=" test for mul func" time="0">
    </testcase>
    <testcase classname=" test for mul func" name=" test for mul func" time="0">
    </testcase>
    <testcase classname=" test for mul func" name=" test for mul func" time="0">
    </testcase>
    <testcase classname=" test for mul func" name=" test for mul func" time="0">
    </testcase>
    <testcase classname=" test for mul func" name=" test for mul func" time="0">
    </testcase>
    <testcase classname=" test for mul func" name=" test for mul func" time="0">
    </testcase>
    <testcase classname=" test for mul func" name=" test for mul func" time="0">
    </testcase>
    <testcase classname=" test for mul func" name=" test for mul func" time="0">
    </testcase>
    <testcase classname=" test for mul func" name=" test for mul func" time="0">
    </testcase>
    <testcase classname=" test for mul func" name=" test for mul func" time="0">
    </testcase>
    <testcase classname=" test for mul func" name=" test for mul func" time="0.001">
    </testcase>
    <testcase classname=" test for mul func" name=" test for mul func" time="0">
    </testcase>
    <testcase classname=" test for mul func" name=" test for mul func" time="0">
    </testcase>
    <testcase classname=" test for mul func" name=" test for mul func" time="0">
    </testcase>
    <testcase classname=" test for mul func" name=" test for mul func" time="0">
    </testcase>
    <testcase classname=" test for mul func" name=" test for mul func" time="0">
    </testcase>
    <testcase classname=" test for mul func" name=" test for mul func" time="0.001">
    </testcase>
    <testcase classname=" test for mul func" name=" test for mul func" time="0">
    </testcase>
    <testcase classname=" test for mul func" name=" test for mul func" time="0">
    </testcase>
    <testcase classname=" test for mul func" name=" test for mul func" time="0">
    </testcase>
    <testcase classname=" test for mul func" name=" test for mul func" time="0">
    </testcase>
    <testcase classname=" test for mul func" name=" test for mul func" time="0">
    </testcase>
    <testcase classname=" test for mul func" name=" test for mul func" time="0.001">
    </testcase>
    <testcase classname=" test for mul func" name=" test for mul func" time="0">
    </testcase>
    <testcase classname=" test for mul func" name=" test for mul func" time="0">
    </testcase>
    <testcase classname=" test for mul func" name=" test for mul func" time="0">
    </testcase>
    <testcase classname=" test for mul func" name=" test for mul func" time="0">
    </testcase>
    <testcase classname=" test for mul func" name=" test for mul func" time="0">
    </testcase>
    <testcase classname=" test for mul func" name=" test for mul func" time="0">
    </testcase>
    <testcase classname=" test for mul func" name=" test for mul func" time="0">
    </testcase>
    <testcase classname=" test for mul func" name=" test for mul func" time="0">
    </testcase>
    <testcase classname=" test for mul func" name=" test for mul func" time="0">
    </testcase>
    <testcase classname=" test for mul func" name=" test for mul func" time="0">
    </testcase>
    <testcase classname=" test for mul func" name=" test for mul func" time="0">
    </testcase>
    <testcase classname=" test for mul func" name=" test for mul func" time="0">
    </testcase>
    <testcase classname=" test for mul func" name=" test for mul func" time="0.001">
    </testcase>
    <testcase classname=" test for mul func" name=" test for mul func" time="0">
    </testcase>
    <testcase classname=" test for mul func" name=" test for mul func" time="0">
    </testcase>
    <testcase classname=" test for mul func" name=" test for mul func" time="0">
    </testcase>
    <testcase classname=" test for mul func" name=" test for mul func" time="0">
    </testcase>
    <testcase classname=" test for mul func" name=" test for mul func" time="0">
    </testcase>
    <testcase classname=" test for mul func" name=" test for mul func" time="0.001">
    </testcase>
    <testcase classname=" test for mul func" name=" test for mul func" time="0">
    </testcase>
    <testcase classname=" test for mul func" name=" test for mul func" time="0">
    </testcase>
    <testcase classname=" test for mul func" name=" test for mul func" time="0">
    </testcase>
    <testcase classname=" test for mul func" name=" test for mul func" time="0">
    </testcase>
    <testcase classname=" test for mul func" name=" test for mul func" time="0">
    </testcase>
    <testcase classname=" test for mul func" name=" test for mul func" time="0.001">
    </testcase>
    <testcase classname=" test for mul func" name=" test for mul func" time="0">
    </testcase>
    <testcase classname=" test for mul func" name=" test for mul func" time="0">
    </testcase>
    <testcase classname=" test for mul func" name=" test for mul func" time="0">
    </testcase>
    <testcase classname=" test for mul func" name=" test for mul func" time="0">
    </testcase>
    <testcase classname=" test for mul func" name=" test for mul func" time="0">
    </testcase>
    <testcase classname=" test for mul func" name=" test for mul func" time="0">
    </testcase>
    <testcase classname=" test for mul func" name=" test for mul func" time="0">
    </testcase>
    <testcase classname=" test for mul func" name=" test for mul func" time="0">
    </testcase>
    <testcase classname=" test for mul func" name=" test for mul func" time="0">
    </testcase>
    <testcase classname=" test for mul func" name=" test for mul func" time="0">
    </testcase>
    <testcase classname=" test for mul func" name=" test for mul func" time="0">
    </testcase>
    <testcase classname=" test for mul func" name=" test for mul func" time="0">
    </testcase>
    <testcase classname=" test for mul func" name=" test for mul func" time="0.001">
    </testcase>
    <testcase classname=" test for mul func" name=" test for mul func" time="0">
    </testcase>
    <testcase classname=" test for mul func" name=" test for mul func" time="0">
    </testcase>
    <testcase classname=" test for mul func" name=" test for mul func" time="0">
    </testcase>
    <testcase classname=" test for mul func" name=" test for mul func" time="0">
    </testcase>
    <testcase classname=" test for mul func" name=" test for mul func" time="0">
    </testcase>
    <testcase classname=" test for mul func" name=" test for mul func" time="0.001">
    </testcase>
    <testcase classname=" test for mul func" name=" test for mul func" time="0">
    </testcase>
    <testcase classname=" test for mul func" name=" test for mul func" time="0">
    </testcase>
    <testcase classname=" test for mul func" name=" test for mul func" time="0">
    </testcase>
    <testcase classname=" test for mul func" name=" test for mul func" time="0">
    </testcase>
    <testcase classname=" test for mul func" name=" test for mul func" time="0">
    </testcase>
    <testcase classname=" test for mul func" name=" test for mul func" time="0">
    </testcase>
    <testcase classname=" test for mul func" name=" test for mul func" time="0">
    </testcase>
    <testcase classname=" test for mul func" name=" test for mul func" time="0">
    </testcase>
    <testcase classname=" test for mul func" name=" test for mul func" time="0">
    </testcase>
    <testcase classname=" test for mul func" name=" test for mul func" time="0">
    </testcase>
    <testcase classname=" test for mul func" name=" test for mul func" time="0">
    </testcase>
    <testcase classname=" test for mul func" name=" test for mul func" time="0">
    </testcase>
    <testcase classname=" test for mul func" name=" test for mul func" time="0.002">
    </testcase>
    <testcase classname=" test for mul func" name=" test for mul func" time="0">
    </testcase>
    <testcase classname=" test for mul func" name=" test for mul func" time="0">
    </testcase>
    <testcase classname=" test for mul func" name=" test for mul func" time="0">
    </testcase>
    <testcase classname=" test for mul func" name=" test for mul func" time="0">
    </testcase>
    <testcase classname=" test for mul func" name=" test for mul func" time="0">
    </testcase>
    <testcase classname=" test for mul func" name=" test for mul func" time="0">
    </testcase>
    <testcase classname=" test for mul func" name=" test for mul func" time="0">
    </testcase>
    <testcase classname=" test for mul func" name=" test for mul func" time="0">
    </testcase>
    <testcase classname=" test for mul func" name=" test for mul func" time="0">
    </testcase>
    <testcase classname=" test for mul func" name=" test for mul func" time="0">
    </testcase>
    <testcase classname=" test for mul func" name=" test for mul func" time="0">
    </testcase>
    <testcase classname=" test for mul func" name=" test for mul func" time="0">
    </testcase>
    <testcase classname=" test for mul func" name=" test for mul func" time="0">
    </testcase>
    <testcase classname=" test for mul func" name=" test for mul func" time="0">
    </testcase>
    <testcase classname=" test for mul func" name=" test for mul func" time="0.001">
    </testcase>
    <testcase classname=" test for mul func" name=" test for mul func" time="0">
    </testcase>
    <testcase classname=" test for mul func" name=" test for mul func" time="0">
    </testcase>
    <testcase classname=" test for mul func" name=" test for mul func" time="0">
    </testcase>
    <testcase classname=" test for mul func" name=" test for mul func" time="0">
    </testcase>
    <testcase classname=" test for mul func" name=" test for mul func" time="0">
    </testcase>
    <testcase classname=" test for mul func" name=" test for mul func" time="0.001">
    </testcase>
    <testcase classname=" test for mul func" name=" test for mul func" time="0">
    </testcase>
    <testcase classname=" test for mul func" name=" test for mul func" time="0">
    </testcase>
    <testcase classname=" test for mul func" name=" test for mul func" time="0">
    </testcase>
    <testcase classname=" test for mul func" name=" test for mul func" time="0">
    </testcase>
    <testcase classname=" test for mul func" name=" test for mul func" time="0">
    </testcase>
    <testcase classname=" test for mul func" name=" test for mul func" time="0.001">
    </testcase>
    <testcase classname=" test for mul func" name=" test for mul func" time="0">
    </testcase>
    <testcase classname=" test for mul func" name=" test for mul func" time="0">
    </testcase>
    <testcase classname=" test for mul func" name=" test for mul func" time="0">
    </testcase>
    <testcase classname=" test for mul func" name=" test for mul func" time="0">
    </testcase>
    <testcase classname=" test for mul func" name=" test for mul func" time="0">
    </testcase>
    <testcase classname=" test for mul func" name=" test for mul func" time="0">
    </testcase>
    <testcase classname=" test for mul func" name=" test for mul func" time="0">
    </testcase>
    <testcase classname=" test for mul func" name=" test for mul func" time="0">
    </testcase>
    <testcase classname=" test for mul func" name=" test for mul func" time="0">
    </testcase>
    <testcase classname=" test for mul func" name=" test for mul func" time="0">
    </testcase>
    <testcase classname=" test for mul func" name=" test for mul func" time="0.001">
    </testcase>
    <testcase classname=" test for mul func" name=" test for mul func" time="0">
    </testcase>
    <testcase classname=" test for mul func" name=" test for mul func" time="0">
    </testcase>
    <testcase classname=" test for mul func" name=" test for mul func" time="0">
    </testcase>
    <testcase classname=" test for mul func" name=" test for mul func" time="0">
    </testcase>
    <testcase classname=" test for mul func" name=" test for mul func" time="0">
    </testcase>
    <testcase classname=" test for mul func" name=" test for mul func" time="0.001">
    </testcase>
    <testcase classname=" test for mul func" name=" test for mul func" time="0">
    </testcase>
    <testcase classname=" test for mul func" name=" test for mul func" time="0">
    </testcase>
    <testcase classname=" test for mul func" name=" test for mul func" time="0">
    </testcase>
    <testcase classname=" test for mul func" name=" test for mul func" time="0">
    </testcase>
    <testcase classname=" test for mul func" name=" test for mul func" time="0">
    </testcase>
    <testcase classname=" test for mul func" name=" test for mul func" time="0">
    </testcase>
    <testcase classname=" test for mul func" name=" test for mul func" time="0">
    </testcase>
    <testcase classname=" test for mul func" name=" test for mul func" time="0">
    </testcase>
    <testcase classname=" test for mul func" name=" test for mul func" time="0">
    </testcase>
    <testcase classname=" test for mul func" name=" test for mul func" time="0">
    </testcase>
    <testcase classname=" test for mul func" name=" test for mul func" time="0">
    </testcase>
    <testcase classname=" test for mul func" name=" test for mul func" time="0">
    </testcase>
    <testcase classname=" test for mul func" name=" test for mul func" time="0.001">
    </testcase>
    <testcase classname=" test for mul func" name=" test for mul func" time="0">
    </testcase>
    <testcase classname=" test for mul func" name=" test for mul func" time="0">
    </testcase>
    <testcase classname=" test for mul func" name=" test for mul func" time="0">
    </testcase>
    <testcase classname=" test for mul func" name=" test for mul func" time="0">
    </testcase>
    <testcase classname=" test for mul func" name=" test for mul func" time="0">
    </testcase>
    <testcase classname=" test for mul func" name=" test for mul func" time="0">
    </testcase>
    <testcase classname=" test for mul func" name=" test for mul func" time="0">
    </testcase>
    <testcase classname=" test for mul func" name=" test for mul func" time="0">
    </testcase>
    <testcase classname=" test for mul func" name=" test for mul func" time="0">
    </testcase>
    <testcase classname=" test for mul func" name=" test for mul func" time="0">
    </testcase>
    <testcase classname=" test for mul func" name=" test for mul func" time="0">
    </testcase>
    <testcase classname=" test for mul func" name=" test for mul func" time="0">
    </testcase>
    <testcase classname=" test for mul func" name=" test for mul func" time="0.001">
    </testcase>
    <testcase classname=" test for mul func" name=" test for mul func" time="0">
    </testcase>
    <testcase classname=" test for mul func" name=" test for mul func" time="0">
    </testcase>
    <testcase classname=" test for mul func" name=" test for mul func" time="0">
    </testcase>
    <testcase classname=" test for mul func" name=" test for mul func" time="0">
    </testcase>
    <testcase classname=" test for mul func" name=" test for mul func" time="0">
    </testcase>
    <testcase classname=" test for mul func" name=" test for mul func" time="0.001">
    </testcase>
    <testcase classname=" test for mul func" name=" test for mul func" time="0">
    </testcase>
    <testcase classname=" test for mul func" name=" test for mul func" time="0">
    </testcase>
    <testcase classname=" test for mul func" name=" test for mul func" time="0">
    </testcase>
    <testcase classname=" test for mul func" name=" test for mul func" time="0">
    </testcase>
    <testcase classname=" test for mul func" name=" test for mul func" time="0">
    </testcase>
    <testcase classname=" test for mul func" name=" test for mul func" time="0">
    </testcase>
    <testcase classname=" test for mul func" name=" test for mul func" time="0.001">
    </testcase>
    <testcase classname=" test for mul func" name=" test for mul func" time="0">
    </testcase>
    <testcase classname=" test for mul func" name=" test for mul func" time="0">
    </testcase>
    <testcase classname=" test for mul func" name=" test for mul func" time="0">
    </testcase>
    <testcase classname=" test for mul func" name=" test for mul func" time="0">
    </testcase>
    <testcase classname=" test for mul func" name=" test for mul func" time="0">
    </testcase>
    <testcase classname=" test for mul func" name=" test for mul func" time="0.001">
    </testcase>
    <testcase classname=" test for mul func" name=" test for mul func" time="0">
    </testcase>
    <testcase classname=" test for mul func" name=" test for mul func" time="0">
    </testcase>
    <testcase classname=" test for mul func" name=" test for mul func" time="0">
    </testcase>
    <testcase classname=" test for mul func" name=" test for mul func" time="0">
    </testcase>
    <testcase classname=" test for mul func" name=" test for mul func" time="0">
    </testcase>
    <testcase classname=" test for mul func" name=" test for mul func" time="0">
    </testcase>
    <testcase classname=" test for mul func" name=" test for mul func" time="0">
    </testcase>
    <testcase classname=" test for mul func" name=" test for mul func" time="0">
    </testcase>
    <testcase classname=" test for mul func" name=" test for mul func" time="0">
    </testcase>
    <testcase classname=" test for mul func" name=" test for mul func" time="0">
    </testcase>
    <testcase classname=" test for mul func" name=" test for mul func" time="0">
    </testcase>
    <testcase classname=" test for mul func" name=" test for mul func" time="0">
    </testcase>
    <testcase classname=" test for mul func" name=" test for mul func" time="0.001">
    </testcase>
    <testcase classname=" test for mul func" name=" test for mul func" time="0">
    </testcase>
    <testcase classname=" test for mul func" name=" test for mul func" time="0">
    </testcase>
    <testcase classname=" test for mul func" name=" test for mul func" time="0">
    </testcase>
    <testcase classname=" test for mul func" name=" test for mul func" time="0">
    </testcase>
    <testcase classname=" test for mul func" name=" test for mul func" time="0">
    </testcase>
    <testcase classname=" test for mul func" name=" test for mul func" time="0.001">
    </testcase>
    <testcase classname=" test for mul func" name=" test for mul func" time="0">
    </testcase>
    <testcase classname=" test for mul func" name=" test for mul func" time="0">
    </testcase>
    <testcase classname=" test for mul func" name=" test for mul func" time="0">
    </testcase>
    <testcase classname=" test for mul func" name=" test for mul func" time="0">
    </testcase>
    <testcase classname=" test for mul func" name=" test for mul func" time="0">
    </testcase>
    <testcase classname=" test for mul func" name=" test for mul func" time="0">
    </testcase>
    <testcase classname=" test for mul func" name=" test for mul func" time="0">
    </testcase>
    <testcase classname=" test for mul func" name=" test for mul func" time="0">
    </testcase>
    <testcase classname=" test for mul func" name=" test for mul func" time="0">
    </testcase>
    <testcase classname=" test for mul func" name=" test for mul func" time="0">
    </testcase>
    <testcase classname=" test for mul func" name=" test for mul func" time="0">
    </testcase>
    <testcase classname=" test for mul func" name=" test for mul func" time="0">
    </testcase>
    <testcase classname=" test for mul func" name=" test for mul func" time="0.001">
    </testcase>
    <testcase classname=" test for mul func" name=" test for mul func" time="0">
    </testcase>
    <testcase classname=" test for mul func" name=" test for mul func" time="0">
    </testcase>
    <testcase classname=" test for mul func" name=" test for mul func" time="0">
    </testcase>
    <testcase classname=" test for mul func" name=" test for mul func" time="0">
    </testcase>
    <testcase classname=" test for mul func" name=" test for mul func" time="0">
    </testcase>
    <testcase classname=" test for mul func" name=" test for mul func" time="0">
    </testcase>
    <testcase classname=" test for mul func" name=" test for mul func" time="0">
    </testcase>
    <testcase classname=" test for mul func" name=" test for mul func" time="0">
    </testcase>
    <testcase classname=" test for mul func" name=" test for mul func" time="0">
    </testcase>
    <testcase classname=" test for mul func" name=" test for mul func" time="0">
    </testcase>
    <testcase classname=" test for mul func" name=" test for mul func" time="0">
    </testcase>
    <testcase classname=" test for mul func" name=" test for mul func" time="0">
    </testcase>
    <testcase classname=" test for mul func" name=" test for mul func" time="0.001">
    </testcase>
    <testcase classname=" test for mul func" name=" test for mul func" time="0">
    </testcase>
    <testcase classname=" test for mul func" name=" test for mul func" time="0">
    </testcase>
    <testcase classname=" test for mul func" name=" test for mul func" time="0">
    </testcase>
    <testcase classname=" test for mul func" name=" test for mul func" time="0">
    </testcase>
    <testcase classname=" test for mul func" name=" test for mul func" time="0">
    </testcase>
    <testcase classname=" test for mul func" name=" test for mul func" time="0">
    </testcase>
    <testcase classname=" test for mul func" name=" test for mul func" time="0">
    </testcase>
    <testcase classname=" test for mul func" name=" test for mul func" time="0">
    </testcase>
    <testcase classname=" test for mul func" name=" test for mul func" time="0">
    </testcase>
    <testcase classname=" test for mul func" name=" test for mul func" time="0">
    </testcase>
    <testcase classname=" test for mul func" name=" test for mul func" time="0">
    </testcase>
    <testcase classname=" test for mul func" name=" test for mul func" time="0">
    </testcase>
    <testcase classname=" test for mul func" name=" test for mul func" time="0.001">
    </testcase>
    <testcase classname=" test for mul func" name=" test for mul func" time="0">
    </testcase>
    <testcase classname=" test for mul func" name=" test for mul func" time="0">
    </testcase>
    <testcase classname=" test for mul func" name=" test for mul func" time="0">
    </testcase>
    <testcase classname=" test for mul func" name=" test for mul func" time="0">
    </testcase>
    <testcase classname=" test for mul func" name=" test for mul func" time="0">
    </testcase>
    <testcase classname=" test for mul func" name=" test for mul func" time="0">
    </testcase>
    <testcase classname=" test for mul func" name=" test for mul func" time="0">
    </testcase>
    <testcase classname=" test for mul func" name=" test for mul func" time="0">
    </testcase>
    <testcase classname=" test for mul func" name=" test for mul func" time="0">
    </testcase>
    <testcase classname=" test for mul func" name=" test for mul func" time="0">
    </testcase>
    <testcase classname=" test for mul func" name=" test for mul func" time="0">
    </testcase>
    <testcase classname=" test for mul func" name=" test for mul func" time="0">
    </testcase>
    <testcase classname=" test for mul func" name=" test for mul func" time="0.002">
    </testcase>
    <testcase classname=" test for mul func" name=" test for mul func" time="0">
    </testcase>
    <testcase classname=" test for mul func" name=" test for mul func" time="0">
    </testcase>
    <testcase classname=" test for mul func" name=" test for mul func" time="0">
    </testcase>
    <testcase classname=" test for mul func" name=" test for mul func" time="0">
    </testcase>
    <testcase classname=" test for mul func" name=" test for mul func" time="0">
    </testcase>
    <testcase classname=" test for mul func" name=" test for mul func" time="0">
    </testcase>
    <testcase classname=" test for mul func" name=" test for mul func" time="0">
    </testcase>
    <testcase classname=" test for mul func" name=" test for mul func" time="0">
    </testcase>
    <testcase classname=" test for mul func" name=" test for mul func" time="0.001">
    </testcase>
    <testcase classname=" test for mul func" name=" test for mul func" time="0">
    </testcase>
    <testcase classname=" test for mul func" name=" test for mul func" time="0">
    </testcase>
    <testcase classname=" test for mul func" name=" test for mul func" time="0">
    </testcase>
    <testcase classname=" test for mul func" name=" test for mul func" time="0">
    </testcase>
    <testcase classname=" test for mul func" name=" test for mul func" time="0">
    </testcase>
    <testcase classname=" test for mul func" name=" test for mul func" time="0">
    </testcase>
    <testcase classname=" test for mul func" name=" test for mul func" time="0">
    </testcase>
    <testcase classname=" test for mul func" name=" test for mul func" time="0">
    </testcase>
    <testcase classname=" test for mul func" name=" test for mul func" time="0">
    </testcase>
    <testcase classname=" test for mul func" name=" test for mul func" time="0">
    </testcase>
    <testcase classname=" test for mul func" name=" test for mul func" time="0">
    </testcase>
    <testcase classname=" test for mul func" name=" test for mul func" time="0">
    </testcase>
    <testcase classname=" test for mul func" name=" test for mul func" time="0.001">
    </testcase>
    <testcase classname=" test for mul func" name=" test for mul func" time="0">
    </testcase>
    <testcase classname=" test for mul func" name=" test for mul func" time="0">
    </testcase>
    <testcase classname=" test for mul func" name=" test for mul func" time="0">
    </testcase>
    <testcase classname=" test for mul func" name=" test for mul func" time="0">
    </testcase>
    <testcase classname=" test for mul func" name=" test for mul func" time="0">
    </testcase>
    <testcase classname=" test for mul func" name=" test for mul func" time="0">
    </testcase>
    <testcase classname=" test for mul func" name=" test for mul func" time="0">
    </testcase>
    <testcase classname=" test for mul func" name=" test for mul func" time="0">
    </testcase>
    <testcase classname=" test for mul func" name=" test for mul func" time="0">
    </testcase>
    <testcase classname=" test for mul func" name=" test for mul func" time="0">
    </testcase>
    <testcase classname=" test for mul func" name=" test for mul func" time="0">
    </testcase>
    <testcase classname=" test for mul func" name=" test for mul func" time="0">
    </testcase>
    <testcase classname=" test for mul func" name=" test for mul func" time="0.001">
    </testcase>
    <testcase classname=" test for mul func" name=" test for mul func" time="0">
    </testcase>
    <testcase classname=" test for mul func" name=" test for mul func" time="0">
    </testcase>
    <testcase classname=" test for mul func" name=" test for mul func" time="0">
    </testcase>
    <testcase classname=" test for mul func" name=" test for mul func" time="0">
    </testcase>
    <testcase classname=" test for mul func" name=" test for mul func" time="0">
    </testcase>
    <testcase classname=" test for mul func" name=" test for mul func" time="0">
    </testcase>
    <testcase classname=" test for mul func" name=" test for mul func" time="0.001">
    </testcase>
    <testcase classname=" test for mul func" name=" test for mul func" time="0">
    </testcase>
    <testcase classname=" test for mul func" name=" test for mul func" time="0">
    </testcase>
    <testcase classname=" test for mul func" name=" test for mul func" time="0">
    </testcase>
    <testcase classname=" test for mul func" name=" test for mul func" time="0">
    </testcase>
    <testcase classname=" test for mul func" name=" test for mul func" time="0">
    </testcase>
    <testcase classname=" test for mul func" name=" test for mul func" time="0.001">
    </testcase>
    <testcase classname=" test for mul func" name=" test for mul func" time="0">
    </testcase>
    <testcase classname=" test for mul func" name=" test for mul func" time="0">
    </testcase>
    <testcase classname=" test for mul func" name=" test for mul func" time="0">
    </testcase>
    <testcase classname=" test for mul func" name=" test for mul func" time="0">
    </testcase>
    <testcase classname=" test for mul func" name=" test for mul func" time="0">
    </testcase>
    <testcase classname=" test for mul func" name=" test for mul func" time="0">
    </testcase>
    <testcase classname=" test for mul func" name=" test for mul func" time="0.001">
    </testcase>
    <testcase classname=" test for mul func" name=" test for mul func" time="0">
    </testcase>
    <testcase classname=" test for mul func" name=" test for mul func" time="0">
    </testcase>
    <testcase classname=" test for mul func" name=" test for mul func" time="0">
    </testcase>
    <testcase classname=" test for mul func" name=" test for mul func" time="0">
    </testcase>
    <testcase classname=" test for mul func" name=" test for mul func" time="0">
    </testcase>
    <testcase classname=" test for mul func" name=" test for mul func" time="0">
    </testcase>
    <testcase classname=" test for mul func" name=" test for mul func" time="0">
    </testcase>
    <testcase classname=" test for mul func" name=" test for mul func" time="0">
    </testcase>
    <testcase classname=" test for mul func" name=" test for mul func" time="0">
    </testcase>
    <testcase classname=" test for mul func" name=" test for mul func" time="0.001">
    </testcase>
    <testcase classname=" test for mul func" name=" test for mul func" time="0">
    </testcase>
    <testcase classname=" test for mul func" name=" test for mul func" time="0">
    </testcase>
    <testcase classname=" test for mul func" name=" test for mul func" time="0">
    </testcase>
    <testcase classname=" test for mul func" name=" test for mul func" time="0">
    </testcase>
    <testcase classname=" test for mul func" name=" test for mul func" time="0">
    </testcase>
    <testcase classname=" test for mul func" name=" test for mul func" time="0">
    </testcase>
    <testcase classname=" test for mul func" name=" test for mul func" time="0">
    </testcase>
    <testcase classname=" test for mul func" name=" test for mul func" time="0.001">
    </testcase>
    <testcase classname=" test for mul func" name=" test for mul func" time="0">
    </testcase>
    <testcase classname=" test for mul func" name=" test for mul func" time="0">
    </testcase>
    <testcase classname=" test for mul func" name=" test for mul func" time="0">
    </testcase>
    <testcase classname=" test for mul func" name=" test for mul func" time="0">
    </testcase>
    <testcase classname=" test for mul func" name=" test for mul func" time="0">
    </testcase>
    <testcase classname=" test for mul func" name=" test for mul func" time="0">
    </testcase>
    <testcase classname=" test for mul func" name=" test for mul func" time="0">
    </testcase>
    <testcase classname=" test for mul func" name=" test for mul func" time="0">
    </testcase>
    <testcase classname=" test for mul func" name=" test for mul func" time="0">
    </testcase>
    <testcase classname=" test for mul func" name=" test for mul func" time="0">
    </testcase>
    <testcase classname=" test for mul func" name=" test for mul func" time="0.001">
    </testcase>
    <testcase classname=" test for mul func" name=" test for mul func" time="0">
    </testcase>
    <testcase classname=" test for mul func" name=" test for mul func" time="0.001">
    </testcase>
    <testcase classname=" test for mul func" name=" test for mul func" time="0">
    </testcase>
    <testcase classname=" test for mul func" name=" test for mul func" time="0">
    </testcase>
    <testcase classname=" test for mul func" name=" test for mul func" time="0">
    </testcase>
    <testcase classname=" test for mul func" name=" test for mul func" time="0.001">
    </testcase>
    <testcase classname=" test for mul func" name=" test for mul func" time="0">
    </testcase>
    <testcase classname=" test for mul func" name=" test for mul func" time="0">
    </testcase>
    <testcase classname=" test for mul func" name=" test for mul func" time="0">
    </testcase>
    <testcase classname=" test for mul func" name=" test for mul func" time="0">
    </testcase>
    <testcase classname=" test for mul func" name=" test for mul func" time="0">
    </testcase>
    <testcase classname=" test for mul func" name=" test for mul func" time="0.001">
    </testcase>
    <testcase classname=" test for mul func" name=" test for mul func" time="0">
    </testcase>
    <testcase classname=" test for mul func" name=" test for mul func" time="0">
    </testcase>
    <testcase classname=" test for mul func" name=" test for mul func" time="0">
    </testcase>
    <testcase classname=" test for mul func" name=" test for mul func" time="0">
    </testcase>
    <testcase classname=" test for mul func" name=" test for mul func" time="0">
    </testcase>
    <testcase classname=" test for mul func" name=" test for mul func" time="0.001">
    </testcase>
    <testcase classname=" test for mul func" name=" test for mul func" time="0">
    </testcase>
    <testcase classname=" test for mul func" name=" test for mul func" time="0">
    </testcase>
    <testcase classname=" test for mul func" name=" test for mul func" time="0">
    </testcase>
    <testcase classname=" test for mul func" name=" test for mul func" time="0">
    </testcase>
    <testcase classname=" test for mul func" name=" test for mul func" time="0">
    </testcase>
    <testcase classname=" test for mul func" name=" test for mul func" time="0.001">
    </testcase>
    <testcase classname=" test for mul func" name=" test for mul func" time="0">
    </testcase>
    <testcase classname=" test for mul func" name=" test for mul func" time="0">
    </testcase>
    <testcase classname=" test for mul func" name=" test for mul func" time="0">
    </testcase>
    <testcase classname=" test for mul func" name=" test for mul func" time="0">
    </testcase>
    <testcase classname=" test for mul func" name=" test for mul func" time="0">
    </testcase>
    <testcase classname=" test for mul func" name=" test for mul func" time="0">
    </testcase>
    <testcase classname=" test for mul func" name=" test for mul func" time="0">
    </testcase>
    <testcase classname=" test for mul func" name=" test for mul func" time="0.001">
    </testcase>
    <testcase classname=" test for mul func" name=" test for mul func" time="0">
    </testcase>
    <testcase classname=" test for mul func" name=" test for mul func" time="0">
    </testcase>
    <testcase classname=" test for mul func" name=" test for mul func" time="0">
    </testcase>
    <testcase classname=" test for mul func" name=" test for mul func" time="0">
    </testcase>
    <testcase classname=" test for mul func" name=" test for mul func" time="0">
    </testcase>
    <testcase classname=" test for mul func" name=" test for mul func" time="0.001">
    </testcase>
    <testcase classname=" test for mul func" name=" test for mul func" time="0">
    </testcase>
    <testcase classname=" test for mul func" name=" test for mul func" time="0">
    </testcase>
    <testcase classname=" test for mul func" name=" test for mul func" time="0">
    </testcase>
    <testcase classname=" test for mul func" name=" test for mul func" time="0">
    </testcase>
    <testcase classname=" test for mul func" name=" test for mul func" time="0">
    </testcase>
    <testcase classname=" test for mul func" name=" test for mul func" time="0.001">
    </testcase>
    <testcase classname=" test for mul func" name=" test for mul func" time="0">
    </testcase>
    <testcase classname=" test for mul func" name=" test for mul func" time="0">
    </testcase>
    <testcase classname=" test for mul func" name=" test for mul func" time="0">
    </testcase>
    <testcase classname=" test for mul func" name=" test for mul func" time="0">
    </testcase>
    <testcase classname=" test for mul func" name=" test for mul func" time="0">
    </testcase>
    <testcase classname=" test for mul func" name=" test for mul func" time="0">
    </testcase>
    <testcase classname=" test for mul func" name=" test for mul func" time="0.001">
    </testcase>
    <testcase classname=" test for mul func" name=" test for mul func" time="0">
    </testcase>
    <testcase classname=" test for mul func" name=" test for mul func" time="0">
    </testcase>
    <testcase classname=" test for mul func" name=" test for mul func" time="0">
    </testcase>
    <testcase classname=" test for mul func" name=" test for mul func" time="0">
    </testcase>
    <testcase classname=" test for mul func" name=" test for mul func" time="0">
    </testcase>
    <testcase classname=" test for mul func" name=" test for mul func" time="0.001">
    </testcase>
    <testcase classname=" test for mul func" name=" test for mul func" time="0">
    </testcase>
    <testcase classname=" test for mul func" name=" test for mul func" time="0">
    </testcase>
    <testcase classname=" test for mul func" name=" test for mul func" time="0">
    </testcase>
    <testcase classname=" test for mul func" name=" test for mul func" time="0">
    </testcase>
    <testcase classname=" test for mul func" name=" test for mul func" time="0">
    </testcase>
    <testcase classname=" test for mul func" name=" test for mul func" time="0">
    </testcase>
    <testcase classname=" test for mul func" name=" test for mul func" time="0.001">
    </testcase>
    <testcase classname=" test for mul func" name=" test for mul func" time="0">
    </testcase>
    <testcase classname=" test for mul func" name=" test for mul func" time="0">
    </testcase>
    <testcase classname=" test for mul func" name=" test for mul func" time="0">
    </testcase>
    <testcase classname=" test for mul func" name=" test for mul func" time="0">
    </testcase>
    <testcase classname=" test for mul func" name=" test for mul func" time="0">
    </testcase>
    <testcase classname=" test for mul func" name=" test for mul func" time="0">
    </testcase>
    <testcase classname=" test for mul func" name=" test for mul func" time="0.001">
    </testcase>
    <testcase classname=" test for mul func" name=" test for mul func" time="0">
    </testcase>
    <testcase classname=" test for mul func" name=" test for mul func" time="0">
    </testcase>
    <testcase classname=" test for mul func" name=" test for mul func" time="0">
    </testcase>
    <testcase classname=" test for mul func" name=" test for mul func" time="0">
    </testcase>
    <testcase classname=" test for mul func" name=" test for mul func" time="0.002">
    </testcase>
    <testcase classname=" test for mul func" name=" test for mul func" time="0">
    </testcase>
    <testcase classname=" test for mul func" name=" test for mul func" time="0">
    </testcase>
    <testcase classname=" test for mul func" name=" test for mul func" time="0">
    </testcase>
    <testcase classname=" test for mul func" name=" test for mul func" time="0.001">
    </testcase>
    <testcase classname=" test for mul func" name=" test for mul func" time="0">
    </testcase>
    <testcase classname=" test for mul func" name=" test for mul func" time="0">
    </testcase>
    <testcase classname=" test for mul func" name=" test for mul func" time="0">
    </testcase>
    <testcase classname=" test for mul func" name=" test for mul func" time="0">
    </testcase>
    <testcase classname=" test for mul func" name=" test for mul func" time="0">
    </testcase>
    <testcase classname=" test for mul func" name=" test for mul func" time="0">
    </testcase>
    <testcase classname=" test for mul func" name=" test for mul func" time="0.001">
    </testcase>
    <testcase classname=" test for mul func" name=" test for mul func" time="0">
    </testcase>
    <testcase classname=" test for mul func" name=" test for mul func" time="0">
    </testcase>
    <testcase classname=" test for mul func" name=" test for mul func" time="0">
    </testcase>
    <testcase classname=" test for mul func" name=" test for mul func" time="0">
    </testcase>
    <testcase classname=" test for mul func" name=" test for mul func" time="0">
    </testcase>
    <testcase classname=" test for mul func" name=" test for mul func" time="0">
    </testcase>
    <testcase classname=" test for mul func" name=" test for mul func" time="0.001">
    </testcase>
    <testcase classname=" test for mul func" name=" test for mul func" time="0">
    </testcase>
    <testcase classname=" test for mul func" name=" test for mul func" time="0">
    </testcase>
    <testcase classname=" test for mul func" name=" test for mul func" time="0">
    </testcase>
    <testcase classname=" test for mul func" name=" test for mul func" time="0">
    </testcase>
    <testcase classname=" test for mul func" name=" test for mul func" time="0">
    </testcase>
    <testcase classname=" test for mul func" name=" test for mul func" time="0">
    </testcase>
    <testcase classname=" test for mul func" name=" test for mul func" time="0">
    </testcase>
    <testcase classname=" test for mul func" name=" test for mul func" time="0">
    </testcase>
    <testcase classname=" test for mul func" name=" test for mul func" time="0">
    </testcase>
    <testcase classname=" test for mul func" name=" test for mul func" time="0">
    </testcase>
    <testcase classname=" test for mul func" name=" test for mul func" time="0">
    </testcase>
    <testcase classname=" test for mul func" name=" test for mul func" time="0.001">
    </testcase>
    <testcase classname=" test for mul func" name=" test for mul func" time="0">
    </testcase>
    <testcase classname=" test for mul func" name=" test for mul func" time="0">
    </testcase>
    <testcase classname=" test for mul func" name=" test for mul func" time="0">
    </testcase>
    <testcase classname=" test for mul func" name=" test for mul func" time="0">
    </testcase>
    <testcase classname=" test for mul func" name=" test for mul func" time="0">
    </testcase>
    <testcase classname=" test for mul func" name=" test for mul func" time="0">
    </testcase>
    <testcase classname=" test for mul func" name=" test for mul func" time="0.001">
    </testcase>
    <testcase classname=" test for mul func" name=" test for mul func" time="0">
    </testcase>
    <testcase classname=" test for mul func" name=" test for mul func" time="0">
    </testcase>
    <testcase classname=" test for mul func" name=" test for mul func" time="0">
    </testcase>
    <testcase classname=" test for mul func" name=" test for mul func" time="0">
    </testcase>
    <testcase classname=" test for mul func" name=" test for mul func" time="0">
    </testcase>
    <testcase classname=" test for mul func" name=" test for mul func" time="0">
    </testcase>
    <testcase classname=" test for mul func" name=" test for mul func" time="0.001">
    </testcase>
    <testcase classname=" test for mul func" name=" test for mul func" time="0">
    </testcase>
    <testcase classname=" test for mul func" name=" test for mul func" time="0">
    </testcase>
    <testcase classname=" test for mul func" name=" test for mul func" time="0">
    </testcase>
    <testcase classname=" test for mul func" name=" test for mul func" time="0">
    </testcase>
    <testcase classname=" test for mul func" name=" test for mul func" time="0">
    </testcase>
    <testcase classname=" test for mul func" name=" test for mul func" time="0">
    </testcase>
    <testcase classname=" test for mul func" name=" test for mul func" time="0.001">
    </testcase>
    <testcase classname=" test for mul func" name=" test for mul func" time="0">
    </testcase>
    <testcase classname=" test for mul func" name=" test for mul func" time="0">
    </testcase>
    <testcase classname=" test for mul func" name=" test for mul func" time="0">
    </testcase>
    <testcase classname=" test for mul func" name=" test for mul func" time="0">
    </testcase>
    <testcase classname=" test for mul func" name=" test for mul func" time="0">
    </testcase>
    <testcase classname=" test for mul func" name=" test for mul func" time="0">
    </testcase>
    <testcase classname=" test for mul func" name=" test for mul func" time="0.001">
    </testcase>
    <testcase classname=" test for mul func" name=" test for mul func" time="0">
    </testcase>
    <testcase classname=" test for mul func" name=" test for mul func" time="0">
    </testcase>
    <testcase classname=" test for mul func" name=" test for mul func" time="0">
    </testcase>
    <testcase classname=" test for mul func" name=" test for mul func" time="0">
    </testcase>
    <testcase classname=" test for mul func" name=" test for mul func" time="0.001">
    </testcase>
    <testcase classname=" test for mul func" name=" test for mul func" time="0">
    </testcase>
    <testcase classname=" test for mul func" name=" test for mul func" time="0">
    </testcase>
    <testcase classname=" test for mul func" name=" test for mul func" time="0">
    </testcase>
    <testcase classname=" test for mul func" name=" test for mul func" time="0">
    </testcase>
    <testcase classname=" test for mul func" name=" test for mul func" time="0">
    </testcase>
    <testcase classname=" test for mul func" name=" test for mul func" time="0">
    </testcase>
    <testcase classname=" test for mul func" name=" test for mul func" time="0.001">
    </testcase>
    <testcase classname=" test for mul func" name=" test for mul func" time="0">
    </testcase>
    <testcase classname=" test for mul func" name=" test for mul func" time="0">
    </testcase>
    <testcase classname=" test for mul func" name=" test for mul func" time="0">
    </testcase>
    <testcase classname=" test for mul func" name=" test for mul func" time="0">
    </testcase>
    <testcase classname=" test for mul func" name=" test for mul func" time="0">
    </testcase>
    <testcase classname=" test for mul func" name=" test for mul func" time="0">
    </testcase>
    <testcase classname=" test for mul func" name=" test for mul func" time="0.001">
    </testcase>
    <testcase classname=" test for mul func" name=" test for mul func" time="0">
    </testcase>
    <testcase classname=" test for mul func" name=" test for mul func" time="0">
    </testcase>
    <testcase classname=" test for mul func" name=" test for mul func" time="0">
    </testcase>
    <testcase classname=" test for mul func" name=" test for mul func" time="0">
    </testcase>
    <testcase classname=" test for mul func" name=" test for mul func" time="0">
    </testcase>
    <testcase classname=" test for mul func" name=" test for mul func" time="0">
    </testcase>
    <testcase classname=" test for mul func" name=" test for mul func" time="0">
    </testcase>
    <testcase classname=" test for mul func" name=" test for mul func" time="0">
    </testcase>
    <testcase classname=" test for mul func" name=" test for mul func" time="0">
    </testcase>
    <testcase classname=" test for mul func" name=" test for mul func" time="0">
    </testcase>
    <testcase classname=" test for mul func" name=" test for mul func" time="0">
    </testcase>
    <testcase classname=" test for mul func" name=" test for mul func" time="0">
    </testcase>
    <testcase classname=" test for mul func" name=" test for mul func" time="0">
    </testcase>
    <testcase classname=" test for mul func" name=" test for mul func" time="0">
    </testcase>
    <testcase classname=" test for mul func" name=" test for mul func" time="0">
    </testcase>
    <testcase classname=" test for mul func" name=" test for mul func" time="0">
    </testcase>
    <testcase classname=" test for mul func" name=" test for mul func" time="0">
    </testcase>
    <testcase classname=" test for mul func" name=" test for mul func" time="0.001">
    </testcase>
    <testcase classname=" test for mul func" name=" test for mul func" time="0">
    </testcase>
    <testcase classname=" test for mul func" name=" test for mul func" time="0">
    </testcase>
    <testcase classname=" test for mul func" name=" test for mul func" time="0">
    </testcase>
    <testcase classname=" test for mul func" name=" test for mul func" time="0">
    </testcase>
    <testcase classname=" test for mul func" name=" test for mul func" time="0">
    </testcase>
    <testcase classname=" test for mul func" name=" test for mul func" time="0">
    </testcase>
    <testcase classname=" test for mul func" name=" test for mul func" time="0">
    </testcase>
    <testcase classname=" test for mul func" name=" test for mul func" time="0">
    </testcase>
    <testcase classname=" test for mul func" name=" test for mul func" time="0">
    </testcase>
    <testcase classname=" test for mul func" name=" test for mul func" time="0">
    </testcase>
    <testcase classname=" test for mul func" name=" test for mul func" time="0">
    </testcase>
    <testcase classname=" test for mul func" name=" test for mul func" time="0">
    </testcase>
    <testcase classname=" test for mul func" name=" test for mul func" time="0">
    </testcase>
    <testcase classname=" test for mul func" name=" test for mul func" time="0">
    </testcase>
    <testcase classname=" test for mul func" name=" test for mul func" time="0">
    </testcase>
    <testcase classname=" test for mul func" name=" test for mul func" time="0.001">
    </testcase>
    <testcase classname=" test for mul func" name=" test for mul func" time="0">
    </testcase>
    <testcase classname=" test for mul func" name=" test for mul func" time="0">
    </testcase>
    <testcase classname=" test for mul func" name=" test for mul func" time="0">
    </testcase>
    <testcase classname=" test for mul func" name=" test for mul func" time="0">
    </testcase>
    <testcase classname=" test for mul func" name=" test for mul func" time="0">
    </testcase>
    <testcase classname=" test for mul func" name=" test for mul func" time="0">
    </testcase>
    <testcase classname=" test for mul func" name=" test for mul func" time="0.001">
    </testcase>
    <testcase classname=" test for mul func" name=" test for mul func" time="0">
    </testcase>
    <testcase classname=" test for mul func" name=" test for mul func" time="0">
    </testcase>
    <testcase classname=" test for mul func" name=" test for mul func" time="0">
    </testcase>
    <testcase classname=" test for mul func" name=" test for mul func" time="0">
    </testcase>
    <testcase classname=" test for mul func" name=" test for mul func" time="0">
    </testcase>
    <testcase classname=" test for mul func" name=" test for mul func" time="0">
    </testcase>
    <testcase classname=" test for mul func" name=" test for mul func" time="0">
    </testcase>
    <testcase classname=" test for mul func" name=" test for mul func" time="0">
    </testcase>
    <testcase classname=" test for mul func" name=" test for mul func" time="0">
    </testcase>
    <testcase classname=" test for mul func" name=" test for mul func" time="0">
    </testcase>
    <testcase classname=" test for mul func" name=" test for mul func" time="0">
    </testcase>
    <testcase classname=" test for mul func" name=" test for mul func" time="0">
    </testcase>
    <testcase classname=" test for mul func" name=" test for mul func" time="0">
    </testcase>
    <testcase classname=" test for mul func" name=" test for mul func" time="0">
    </testcase>
    <testcase classname=" test for mul func" name=" test for mul func" time="0">
    </testcase>
    <testcase classname=" test for mul func" name=" test for mul func" time="0">
    </testcase>
    <testcase classname=" test for mul func" name=" test for mul func" time="0">
    </testcase>
    <testcase classname=" test for mul func" name=" test for mul func" time="0">
    </testcase>
    <testcase classname=" test for mul func" name=" test for mul func" time="0">
    </testcase>
    <testcase classname=" test for mul func" name=" test for mul func" time="0">
    </testcase>
    <testcase classname=" test for mul func" name=" test for mul func" time="0">
    </testcase>
    <testcase classname=" test for mul func" name=" test for mul func" time="0.001">
    </testcase>
    <testcase classname=" test for mul func" name=" test for mul func" time="0">
    </testcase>
    <testcase classname=" test for mul func" name=" test for mul func" time="0">
    </testcase>
    <testcase classname=" test for mul func" name=" test for mul func" time="0">
    </testcase>
    <testcase classname=" test for mul func" name=" test for mul func" time="0">
    </testcase>
    <testcase classname=" test for mul func" name=" test for mul func" time="0">
    </testcase>
    <testcase classname=" test for mul func" name=" test for mul func" time="0">
    </testcase>
    <testcase classname=" test for mul func" name=" test for mul func" time="0.001">
    </testcase>
    <testcase classname=" test for mul func" name=" test for mul func" time="0">
    </testcase>
    <testcase classname=" test for mul func" name=" test for mul func" time="0">
    </testcase>
    <testcase classname=" test for mul func" name=" test for mul func" time="0">
    </testcase>
    <testcase classname=" test for mul func" name=" test for mul func" time="0">
    </testcase>
    <testcase classname=" test for mul func" name=" test for mul func" time="0">
    </testcase>
    <testcase classname=" test for mul func" name=" test for mul func" time="0">
    </testcase>
    <testcase classname=" test for mul func" name=" test for mul func" time="0.001">
    </testcase>
    <testcase classname=" test for mul func" name=" test for mul func" time="0">
    </testcase>
    <testcase classname=" test for mul func" name=" test for mul func" time="0">
    </testcase>
    <testcase classname=" test for mul func" name=" test for mul func" time="0">
    </testcase>
    <testcase classname=" test for mul func" name=" test for mul func" time="0">
    </testcase>
    <testcase classname=" test for mul func" name=" test for mul func" time="0">
    </testcase>
    <testcase classname=" test for mul func" name=" test for mul func" time="0">
    </testcase>
    <testcase classname=" test for mul func" name=" test for mul func" time="0.002">
    </testcase>
    <testcase classname=" test for mul func" name=" test for mul func" time="0">
    </testcase>
    <testcase classname=" test for mul func" name=" test for mul func" time="0.001">
    </testcase>
    <testcase classname=" test for mul func" name=" test for mul func" time="0">
    </testcase>
    <testcase classname=" test for mul func" name=" test for mul func" time="0">
    </testcase>
    <testcase classname=" test for mul func" name=" test for mul func" time="0">
    </testcase>
    <testcase classname=" test for mul func" name=" test for mul func" time="0">
    </testcase>
    <testcase classname=" test for mul func" name=" test for mul func" time="0">
    </testcase>
    <testcase classname=" test for mul func" name=" test for mul func" time="0">
    </testcase>
    <testcase classname=" test for mul func" name=" test for mul func" time="0">
    </testcase>
    <testcase classname=" test for mul func" name=" test for mul func" time="0">
    </testcase>
    <testcase classname=" test for mul func" name=" test for mul func" time="0">
    </testcase>
    <testcase classname=" test for mul func" name=" test for mul func" time="0">
    </testcase>
    <testcase classname=" test for mul func" name=" test for mul func" time="0">
    </testcase>
    <testcase classname=" test for mul func" name=" test for mul func" time="0.001">
    </testcase>
    <testcase classname=" test for mul func" name=" test for mul func" time="0">
    </testcase>
    <testcase classname=" test for mul func" name=" test for mul func" time="0">
    </testcase>
    <testcase classname=" test for mul func" name=" test for mul func" time="0">
    </testcase>
    <testcase classname=" test for mul func" name=" test for mul func" time="0">
    </testcase>
    <testcase classname=" test for mul func" name=" test for mul func" time="0">
    </testcase>
    <testcase classname=" test for mul func" name=" test for mul func" time="0">
    </testcase>
    <testcase classname=" test for mul func" name=" test for mul func" time="0">
    </testcase>
    <testcase classname=" test for mul func" name=" test for mul func" time="0">
    </testcase>
    <testcase classname=" test for mul func" name=" test for mul func" time="0">
    </testcase>
    <testcase classname=" test for mul func" name=" test for mul func" time="0">
    </testcase>
    <testcase classname=" test for mul func" name=" test for mul func" time="0">
    </testcase>
    <testcase classname=" test for mul func" name=" test for mul func" time="0">
    </testcase>
    <testcase classname=" test for mul func" name=" test for mul func" time="0">
    </testcase>
    <testcase classname=" test for mul func" name=" test for mul func" time="0.001">
    </testcase>
    <testcase classname=" test for mul func" name=" test for mul func" time="0">
    </testcase>
    <testcase classname=" test for mul func" name=" test for mul func" time="0">
    </testcase>
    <testcase classname=" test for mul func" name=" test for mul func" time="0">
    </testcase>
    <testcase classname=" test for mul func" name=" test for mul func" time="0">
    </testcase>
    <testcase classname=" test for mul func" name=" test for mul func" time="0">
    </testcase>
    <testcase classname=" test for mul func" name=" test for mul func" time="0">
    </testcase>
    <testcase classname=" test for mul func" name=" test for mul func" time="0.001">
    </testcase>
    <testcase classname=" test for mul func" name=" test for mul func" time="0">
    </testcase>
    <testcase classname=" test for mul func" name=" test for mul func" time="0">
    </testcase>
    <testcase classname=" test for mul func" name=" test for mul func" time="0">
    </testcase>
    <testcase classname=" test for mul func" name=" test for mul func" time="0">
    </testcase>
    <testcase classname=" test for mul func" name=" test for mul func" time="0">
    </testcase>
    <testcase classname=" test for mul func" name=" test for mul func" time="0">
    </testcase>
    <testcase classname=" test for mul func" name=" test for mul func" time="0">
    </testcase>
    <testcase classname=" test for mul func" name=" test for mul func" time="0">
    </testcase>
    <testcase classname=" test for mul func" name=" test for mul func" time="0">
    </testcase>
    <testcase classname=" test for mul func" name=" test for mul func" time="0">
    </testcase>
    <testcase classname=" test for mul func" name=" test for mul func" time="0">
    </testcase>
    <testcase classname=" test for mul func" name=" test for mul func" time="0">
    </testcase>
    <testcase classname=" test for mul func" name=" test for mul func" time="0">
    </testcase>
    <testcase classname=" test for mul func" name=" test for mul func" time="0">
    </testcase>
    <testcase classname=" test for mul func" name=" test for mul func" time="0.001">
    </testcase>
    <testcase classname=" test for mul func" name=" test for mul func" time="0">
    </testcase>
    <testcase classname=" test for mul func" name=" test for mul func" time="0">
    </testcase>
    <testcase classname=" test for mul func" name=" test for mul func" time="0.001">
    </testcase>
    <testcase classname=" test for mul func" name=" test for mul func" time="0">
    </testcase>
    <testcase classname=" test for mul func" name=" test for mul func" time="0">
    </testcase>
    <testcase classname=" test for mul func" name=" test for mul func" time="0.001">
    </testcase>
    <testcase classname=" test for mul func" name=" test for mul func" time="0">
    </testcase>
    <testcase classname=" test for mul func" name=" test for mul func" time="0">
    </testcase>
    <testcase classname=" test for mul func" name=" test for mul func" time="0">
    </testcase>
    <testcase classname=" test for mul func" name=" test for mul func" time="0">
    </testcase>
    <testcase classname=" test for mul func" name=" test for mul func" time="0">
    </testcase>
    <testcase classname=" test for mul func" name=" test for mul func" time="0">
    </testcase>
    <testcase classname=" test for mul func" name=" test for mul func" time="0.001">
    </testcase>
    <testcase classname=" test for mul func" name=" test for mul func" time="0">
    </testcase>
    <testcase classname=" test for mul func" name=" test for mul func" time="0">
    </testcase>
    <testcase classname=" test for mul func" name=" test for mul func" time="0">
    </testcase>
    <testcase classname=" test for mul func" name=" test for mul func" time="0">
    </testcase>
    <testcase classname=" test for mul func" name=" test for mul func" time="0">
    </testcase>
    <testcase classname=" test for mul func" name=" test for mul func" time="0.001">
    </testcase>
    <testcase classname=" test for mul func" name=" test for mul func" time="0">
    </testcase>
    <testcase classname=" test for mul func" name=" test for mul func" time="0">
    </testcase>
    <testcase classname=" test for mul func" name=" test for mul func" time="0">
    </testcase>
    <testcase classname=" test for mul func" name=" test for mul func" time="0">
    </testcase>
    <testcase classname=" test for mul func" name=" test for mul func" time="0">
    </testcase>
    <testcase classname=" test for mul func" name=" test for mul func" time="0">
    </testcase>
    <testcase classname=" test for mul func" name=" test for mul func" time="0">
    </testcase>
    <testcase classname=" test for mul func" name=" test for mul func" time="0.001">
    </testcase>
    <testcase classname=" test for mul func" name=" test for mul func" time="0">
    </testcase>
    <testcase classname=" test for mul func" name=" test for mul func" time="0">
    </testcase>
    <testcase classname=" test for mul func" name=" test for mul func" time="0">
    </testcase>
    <testcase classname=" test for mul func" name=" test for mul func" time="0">
    </testcase>
    <testcase classname=" test for mul func" name=" test for mul func" time="0">
    </testcase>
    <testcase classname=" test for mul func" name=" test for mul func" time="0">
    </testcase>
    <testcase classname=" test for mul func" name=" test for mul func" time="0.001">
    </testcase>
    <testcase classname=" test for mul func" name=" test for mul func" time="0">
    </testcase>
    <testcase classname=" test for mul func" name=" test for mul func" time="0">
    </testcase>
    <testcase classname=" test for mul func" name=" test for mul func" time="0">
    </testcase>
    <testcase classname=" test for mul func" name=" test for mul func" time="0">
    </testcase>
    <testcase classname=" test for mul func" name=" test for mul func" time="0">
    </testcase>
    <testcase classname=" test for mul func" name=" test for mul func" time="0">
    </testcase>
    <testcase classname=" test for mul func" name=" test for mul func" time="0">
    </testcase>
    <testcase classname=" test for mul func" name=" test for mul func" time="0.001">
    </testcase>
    <testcase classname=" test for mul func" name=" test for mul func" time="0">
    </testcase>
    <testcase classname=" test for mul func" name=" test for mul func" time="0">
    </testcase>
    <testcase classname=" test for mul func" name=" test for mul func" time="0">
    </testcase>
    <testcase classname=" test for mul func" name=" test for mul func" time="0">
    </testcase>
    <testcase classname=" test for mul func" name=" test for mul func" time="0">
    </testcase>
    <testcase classname=" test for mul func" name=" test for mul func" time="0">
    </testcase>
    <testcase classname=" test for mul func" name=" test for mul func" time="0">
    </testcase>
    <testcase classname=" test for mul func" name=" test for mul func" time="0">
    </testcase>
    <testcase classname=" test for mul func" name=" test for mul func" time="0">
    </testcase>
    <testcase classname=" test for mul func" name=" test for mul func" time="0">
    </testcase>
    <testcase classname=" test for mul func" name=" test for mul func" time="0">
    </testcase>
    <testcase classname=" test for mul func" name=" test for mul func" time="0">
    </testcase>
    <testcase classname=" test for mul func" name=" test for mul func" time="0">
    </testcase>
    <testcase classname=" test for mul func" name=" test for mul func" time="0">
    </testcase>
    <testcase classname=" test for mul func" name=" test for mul func" time="0.001">
    </testcase>
    <testcase classname=" test for mul func" name=" test for mul func" time="0">
    </testcase>
    <testcase classname=" test for mul func" name=" test for mul func" time="0">
    </testcase>
    <testcase classname=" test for mul func" name=" test for mul func" time="0">
    </testcase>
    <testcase classname=" test for mul func" name=" test for mul func" time="0">
    </testcase>
    <testcase classname=" test for mul func" name=" test for mul func" time="0">
    </testcase>
    <testcase classname=" test for mul func" name=" test for mul func" time="0">
    </testcase>
    <testcase classname=" test for mul func" name=" test for mul func" time="0">
    </testcase>
    <testcase classname=" test for mul func" name=" test for mul func" time="0.001">
    </testcase>
    <testcase classname=" test for mul func" name=" test for mul func" time="0">
    </testcase>
    <testcase classname=" test for mul func" name=" test for mul func" time="0">
    </testcase>
    <testcase classname=" test for mul func" name=" test for mul func" time="0">
    </testcase>
    <testcase classname=" test for mul func" name=" test for mul func" time="0">
    </testcase>
    <testcase classname=" test for mul func" name=" test for mul func" time="0.001">
    </testcase>
    <testcase classname=" test for mul func" name=" test for mul func" time="0">
    </testcase>
    <testcase classname=" test for mul func" name=" test for mul func" time="0">
    </testcase>
    <testcase classname=" test for mul func" name=" test for mul func" time="0">
    </testcase>
    <testcase classname=" test for mul func" name=" test for mul func" time="0.001">
    </testcase>
    <testcase classname=" test for mul func" name=" test for mul func" time="0">
    </testcase>
    <testcase classname=" test for mul func" name=" test for mul func" time="0">
    </testcase>
    <testcase classname=" test for mul func" name=" test for mul func" time="0">
    </testcase>
    <testcase classname=" test for mul func" name=" test for mul func" time="0.001">
    </testcase>
    <testcase classname=" test for mul func" name=" test for mul func" time="0">
    </testcase>
    <testcase classname=" test for mul func" name=" test for mul func" time="0">
    </testcase>
    <testcase classname=" test for mul func" name=" test for mul func" time="0">
    </testcase>
    <testcase classname=" test for mul func" name=" test for mul func" time="0.001">
    </testcase>
    <testcase classname=" test for mul func" name=" test for mul func" time="0">
    </testcase>
    <testcase classname=" test for mul func" name=" test for mul func" time="0">
    </testcase>
    <testcase classname=" test for mul func" name=" test for mul func" time="0">
    </testcase>
    <testcase classname=" test for mul func" name=" test for mul func" time="0.001">
    </testcase>
    <testcase classname=" test for mul func" name=" test for mul func" time="0">
    </testcase>
    <testcase classname=" test for mul func" name=" test for mul func" time="0">
    </testcase>
    <testcase classname=" test for mul func" name=" test for mul func" time="0.001">
    </testcase>
    <testcase classname=" test for mul func" name=" test for mul func" time="0">
    </testcase>
    <testcase classname=" test for mul func" name=" test for mul func" time="0">
    </testcase>
    <testcase classname=" test for mul func" name=" test for mul func" time="0">
    </testcase>
    <testcase classname=" test for mul func" name=" test for mul func" time="0">
    </testcase>
    <testcase classname=" test for mul func" name=" test for mul func" time="0">
    </testcase>
    <testcase classname=" test for mul func" name=" test for mul func" time="0">
    </testcase>
    <testcase classname=" test for mul func" name=" test for mul func" time="0">
    </testcase>
    <testcase classname=" test for mul func" name=" test for mul func" time="0">
    </testcase>
    <testcase classname=" test for mul func" name=" test for mul func" time="0">
    </testcase>
    <testcase classname=" test for mul func" name=" test for mul func" time="0">
    </testcase>
    <testcase classname=" test for mul func" name=" test for mul func" time="0">
    </testcase>
    <testcase classname=" test for mul func" name=" test for mul func" time="0">
    </testcase>
    <testcase classname=" test for mul func" name=" test for mul func" time="0">
    </testcase>
    <testcase classname=" test for mul func" name=" test for mul func" time="0">
    </testcase>
    <testcase classname=" test for mul func" name=" test for mul func" time="0">
    </testcase>
    <testcase classname=" test for mul func" name=" test for mul func" time="0">
    </testcase>
    <testcase classname=" test for mul func" name=" test for mul func" time="0">
    </testcase>
    <testcase classname=" test for mul func" name=" test for mul func" time="0">
    </testcase>
    <testcase classname=" test for mul func" name=" test for mul func" time="0">
    </testcase>
    <testcase classname=" test for mul func" name=" test for mul func" time="0">
    </testcase>
    <testcase classname=" test for mul func" name=" test for mul func" time="0.001">
    </testcase>
    <testcase classname=" test for mul func" name=" test for mul func" time="0">
    </testcase>
    <testcase classname=" test for mul func" name=" test for mul func" time="0">
    </testcase>
    <testcase classname=" test for mul func" name=" test for mul func" time="0">
    </testcase>
    <testcase classname=" test for mul func" name=" test for mul func" time="0">
    </testcase>
    <testcase classname=" test for mul func" name=" test for mul func" time="0">
    </testcase>
    <testcase classname=" test for mul func" name=" test for mul func" time="0">
    </testcase>
    <testcase classname=" test for mul func" name=" test for mul func" time="0">
    </testcase>
    <testcase classname=" test for mul func" name=" test for mul func" time="0.001">
    </testcase>
    <testcase classname=" test for mul func" name=" test for mul func" time="0">
    </testcase>
    <testcase classname=" test for mul func" name=" test for mul func" time="0">
    </testcase>
    <testcase classname=" test for mul func" name=" test for mul func" time="0">
    </testcase>
    <testcase classname=" test for mul func" name=" test for mul func" time="0">
    </testcase>
    <testcase classname=" test for mul func" name=" test for mul func" time="0">
    </testcase>
    <testcase classname=" test for mul func" name=" test for mul func" time="0">
    </testcase>
    <testcase classname=" test for mul func" name=" test for mul func" time="0">
    </testcase>
    <testcase classname=" test for mul func" name=" test for mul func" time="0.001">
    </testcase>
    <testcase classname=" test for mul func" name=" test for mul func" time="0">
    </testcase>
    <testcase classname=" test for mul func" name=" test for mul func" time="0">
    </testcase>
    <testcase classname=" test for mul func" name=" test for mul func" time="0">
    </testcase>
    <testcase classname=" test for mul func" name=" test for mul func" time="0">
    </testcase>
    <testcase classname=" test for mul func" name=" test for mul func" time="0">
    </testcase>
    <testcase classname=" test for mul func" name=" test for mul func" time="0">
    </testcase>
    <testcase classname=" test for mul func" name=" test for mul func" time="0.001">
    </testcase>
    <testcase classname=" test for mul func" name=" test for mul func" time="0">
    </testcase>
    <testcase classname=" test for mul func" name=" test for mul func" time="0">
    </testcase>
    <testcase classname=" test for mul func" name=" test for mul func" time="0">
    </testcase>
    <testcase classname=" test for mul func" name=" test for mul func" time="0.001">
    </testcase>
    <testcase classname=" test for mul func" name=" test for mul func" time="0">
    </testcase>
    <testcase classname=" test for mul func" name=" test for mul func" time="0">
    </testcase>
    <testcase classname=" test for mul func" name=" test for mul func" time="0">
    </testcase>
    <testcase classname=" test for mul func" name=" test for mul func" time="0">
    </testcase>
    <testcase classname=" test for mul func" name=" test for mul func" time="0.001">
    </testcase>
    <testcase classname=" test for mul func" name=" test for mul func" time="0">
    </testcase>
    <testcase classname=" test for mul func" name=" test for mul func" time="0">
    </testcase>
    <testcase classname=" test for mul func" name=" test for mul func" time="0">
    </testcase>
    <testcase classname=" test for mul func" name=" test for mul func" time="0">
    </testcase>
    <testcase classname=" test for mul func" name=" test for mul func" time="0">
    </testcase>
    <testcase classname=" test for mul func" name=" test for mul func" time="0">
    </testcase>
    <testcase classname=" test for mul func" name=" test for mul func" time="0">
    </testcase>
    <testcase classname=" test for mul func" name=" test for mul func" time="0.001">
    </testcase>
    <testcase classname=" test for mul func" name=" test for mul func" time="0">
    </testcase>
    <testcase classname=" test for mul func" name=" test for mul func" time="0">
    </testcase>
    <testcase classname=" test for mul func" name=" test for mul func" time="0">
    </testcase>
    <testcase classname=" test for mul func" name=" test for mul func" time="0">
    </testcase>
    <testcase classname=" test for mul func" name=" test for mul func" time="0">
    </testcase>
    <testcase classname=" test for mul func" name=" test for mul func" time="0">
    </testcase>
    <testcase classname=" test for mul func" name=" test for mul func" time="0">
    </testcase>
    <testcase classname=" test for mul func" name=" test for mul func" time="0.001">
    </testcase>
    <testcase classname=" test for mul func" name=" test for mul func" time="0">
    </testcase>
    <testcase classname=" test for mul func" name=" test for mul func" time="0">
    </testcase>
    <testcase classname=" test for mul func" name=" test for mul func" time="0">
    </testcase>
    <testcase classname=" test for mul func" name=" test for mul func" time="0">
    </testcase>
    <testcase classname=" test for mul func" name=" test for mul func" time="0">
    </testcase>
    <testcase classname=" test for mul func" name=" test for mul func" time="0">
    </testcase>
    <testcase classname=" test for mul func" name=" test for mul func" time="0">
    </testcase>
    <testcase classname=" test for mul func" name=" test for mul func" time="0.001">
    </testcase>
    <testcase classname=" test for mul func" name=" test for mul func" time="0">
    </testcase>
    <testcase classname=" test for mul func" name=" test for mul func" time="0">
    </testcase>
    <testcase classname=" test for mul func" name=" test for mul func" time="0">
    </testcase>
    <testcase classname=" test for mul func" name=" test for mul func" time="0">
    </testcase>
    <testcase classname=" test for mul func" name=" test for mul func" time="0">
    </testcase>
    <testcase classname=" test for mul func" name=" test for mul func" time="0">
    </testcase>
    <testcase classname=" test for mul func" name=" test for mul func" time="0">
    </testcase>
    <testcase classname=" test for mul func" name=" test for mul func" time="0">
    </testcase>
    <testcase classname=" test for mul func" name=" test for mul func" time="0.001">
    </testcase>
    <testcase classname=" test for mul func" name=" test for mul func" time="0">
    </testcase>
    <testcase classname=" test for mul func" name=" test for mul func" time="0">
    </testcase>
    <testcase classname=" test for mul func" name=" test for mul func" time="0">
    </testcase>
    <testcase classname=" test for mul func" name=" test for mul func" time="0">
    </testcase>
    <testcase classname=" test for mul func" name=" test for mul func" time="0">
    </testcase>
    <testcase classname=" test for mul func" name=" test for mul func" time="0">
    </testcase>
    <testcase classname=" test for mul func" name=" test for mul func" time="0">
    </testcase>
    <testcase classname=" test for mul func" name=" test for mul func" time="0.001">
    </testcase>
    <testcase classname=" test for mul func" name=" test for mul func" time="0">
    </testcase>
    <testcase classname=" test for mul func" name=" test for mul func" time="0">
    </testcase>
    <testcase classname=" test for mul func" name=" test for mul func" time="0">
    </testcase>
    <testcase classname=" test for mul func" name=" test for mul func" time="0">
    </testcase>
    <testcase classname=" test for mul func" name=" test for mul func" time="0">
    </testcase>
    <testcase classname=" test for mul func" name=" test for mul func" time="0">
    </testcase>
    <testcase classname=" test for mul func" name=" test for mul func" time="0">
    </testcase>
    <testcase classname=" test for mul func" name=" test for mul func" time="0">
    </testcase>
    <testcase classname=" test for mul func" name=" test for mul func" time="0.001">
    </testcase>
    <testcase classname=" test for mul func" name=" test for mul func" time="0">
    </testcase>
    <testcase classname=" test for mul func" name=" test for mul func" time="0">
    </testcase>
    <testcase classname=" test for mul func" name=" test for mul func" time="0">
    </testcase>
    <testcase classname=" test for mul func" name=" test for mul func" time="0">
    </testcase>
    <testcase classname=" test for mul func" name=" test for mul func" time="0">
    </testcase>
    <testcase classname=" test for mul func" name=" test for mul func" time="0">
    </testcase>
    <testcase classname=" test for mul func" name=" test for mul func" time="0">
    </testcase>
    <testcase classname=" test for mul func" name=" test for mul func" time="0.001">
    </testcase>
    <testcase classname=" test for mul func" name=" test for mul func" time="0">
    </testcase>
    <testcase classname=" test for mul func" name=" test for mul func" time="0">
    </testcase>
    <testcase classname=" test for mul func" name=" test for mul func" time="0">
    </testcase>
    <testcase classname=" test for mul func" name=" test for mul func" time="0">
    </testcase>
    <testcase classname=" test for mul func" name=" test for mul func" time="0">
    </testcase>
    <testcase classname=" test for mul func" name=" test for mul func" time="0">
    </testcase>
    <testcase classname=" test for mul func" name=" test for mul func" time="0">
    </testcase>
    <testcase classname=" test for mul func" name=" test for mul func" time="0.001">
    </testcase>
    <testcase classname=" test for mul func" name=" test for mul func" time="0">
    </testcase>
    <testcase classname=" test for mul func" name=" test for mul func" time="0">
    </testcase>
    <testcase classname=" test for mul func" name=" test for mul func" time="0">
    </testcase>
    <testcase classname=" test for mul func" name=" test for mul func" time="0">
    </testcase>
    <testcase classname=" test for mul func" name=" test for mul func" time="0">
    </testcase>
    <testcase classname=" test for mul func" name=" test for mul func" time="0">
    </testcase>
    <testcase classname=" test for mul func" name=" test for mul func" time="0">
    </testcase>
    <testcase classname=" test for mul func" name=" test for mul func" time="0">
    </testcase>
    <testcase classname=" test for mul func" name=" test for mul func" time="0">
    </testcase>
    <testcase classname=" test for mul func" name=" test for mul func" time="0">
    </testcase>
    <testcase classname=" test for mul func" name=" test for mul func" time="0">
    </testcase>
    <testcase classname=" test for mul func" name=" test for mul func" time="0">
    </testcase>
    <testcase classname=" test for mul func" name=" test for mul func" time="0">
    </testcase>
    <testcase classname=" test for mul func" name=" test for mul func" time="0">
    </testcase>
    <testcase classname=" test for mul func" name=" test for mul func" time="0">
    </testcase>
    <testcase classname=" test for mul func" name=" test for mul func" time="0">
    </testcase>
    <testcase classname=" test for mul func" name=" test for mul func" time="0.001">
    </testcase>
    <testcase classname=" test for mul func" name=" test for mul func" time="0">
    </testcase>
    <testcase classname=" test for mul func" name=" test for mul func" time="0">
    </testcase>
    <testcase classname=" test for mul func" name=" test for mul func" time="0">
    </testcase>
    <testcase classname=" test for mul func" name=" test for mul func" time="0">
    </testcase>
    <testcase classname=" test for mul func" name=" test for mul func" time="0">
    </testcase>
    <testcase classname=" test for mul func" name=" test for mul func" time="0">
    </testcase>
    <testcase classname=" test for mul func" name=" test for mul func" time="0">
    </testcase>
    <testcase classname=" test for mul func" name=" test for mul func" time="0">
    </testcase>
    <testcase classname=" test for mul func" name=" test for mul func" time="0.001">
    </testcase>
    <testcase classname=" test for mul func" name=" test for mul func" time="0">
    </testcase>
    <testcase classname=" test for mul func" name=" test for mul func" time="0">
    </testcase>
    <testcase classname=" test for mul func" name=" test for mul func" time="0">
    </testcase>
    <testcase classname=" test for mul func" name=" test for mul func" time="0">
    </testcase>
    <testcase classname=" test for mul func" name=" test for mul func" time="0">
    </testcase>
    <testcase classname=" test for mul func" name=" test for mul func" time="0">
    </testcase>
    <testcase classname=" test for mul func" name=" test for mul func" time="0">
    </testcase>
    <testcase classname=" test for mul func" name=" test for mul func" time="0.001">
    </testcase>
    <testcase classname=" test for mul func" name=" test for mul func" time="0">
    </testcase>
    <testcase classname=" test for mul func" name=" test for mul func" time="0">
    </testcase>
    <testcase classname=" test for mul func" name=" test for mul func" time="0">
    </testcase>
    <testcase classname=" test for mul func" name=" test for mul func" time="0">
    </testcase>
    <testcase classname=" test for mul func" name=" test for mul func" time="0">
    </testcase>
    <testcase classname=" test for mul func" name=" test for mul func" time="0">
    </testcase>
    <testcase classname=" test for mul func" name=" test for mul func" time="0">
    </testcase>
    <testcase classname=" test for mul func" name=" test for mul func" time="0">
    </testcase>
    <testcase classname=" test for mul func" name=" test for mul func" time="0.001">
    </testcase>
    <testcase classname=" test for mul func" name=" test for mul func" time="0">
    </testcase>
    <testcase classname=" test for mul func" name=" test for mul func" time="0">
    </testcase>
    <testcase classname=" test for mul func" name=" test for mul func" time="0">
    </testcase>
    <testcase classname=" test for mul func" name=" test for mul func" time="0">
    </testcase>
    <testcase classname=" test for mul func" name=" test for mul func" time="0">
    </testcase>
    <testcase classname=" test for mul func" name=" test for mul func" time="0">
    </testcase>
    <testcase classname=" test for mul func" name=" test for mul func" time="0">
    </testcase>
    <testcase classname=" test for mul func" name=" test for mul func" time="0">
    </testcase>
    <testcase classname=" test for mul func" name=" test for mul func" time="0.001">
    </testcase>
    <testcase classname=" test for mul func" name=" test for mul func" time="0">
    </testcase>
    <testcase classname=" test for mul func" name=" test for mul func" time="0">
    </testcase>
    <testcase classname=" test for mul func" name=" test for mul func" time="0">
    </testcase>
    <testcase classname=" test for mul func" name=" test for mul func" time="0">
    </testcase>
    <testcase classname=" test for mul func" name=" test for mul func" time="0">
    </testcase>
    <testcase classname=" test for mul func" name=" test for mul func" time="0">
    </testcase>
    <testcase classname=" test for mul func" name=" test for mul func" time="0">
    </testcase>
    <testcase classname=" test for mul func" name=" test for mul func" time="0">
    </testcase>
    <testcase classname=" test for mul func" name=" test for mul func" time="0">
    </testcase>
    <testcase classname=" test for mul func" name=" test for mul func" time="0">
    </testcase>
    <testcase classname=" test for mul func" name=" test for mul func" time="0.001">
    </testcase>
    <testcase classname=" test for mul func" name=" test for mul func" time="0">
    </testcase>
    <testcase classname=" test for mul func" name=" test for mul func" time="0.001">
    </testcase>
    <testcase classname=" test for mul func" name=" test for mul func" time="0">
    </testcase>
    <testcase classname=" test for mul func" name=" test for mul func" time="0">
    </testcase>
    <testcase classname=" test for mul func" name=" test for mul func" time="0">
    </testcase>
    <testcase classname=" test for mul func" name=" test for mul func" time="0">
    </testcase>
    <testcase classname=" test for mul func" name=" test for mul func" time="0">
    </testcase>
    <testcase classname=" test for mul func" name=" test for mul func" time="0">
    </testcase>
    <testcase classname=" test for mul func" name=" test for mul func" time="0">
    </testcase>
    <testcase classname=" test for mul func" name=" test for mul func" time="0.001">
    </testcase>
    <testcase classname=" test for mul func" name=" test for mul func" time="0">
    </testcase>
    <testcase classname=" test for mul func" name=" test for mul func" time="0">
    </testcase>
    <testcase classname=" test for mul func" name=" test for mul func" time="0">
    </testcase>
    <testcase classname=" test for mul func" name=" test for mul func" time="0">
    </testcase>
    <testcase classname=" test for mul func" name=" test for mul func" time="0">
    </testcase>
    <testcase classname=" test for mul func" name=" test for mul func" time="0">
    </testcase>
    <testcase classname=" test for mul func" name=" test for mul func" time="0">
    </testcase>
    <testcase classname=" test for mul func" name=" test for mul func" time="0">
    </testcase>
    <testcase classname=" test for mul func" name=" test for mul func" time="0.001">
    </testcase>
    <testcase classname=" test for mul func" name=" test for mul func" time="0">
    </testcase>
    <testcase classname=" test for mul func" name=" test for mul func" time="0">
    </testcase>
    <testcase classname=" test for mul func" name=" test for mul func" time="0">
    </testcase>
    <testcase classname=" test for mul func" name=" test for mul func" time="0">
    </testcase>
    <testcase classname=" test for mul func" name=" test for mul func" time="0.001">
    </testcase>
    <testcase classname=" test for mul func" name=" test for mul func" time="0">
    </testcase>
    <testcase classname=" test for mul func" name=" test for mul func" time="0">
    </testcase>
    <testcase classname=" test for mul func" name=" test for mul func" time="0">
    </testcase>
    <testcase classname=" test for mul func" name=" test for mul func" time="0">
    </testcase>
    <testcase classname=" test for mul func" name=" test for mul func" time="0">
    </testcase>
    <testcase classname=" test for mul func" name=" test for mul func" time="0">
    </testcase>
    <testcase classname=" test for mul func" name=" test for mul func" time="0.001">
    </testcase>
    <testcase classname=" test for mul func" name=" test for mul func" time="0">
    </testcase>
    <testcase classname=" test for mul func" name=" test for mul func" time="0">
    </testcase>
    <testcase classname=" test for mul func" name=" test for mul func" time="0">
    </testcase>
    <testcase classname=" test for mul func" name=" test for mul func" time="0">
    </testcase>
  </testsuite>
  <testsuite name="undefined" errors="0" failures="0" skipped="0" timestamp="2020-09-01T02:18:13" time="2.335" tests="1501">
    <testcase classname=" add 1 + 1 to equal 2" name=" add 1 + 1 to equal 2" time="0.003">
    </testcase>
    <testcase classname=" add 1 + 1 to equal 2" name=" add 1 + 1 to equal 2" time="0">
    </testcase>
    <testcase classname=" add 1 + 1 to equal 2" name=" add 1 + 1 to equal 2" time="0">
    </testcase>
    <testcase classname=" add 1 + 1 to equal 2" name=" add 1 + 1 to equal 2" time="0">
    </testcase>
    <testcase classname=" add 1 + 1 to equal 2" name=" add 1 + 1 to equal 2" time="0">
    </testcase>
    <testcase classname=" add 1 + 1 to equal 2" name=" add 1 + 1 to equal 2" time="0">
    </testcase>
    <testcase classname=" add 1 + 1 to equal 2" name=" add 1 + 1 to equal 2" time="0">
    </testcase>
    <testcase classname=" add 1 + 1 to equal 2" name=" add 1 + 1 to equal 2" time="0">
    </testcase>
    <testcase classname=" add 1 + 1 to equal 2" name=" add 1 + 1 to equal 2" time="0">
    </testcase>
    <testcase classname=" add 1 + 1 to equal 2" name=" add 1 + 1 to equal 2" time="0">
    </testcase>
    <testcase classname=" add 1 + 1 to equal 2" name=" add 1 + 1 to equal 2" time="0">
    </testcase>
    <testcase classname=" add 1 + 1 to equal 2" name=" add 1 + 1 to equal 2" time="0">
    </testcase>
    <testcase classname=" add 1 + 1 to equal 2" name=" add 1 + 1 to equal 2" time="0.001">
    </testcase>
    <testcase classname=" add 1 + 1 to equal 2" name=" add 1 + 1 to equal 2" time="0">
    </testcase>
    <testcase classname=" add 1 + 1 to equal 2" name=" add 1 + 1 to equal 2" time="0.001">
    </testcase>
    <testcase classname=" add 1 + 1 to equal 2" name=" add 1 + 1 to equal 2" time="0">
    </testcase>
    <testcase classname=" add 1 + 1 to equal 2" name=" add 1 + 1 to equal 2" time="0.001">
    </testcase>
    <testcase classname=" add 1 + 1 to equal 2" name=" add 1 + 1 to equal 2" time="0">
    </testcase>
    <testcase classname=" add 1 + 1 to equal 2" name=" add 1 + 1 to equal 2" time="0">
    </testcase>
    <testcase classname=" add 1 + 1 to equal 2" name=" add 1 + 1 to equal 2" time="0.001">
    </testcase>
    <testcase classname=" add 1 + 1 to equal 2" name=" add 1 + 1 to equal 2" time="0.001">
    </testcase>
    <testcase classname=" add 1 + 1 to equal 2" name=" add 1 + 1 to equal 2" time="0">
    </testcase>
    <testcase classname=" add 1 + 1 to equal 2" name=" add 1 + 1 to equal 2" time="0.001">
    </testcase>
    <testcase classname=" add 1 + 1 to equal 2" name=" add 1 + 1 to equal 2" time="0">
    </testcase>
    <testcase classname=" add 1 + 1 to equal 2" name=" add 1 + 1 to equal 2" time="0">
    </testcase>
    <testcase classname=" add 1 + 1 to equal 2" name=" add 1 + 1 to equal 2" time="0">
    </testcase>
    <testcase classname=" add 1 + 1 to equal 2" name=" add 1 + 1 to equal 2" time="0">
    </testcase>
    <testcase classname=" add 1 + 1 to equal 2" name=" add 1 + 1 to equal 2" time="0.001">
    </testcase>
    <testcase classname=" add 1 + 1 to equal 2" name=" add 1 + 1 to equal 2" time="0">
    </testcase>
    <testcase classname=" add 1 + 1 to equal 2" name=" add 1 + 1 to equal 2" time="0">
    </testcase>
    <testcase classname=" add 1 + 1 to equal 2" name=" add 1 + 1 to equal 2" time="0">
    </testcase>
    <testcase classname=" add 1 + 1 to equal 2" name=" add 1 + 1 to equal 2" time="0">
    </testcase>
    <testcase classname=" add 1 + 1 to equal 2" name=" add 1 + 1 to equal 2" time="0.001">
    </testcase>
    <testcase classname=" add 1 + 1 to equal 2" name=" add 1 + 1 to equal 2" time="0">
    </testcase>
    <testcase classname=" add 1 + 1 to equal 2" name=" add 1 + 1 to equal 2" time="0.001">
    </testcase>
    <testcase classname=" add 1 + 1 to equal 2" name=" add 1 + 1 to equal 2" time="0">
    </testcase>
    <testcase classname=" add 1 + 1 to equal 2" name=" add 1 + 1 to equal 2" time="0">
    </testcase>
    <testcase classname=" add 1 + 1 to equal 2" name=" add 1 + 1 to equal 2" time="0">
    </testcase>
    <testcase classname=" add 1 + 1 to equal 2" name=" add 1 + 1 to equal 2" time="0">
    </testcase>
    <testcase classname=" add 1 + 1 to equal 2" name=" add 1 + 1 to equal 2" time="0.001">
    </testcase>
    <testcase classname=" add 1 + 1 to equal 2" name=" add 1 + 1 to equal 2" time="0">
    </testcase>
    <testcase classname=" add 1 + 1 to equal 2" name=" add 1 + 1 to equal 2" time="0">
    </testcase>
    <testcase classname=" add 1 + 1 to equal 2" name=" add 1 + 1 to equal 2" time="0.001">
    </testcase>
    <testcase classname=" add 1 + 1 to equal 2" name=" add 1 + 1 to equal 2" time="0">
    </testcase>
    <testcase classname=" add 1 + 1 to equal 2" name=" add 1 + 1 to equal 2" time="0">
    </testcase>
    <testcase classname=" add 1 + 1 to equal 2" name=" add 1 + 1 to equal 2" time="0.001">
    </testcase>
    <testcase classname=" add 1 + 1 to equal 2" name=" add 1 + 1 to equal 2" time="0">
    </testcase>
    <testcase classname=" add 1 + 1 to equal 2" name=" add 1 + 1 to equal 2" time="0">
    </testcase>
    <testcase classname=" add 1 + 1 to equal 2" name=" add 1 + 1 to equal 2" time="0">
    </testcase>
    <testcase classname=" add 1 + 1 to equal 2" name=" add 1 + 1 to equal 2" time="0">
    </testcase>
    <testcase classname=" add 1 + 1 to equal 2" name=" add 1 + 1 to equal 2" time="0.001">
    </testcase>
    <testcase classname=" add 1 + 1 to equal 2" name=" add 1 + 1 to equal 2" time="0">
    </testcase>
    <testcase classname=" add 1 + 1 to equal 2" name=" add 1 + 1 to equal 2" time="0">
    </testcase>
    <testcase classname=" add 1 + 1 to equal 2" name=" add 1 + 1 to equal 2" time="0.001">
    </testcase>
    <testcase classname=" add 1 + 1 to equal 2" name=" add 1 + 1 to equal 2" time="0">
    </testcase>
    <testcase classname=" add 1 + 1 to equal 2" name=" add 1 + 1 to equal 2" time="0">
    </testcase>
    <testcase classname=" add 1 + 1 to equal 2" name=" add 1 + 1 to equal 2" time="0.001">
    </testcase>
    <testcase classname=" add 1 + 1 to equal 2" name=" add 1 + 1 to equal 2" time="0">
    </testcase>
    <testcase classname=" add 1 + 1 to equal 2" name=" add 1 + 1 to equal 2" time="0">
    </testcase>
    <testcase classname=" add 1 + 1 to equal 2" name=" add 1 + 1 to equal 2" time="0.001">
    </testcase>
    <testcase classname=" add 1 + 1 to equal 2" name=" add 1 + 1 to equal 2" time="0">
    </testcase>
    <testcase classname=" add 1 + 1 to equal 2" name=" add 1 + 1 to equal 2" time="0">
    </testcase>
    <testcase classname=" add 1 + 1 to equal 2" name=" add 1 + 1 to equal 2" time="0.001">
    </testcase>
    <testcase classname=" add 1 + 1 to equal 2" name=" add 1 + 1 to equal 2" time="0">
    </testcase>
    <testcase classname=" add 1 + 1 to equal 2" name=" add 1 + 1 to equal 2" time="0">
    </testcase>
    <testcase classname=" add 1 + 1 to equal 2" name=" add 1 + 1 to equal 2" time="0.001">
    </testcase>
    <testcase classname=" add 1 + 1 to equal 2" name=" add 1 + 1 to equal 2" time="0">
    </testcase>
    <testcase classname=" add 1 + 1 to equal 2" name=" add 1 + 1 to equal 2" time="0">
    </testcase>
    <testcase classname=" add 1 + 1 to equal 2" name=" add 1 + 1 to equal 2" time="0.001">
    </testcase>
    <testcase classname=" add 1 + 1 to equal 2" name=" add 1 + 1 to equal 2" time="0">
    </testcase>
    <testcase classname=" add 1 + 1 to equal 2" name=" add 1 + 1 to equal 2" time="0">
    </testcase>
    <testcase classname=" add 1 + 1 to equal 2" name=" add 1 + 1 to equal 2" time="0.001">
    </testcase>
    <testcase classname=" add 1 + 1 to equal 2" name=" add 1 + 1 to equal 2" time="0">
    </testcase>
    <testcase classname=" add 1 + 1 to equal 2" name=" add 1 + 1 to equal 2" time="0">
    </testcase>
    <testcase classname=" add 1 + 1 to equal 2" name=" add 1 + 1 to equal 2" time="0.001">
    </testcase>
    <testcase classname=" add 1 + 1 to equal 2" name=" add 1 + 1 to equal 2" time="0">
    </testcase>
    <testcase classname=" add 1 + 1 to equal 2" name=" add 1 + 1 to equal 2" time="0">
    </testcase>
    <testcase classname=" add 1 + 1 to equal 2" name=" add 1 + 1 to equal 2" time="0.001">
    </testcase>
    <testcase classname=" add 1 + 1 to equal 2" name=" add 1 + 1 to equal 2" time="0">
    </testcase>
    <testcase classname=" add 1 + 1 to equal 2" name=" add 1 + 1 to equal 2" time="0">
    </testcase>
    <testcase classname=" add 1 + 1 to equal 2" name=" add 1 + 1 to equal 2" time="0.001">
    </testcase>
    <testcase classname=" add 1 + 1 to equal 2" name=" add 1 + 1 to equal 2" time="0">
    </testcase>
    <testcase classname=" add 1 + 1 to equal 2" name=" add 1 + 1 to equal 2" time="0">
    </testcase>
    <testcase classname=" add 1 + 1 to equal 2" name=" add 1 + 1 to equal 2" time="0">
    </testcase>
    <testcase classname=" add 1 + 1 to equal 2" name=" add 1 + 1 to equal 2" time="0">
    </testcase>
    <testcase classname=" add 1 + 1 to equal 2" name=" add 1 + 1 to equal 2" time="0">
    </testcase>
    <testcase classname=" add 1 + 1 to equal 2" name=" add 1 + 1 to equal 2" time="0.001">
    </testcase>
    <testcase classname=" add 1 + 1 to equal 2" name=" add 1 + 1 to equal 2" time="0">
    </testcase>
    <testcase classname=" add 1 + 1 to equal 2" name=" add 1 + 1 to equal 2" time="0">
    </testcase>
    <testcase classname=" add 1 + 1 to equal 2" name=" add 1 + 1 to equal 2" time="0.001">
    </testcase>
    <testcase classname=" add 1 + 1 to equal 2" name=" add 1 + 1 to equal 2" time="0">
    </testcase>
    <testcase classname=" add 1 + 1 to equal 2" name=" add 1 + 1 to equal 2" time="0">
    </testcase>
    <testcase classname=" add 1 + 1 to equal 2" name=" add 1 + 1 to equal 2" time="0.001">
    </testcase>
    <testcase classname=" add 1 + 1 to equal 2" name=" add 1 + 1 to equal 2" time="0">
    </testcase>
    <testcase classname=" add 1 + 1 to equal 2" name=" add 1 + 1 to equal 2" time="0">
    </testcase>
    <testcase classname=" add 1 + 1 to equal 2" name=" add 1 + 1 to equal 2" time="0.001">
    </testcase>
    <testcase classname=" add 1 + 1 to equal 2" name=" add 1 + 1 to equal 2" time="0">
    </testcase>
    <testcase classname=" add 1 + 1 to equal 2" name=" add 1 + 1 to equal 2" time="0">
    </testcase>
    <testcase classname=" add 1 + 1 to equal 2" name=" add 1 + 1 to equal 2" time="0.001">
    </testcase>
    <testcase classname=" add 1 + 1 to equal 2" name=" add 1 + 1 to equal 2" time="0">
    </testcase>
    <testcase classname=" add 1 + 1 to equal 2" name=" add 1 + 1 to equal 2" time="0">
    </testcase>
    <testcase classname=" add 1 + 1 to equal 2" name=" add 1 + 1 to equal 2" time="0.001">
    </testcase>
    <testcase classname=" add 1 + 1 to equal 2" name=" add 1 + 1 to equal 2" time="0">
    </testcase>
    <testcase classname=" add 1 + 1 to equal 2" name=" add 1 + 1 to equal 2" time="0">
    </testcase>
    <testcase classname=" add 1 + 1 to equal 2" name=" add 1 + 1 to equal 2" time="0">
    </testcase>
    <testcase classname=" add 1 + 1 to equal 2" name=" add 1 + 1 to equal 2" time="0">
    </testcase>
    <testcase classname=" add 1 + 1 to equal 2" name=" add 1 + 1 to equal 2" time="0">
    </testcase>
    <testcase classname=" add 1 + 1 to equal 2" name=" add 1 + 1 to equal 2" time="0">
    </testcase>
    <testcase classname=" add 1 + 1 to equal 2" name=" add 1 + 1 to equal 2" time="0">
    </testcase>
    <testcase classname=" add 1 + 1 to equal 2" name=" add 1 + 1 to equal 2" time="0">
    </testcase>
    <testcase classname=" add 1 + 1 to equal 2" name=" add 1 + 1 to equal 2" time="0.001">
    </testcase>
    <testcase classname=" add 1 + 1 to equal 2" name=" add 1 + 1 to equal 2" time="0">
    </testcase>
    <testcase classname=" add 1 + 1 to equal 2" name=" add 1 + 1 to equal 2" time="0">
    </testcase>
    <testcase classname=" add 1 + 1 to equal 2" name=" add 1 + 1 to equal 2" time="0.001">
    </testcase>
    <testcase classname=" add 1 + 1 to equal 2" name=" add 1 + 1 to equal 2" time="0">
    </testcase>
    <testcase classname=" add 1 + 1 to equal 2" name=" add 1 + 1 to equal 2" time="0">
    </testcase>
    <testcase classname=" add 1 + 1 to equal 2" name=" add 1 + 1 to equal 2" time="0.001">
    </testcase>
    <testcase classname=" add 1 + 1 to equal 2" name=" add 1 + 1 to equal 2" time="0">
    </testcase>
    <testcase classname=" add 1 + 1 to equal 2" name=" add 1 + 1 to equal 2" time="0">
    </testcase>
    <testcase classname=" add 1 + 1 to equal 2" name=" add 1 + 1 to equal 2" time="0.001">
    </testcase>
    <testcase classname=" add 1 + 1 to equal 2" name=" add 1 + 1 to equal 2" time="0">
    </testcase>
    <testcase classname=" add 1 + 1 to equal 2" name=" add 1 + 1 to equal 2" time="0">
    </testcase>
    <testcase classname=" add 1 + 1 to equal 2" name=" add 1 + 1 to equal 2" time="0.001">
    </testcase>
    <testcase classname=" add 1 + 1 to equal 2" name=" add 1 + 1 to equal 2" time="0">
    </testcase>
    <testcase classname=" add 1 + 1 to equal 2" name=" add 1 + 1 to equal 2" time="0">
    </testcase>
    <testcase classname=" add 1 + 1 to equal 2" name=" add 1 + 1 to equal 2" time="0.001">
    </testcase>
    <testcase classname=" add 1 + 1 to equal 2" name=" add 1 + 1 to equal 2" time="0">
    </testcase>
    <testcase classname=" add 1 + 1 to equal 2" name=" add 1 + 1 to equal 2" time="0">
    </testcase>
    <testcase classname=" add 1 + 1 to equal 2" name=" add 1 + 1 to equal 2" time="0.001">
    </testcase>
    <testcase classname=" add 1 + 1 to equal 2" name=" add 1 + 1 to equal 2" time="0">
    </testcase>
    <testcase classname=" add 1 + 1 to equal 2" name=" add 1 + 1 to equal 2" time="0">
    </testcase>
    <testcase classname=" add 1 + 1 to equal 2" name=" add 1 + 1 to equal 2" time="0">
    </testcase>
    <testcase classname=" add 1 + 1 to equal 2" name=" add 1 + 1 to equal 2" time="0">
    </testcase>
    <testcase classname=" add 1 + 1 to equal 2" name=" add 1 + 1 to equal 2" time="0">
    </testcase>
    <testcase classname=" add 1 + 1 to equal 2" name=" add 1 + 1 to equal 2" time="0">
    </testcase>
    <testcase classname=" add 1 + 1 to equal 2" name=" add 1 + 1 to equal 2" time="0">
    </testcase>
    <testcase classname=" add 1 + 1 to equal 2" name=" add 1 + 1 to equal 2" time="0">
    </testcase>
    <testcase classname=" add 1 + 1 to equal 2" name=" add 1 + 1 to equal 2" time="0">
    </testcase>
    <testcase classname=" add 1 + 1 to equal 2" name=" add 1 + 1 to equal 2" time="0">
    </testcase>
    <testcase classname=" add 1 + 1 to equal 2" name=" add 1 + 1 to equal 2" time="0">
    </testcase>
    <testcase classname=" add 1 + 1 to equal 2" name=" add 1 + 1 to equal 2" time="0">
    </testcase>
    <testcase classname=" add 1 + 1 to equal 2" name=" add 1 + 1 to equal 2" time="0">
    </testcase>
    <testcase classname=" add 1 + 1 to equal 2" name=" add 1 + 1 to equal 2" time="0">
    </testcase>
    <testcase classname=" add 1 + 1 to equal 2" name=" add 1 + 1 to equal 2" time="0">
    </testcase>
    <testcase classname=" add 1 + 1 to equal 2" name=" add 1 + 1 to equal 2" time="0">
    </testcase>
    <testcase classname=" add 1 + 1 to equal 2" name=" add 1 + 1 to equal 2" time="0">
    </testcase>
    <testcase classname=" add 1 + 1 to equal 2" name=" add 1 + 1 to equal 2" time="0">
    </testcase>
    <testcase classname=" add 1 + 1 to equal 2" name=" add 1 + 1 to equal 2" time="0">
    </testcase>
    <testcase classname=" add 1 + 1 to equal 2" name=" add 1 + 1 to equal 2" time="0">
    </testcase>
    <testcase classname=" add 1 + 1 to equal 2" name=" add 1 + 1 to equal 2" time="0">
    </testcase>
    <testcase classname=" add 1 + 1 to equal 2" name=" add 1 + 1 to equal 2" time="0.001">
    </testcase>
    <testcase classname=" add 1 + 1 to equal 2" name=" add 1 + 1 to equal 2" time="0">
    </testcase>
    <testcase classname=" add 1 + 1 to equal 2" name=" add 1 + 1 to equal 2" time="0">
    </testcase>
    <testcase classname=" add 1 + 1 to equal 2" name=" add 1 + 1 to equal 2" time="0.001">
    </testcase>
    <testcase classname=" add 1 + 1 to equal 2" name=" add 1 + 1 to equal 2" time="0">
    </testcase>
    <testcase classname=" add 1 + 1 to equal 2" name=" add 1 + 1 to equal 2" time="0">
    </testcase>
    <testcase classname=" add 1 + 1 to equal 2" name=" add 1 + 1 to equal 2" time="0.001">
    </testcase>
    <testcase classname=" add 1 + 1 to equal 2" name=" add 1 + 1 to equal 2" time="0">
    </testcase>
    <testcase classname=" add 1 + 1 to equal 2" name=" add 1 + 1 to equal 2" time="0">
    </testcase>
    <testcase classname=" add 1 + 1 to equal 2" name=" add 1 + 1 to equal 2" time="0.001">
    </testcase>
    <testcase classname=" add 1 + 1 to equal 2" name=" add 1 + 1 to equal 2" time="0">
    </testcase>
    <testcase classname=" add 1 + 1 to equal 2" name=" add 1 + 1 to equal 2" time="0">
    </testcase>
    <testcase classname=" add 1 + 1 to equal 2" name=" add 1 + 1 to equal 2" time="0.001">
    </testcase>
    <testcase classname=" add 1 + 1 to equal 2" name=" add 1 + 1 to equal 2" time="0">
    </testcase>
    <testcase classname=" add 1 + 1 to equal 2" name=" add 1 + 1 to equal 2" time="0">
    </testcase>
    <testcase classname=" add 1 + 1 to equal 2" name=" add 1 + 1 to equal 2" time="0">
    </testcase>
    <testcase classname=" add 1 + 1 to equal 2" name=" add 1 + 1 to equal 2" time="0">
    </testcase>
    <testcase classname=" add 1 + 1 to equal 2" name=" add 1 + 1 to equal 2" time="0">
    </testcase>
    <testcase classname=" add 1 + 1 to equal 2" name=" add 1 + 1 to equal 2" time="0.001">
    </testcase>
    <testcase classname=" add 1 + 1 to equal 2" name=" add 1 + 1 to equal 2" time="0">
    </testcase>
    <testcase classname=" add 1 + 1 to equal 2" name=" add 1 + 1 to equal 2" time="0">
    </testcase>
    <testcase classname=" add 1 + 1 to equal 2" name=" add 1 + 1 to equal 2" time="0">
    </testcase>
    <testcase classname=" add 1 + 1 to equal 2" name=" add 1 + 1 to equal 2" time="0">
    </testcase>
    <testcase classname=" add 1 + 1 to equal 2" name=" add 1 + 1 to equal 2" time="0">
    </testcase>
    <testcase classname=" add 1 + 1 to equal 2" name=" add 1 + 1 to equal 2" time="0">
    </testcase>
    <testcase classname=" add 1 + 1 to equal 2" name=" add 1 + 1 to equal 2" time="0">
    </testcase>
    <testcase classname=" add 1 + 1 to equal 2" name=" add 1 + 1 to equal 2" time="0">
    </testcase>
    <testcase classname=" add 1 + 1 to equal 2" name=" add 1 + 1 to equal 2" time="0">
    </testcase>
    <testcase classname=" add 1 + 1 to equal 2" name=" add 1 + 1 to equal 2" time="0.002">
    </testcase>
    <testcase classname=" add 1 + 1 to equal 2" name=" add 1 + 1 to equal 2" time="0">
    </testcase>
    <testcase classname=" add 1 + 1 to equal 2" name=" add 1 + 1 to equal 2" time="0">
    </testcase>
    <testcase classname=" add 1 + 1 to equal 2" name=" add 1 + 1 to equal 2" time="0">
    </testcase>
    <testcase classname=" add 1 + 1 to equal 2" name=" add 1 + 1 to equal 2" time="0">
    </testcase>
    <testcase classname=" add 1 + 1 to equal 2" name=" add 1 + 1 to equal 2" time="0">
    </testcase>
    <testcase classname=" add 1 + 1 to equal 2" name=" add 1 + 1 to equal 2" time="0">
    </testcase>
    <testcase classname=" add 1 + 1 to equal 2" name=" add 1 + 1 to equal 2" time="0">
    </testcase>
    <testcase classname=" add 1 + 1 to equal 2" name=" add 1 + 1 to equal 2" time="0.001">
    </testcase>
    <testcase classname=" add 1 + 1 to equal 2" name=" add 1 + 1 to equal 2" time="0">
    </testcase>
    <testcase classname=" add 1 + 1 to equal 2" name=" add 1 + 1 to equal 2" time="0">
    </testcase>
    <testcase classname=" add 1 + 1 to equal 2" name=" add 1 + 1 to equal 2" time="0.001">
    </testcase>
    <testcase classname=" add 1 + 1 to equal 2" name=" add 1 + 1 to equal 2" time="0">
    </testcase>
    <testcase classname=" add 1 + 1 to equal 2" name=" add 1 + 1 to equal 2" time="0">
    </testcase>
    <testcase classname=" add 1 + 1 to equal 2" name=" add 1 + 1 to equal 2" time="0.001">
    </testcase>
    <testcase classname=" add 1 + 1 to equal 2" name=" add 1 + 1 to equal 2" time="0">
    </testcase>
    <testcase classname=" add 1 + 1 to equal 2" name=" add 1 + 1 to equal 2" time="0">
    </testcase>
    <testcase classname=" add 1 + 1 to equal 2" name=" add 1 + 1 to equal 2" time="0.001">
    </testcase>
    <testcase classname=" add 1 + 1 to equal 2" name=" add 1 + 1 to equal 2" time="0">
    </testcase>
    <testcase classname=" add 1 + 1 to equal 2" name=" add 1 + 1 to equal 2" time="0">
    </testcase>
    <testcase classname=" add 1 + 1 to equal 2" name=" add 1 + 1 to equal 2" time="0.001">
    </testcase>
    <testcase classname=" add 1 + 1 to equal 2" name=" add 1 + 1 to equal 2" time="0">
    </testcase>
    <testcase classname=" add 1 + 1 to equal 2" name=" add 1 + 1 to equal 2" time="0">
    </testcase>
    <testcase classname=" add 1 + 1 to equal 2" name=" add 1 + 1 to equal 2" time="0.001">
    </testcase>
    <testcase classname=" add 1 + 1 to equal 2" name=" add 1 + 1 to equal 2" time="0">
    </testcase>
    <testcase classname=" add 1 + 1 to equal 2" name=" add 1 + 1 to equal 2" time="0">
    </testcase>
    <testcase classname=" add 1 + 1 to equal 2" name=" add 1 + 1 to equal 2" time="0.001">
    </testcase>
    <testcase classname=" add 1 + 1 to equal 2" name=" add 1 + 1 to equal 2" time="0">
    </testcase>
    <testcase classname=" add 1 + 1 to equal 2" name=" add 1 + 1 to equal 2" time="0">
    </testcase>
    <testcase classname=" add 1 + 1 to equal 2" name=" add 1 + 1 to equal 2" time="0.001">
    </testcase>
    <testcase classname=" add 1 + 1 to equal 2" name=" add 1 + 1 to equal 2" time="0">
    </testcase>
    <testcase classname=" add 1 + 1 to equal 2" name=" add 1 + 1 to equal 2" time="0">
    </testcase>
    <testcase classname=" add 1 + 1 to equal 2" name=" add 1 + 1 to equal 2" time="0.001">
    </testcase>
    <testcase classname=" add 1 + 1 to equal 2" name=" add 1 + 1 to equal 2" time="0">
    </testcase>
    <testcase classname=" add 1 + 1 to equal 2" name=" add 1 + 1 to equal 2" time="0">
    </testcase>
    <testcase classname=" add 1 + 1 to equal 2" name=" add 1 + 1 to equal 2" time="0">
    </testcase>
    <testcase classname=" add 1 + 1 to equal 2" name=" add 1 + 1 to equal 2" time="0">
    </testcase>
    <testcase classname=" add 1 + 1 to equal 2" name=" add 1 + 1 to equal 2" time="0">
    </testcase>
    <testcase classname=" add 1 + 1 to equal 2" name=" add 1 + 1 to equal 2" time="0">
    </testcase>
    <testcase classname=" add 1 + 1 to equal 2" name=" add 1 + 1 to equal 2" time="0">
    </testcase>
    <testcase classname=" add 1 + 1 to equal 2" name=" add 1 + 1 to equal 2" time="0">
    </testcase>
    <testcase classname=" add 1 + 1 to equal 2" name=" add 1 + 1 to equal 2" time="0">
    </testcase>
    <testcase classname=" add 1 + 1 to equal 2" name=" add 1 + 1 to equal 2" time="0">
    </testcase>
    <testcase classname=" add 1 + 1 to equal 2" name=" add 1 + 1 to equal 2" time="0">
    </testcase>
    <testcase classname=" add 1 + 1 to equal 2" name=" add 1 + 1 to equal 2" time="0">
    </testcase>
    <testcase classname=" add 1 + 1 to equal 2" name=" add 1 + 1 to equal 2" time="0">
    </testcase>
    <testcase classname=" add 1 + 1 to equal 2" name=" add 1 + 1 to equal 2" time="0">
    </testcase>
    <testcase classname=" add 1 + 1 to equal 2" name=" add 1 + 1 to equal 2" time="0">
    </testcase>
    <testcase classname=" add 1 + 1 to equal 2" name=" add 1 + 1 to equal 2" time="0">
    </testcase>
    <testcase classname=" add 1 + 1 to equal 2" name=" add 1 + 1 to equal 2" time="0">
    </testcase>
    <testcase classname=" add 1 + 1 to equal 2" name=" add 1 + 1 to equal 2" time="0">
    </testcase>
    <testcase classname=" add 1 + 1 to equal 2" name=" add 1 + 1 to equal 2" time="0">
    </testcase>
    <testcase classname=" add 1 + 1 to equal 2" name=" add 1 + 1 to equal 2" time="0">
    </testcase>
    <testcase classname=" add 1 + 1 to equal 2" name=" add 1 + 1 to equal 2" time="0.001">
    </testcase>
    <testcase classname=" add 1 + 1 to equal 2" name=" add 1 + 1 to equal 2" time="0">
    </testcase>
    <testcase classname=" add 1 + 1 to equal 2" name=" add 1 + 1 to equal 2" time="0">
    </testcase>
    <testcase classname=" add 1 + 1 to equal 2" name=" add 1 + 1 to equal 2" time="0.001">
    </testcase>
    <testcase classname=" add 1 + 1 to equal 2" name=" add 1 + 1 to equal 2" time="0">
    </testcase>
    <testcase classname=" add 1 + 1 to equal 2" name=" add 1 + 1 to equal 2" time="0">
    </testcase>
    <testcase classname=" add 1 + 1 to equal 2" name=" add 1 + 1 to equal 2" time="0.001">
    </testcase>
    <testcase classname=" add 1 + 1 to equal 2" name=" add 1 + 1 to equal 2" time="0">
    </testcase>
    <testcase classname=" add 1 + 1 to equal 2" name=" add 1 + 1 to equal 2" time="0">
    </testcase>
    <testcase classname=" add 1 + 1 to equal 2" name=" add 1 + 1 to equal 2" time="0.001">
    </testcase>
    <testcase classname=" add 1 + 1 to equal 2" name=" add 1 + 1 to equal 2" time="0">
    </testcase>
    <testcase classname=" add 1 + 1 to equal 2" name=" add 1 + 1 to equal 2" time="0">
    </testcase>
    <testcase classname=" add 1 + 1 to equal 2" name=" add 1 + 1 to equal 2" time="0.001">
    </testcase>
    <testcase classname=" add 1 + 1 to equal 2" name=" add 1 + 1 to equal 2" time="0">
    </testcase>
    <testcase classname=" add 1 + 1 to equal 2" name=" add 1 + 1 to equal 2" time="0">
    </testcase>
    <testcase classname=" add 1 + 1 to equal 2" name=" add 1 + 1 to equal 2" time="0.001">
    </testcase>
    <testcase classname=" add 1 + 1 to equal 2" name=" add 1 + 1 to equal 2" time="0">
    </testcase>
    <testcase classname=" add 1 + 1 to equal 2" name=" add 1 + 1 to equal 2" time="0">
    </testcase>
    <testcase classname=" add 1 + 1 to equal 2" name=" add 1 + 1 to equal 2" time="0.001">
    </testcase>
    <testcase classname=" add 1 + 1 to equal 2" name=" add 1 + 1 to equal 2" time="0">
    </testcase>
    <testcase classname=" add 1 + 1 to equal 2" name=" add 1 + 1 to equal 2" time="0">
    </testcase>
    <testcase classname=" add 1 + 1 to equal 2" name=" add 1 + 1 to equal 2" time="0.001">
    </testcase>
    <testcase classname=" add 1 + 1 to equal 2" name=" add 1 + 1 to equal 2" time="0">
    </testcase>
    <testcase classname=" add 1 + 1 to equal 2" name=" add 1 + 1 to equal 2" time="0">
    </testcase>
    <testcase classname=" add 1 + 1 to equal 2" name=" add 1 + 1 to equal 2" time="0">
    </testcase>
    <testcase classname=" add 1 + 1 to equal 2" name=" add 1 + 1 to equal 2" time="0">
    </testcase>
    <testcase classname=" add 1 + 1 to equal 2" name=" add 1 + 1 to equal 2" time="0">
    </testcase>
    <testcase classname=" add 1 + 1 to equal 2" name=" add 1 + 1 to equal 2" time="0">
    </testcase>
    <testcase classname=" add 1 + 1 to equal 2" name=" add 1 + 1 to equal 2" time="0">
    </testcase>
    <testcase classname=" add 1 + 1 to equal 2" name=" add 1 + 1 to equal 2" time="0">
    </testcase>
    <testcase classname=" add 1 + 1 to equal 2" name=" add 1 + 1 to equal 2" time="0">
    </testcase>
    <testcase classname=" add 1 + 1 to equal 2" name=" add 1 + 1 to equal 2" time="0">
    </testcase>
    <testcase classname=" add 1 + 1 to equal 2" name=" add 1 + 1 to equal 2" time="0">
    </testcase>
    <testcase classname=" add 1 + 1 to equal 2" name=" add 1 + 1 to equal 2" time="0">
    </testcase>
    <testcase classname=" add 1 + 1 to equal 2" name=" add 1 + 1 to equal 2" time="0">
    </testcase>
    <testcase classname=" add 1 + 1 to equal 2" name=" add 1 + 1 to equal 2" time="0">
    </testcase>
    <testcase classname=" add 1 + 1 to equal 2" name=" add 1 + 1 to equal 2" time="0">
    </testcase>
    <testcase classname=" add 1 + 1 to equal 2" name=" add 1 + 1 to equal 2" time="0">
    </testcase>
    <testcase classname=" add 1 + 1 to equal 2" name=" add 1 + 1 to equal 2" time="0">
    </testcase>
    <testcase classname=" add 1 + 1 to equal 2" name=" add 1 + 1 to equal 2" time="0">
    </testcase>
    <testcase classname=" add 1 + 1 to equal 2" name=" add 1 + 1 to equal 2" time="0">
    </testcase>
    <testcase classname=" add 1 + 1 to equal 2" name=" add 1 + 1 to equal 2" time="0">
    </testcase>
    <testcase classname=" add 1 + 1 to equal 2" name=" add 1 + 1 to equal 2" time="0">
    </testcase>
    <testcase classname=" add 1 + 1 to equal 2" name=" add 1 + 1 to equal 2" time="0">
    </testcase>
    <testcase classname=" add 1 + 1 to equal 2" name=" add 1 + 1 to equal 2" time="0">
    </testcase>
    <testcase classname=" add 1 + 1 to equal 2" name=" add 1 + 1 to equal 2" time="0.001">
    </testcase>
    <testcase classname=" add 1 + 1 to equal 2" name=" add 1 + 1 to equal 2" time="0">
    </testcase>
    <testcase classname=" add 1 + 1 to equal 2" name=" add 1 + 1 to equal 2" time="0">
    </testcase>
    <testcase classname=" add 1 + 1 to equal 2" name=" add 1 + 1 to equal 2" time="0.001">
    </testcase>
    <testcase classname=" add 1 + 1 to equal 2" name=" add 1 + 1 to equal 2" time="0">
    </testcase>
    <testcase classname=" add 1 + 1 to equal 2" name=" add 1 + 1 to equal 2" time="0">
    </testcase>
    <testcase classname=" add 1 + 1 to equal 2" name=" add 1 + 1 to equal 2" time="0.001">
    </testcase>
    <testcase classname=" add 1 + 1 to equal 2" name=" add 1 + 1 to equal 2" time="0">
    </testcase>
    <testcase classname=" add 1 + 1 to equal 2" name=" add 1 + 1 to equal 2" time="0">
    </testcase>
    <testcase classname=" add 1 + 1 to equal 2" name=" add 1 + 1 to equal 2" time="0.001">
    </testcase>
    <testcase classname=" add 1 + 1 to equal 2" name=" add 1 + 1 to equal 2" time="0">
    </testcase>
    <testcase classname=" add 1 + 1 to equal 2" name=" add 1 + 1 to equal 2" time="0">
    </testcase>
    <testcase classname=" add 1 + 1 to equal 2" name=" add 1 + 1 to equal 2" time="0">
    </testcase>
    <testcase classname=" add 1 + 1 to equal 2" name=" add 1 + 1 to equal 2" time="0">
    </testcase>
    <testcase classname=" add 1 + 1 to equal 2" name=" add 1 + 1 to equal 2" time="0">
    </testcase>
    <testcase classname=" add 1 + 1 to equal 2" name=" add 1 + 1 to equal 2" time="0.001">
    </testcase>
    <testcase classname=" add 1 + 1 to equal 2" name=" add 1 + 1 to equal 2" time="0">
    </testcase>
    <testcase classname=" add 1 + 1 to equal 2" name=" add 1 + 1 to equal 2" time="0">
    </testcase>
    <testcase classname=" add 1 + 1 to equal 2" name=" add 1 + 1 to equal 2" time="0.001">
    </testcase>
    <testcase classname=" add 1 + 1 to equal 2" name=" add 1 + 1 to equal 2" time="0">
    </testcase>
    <testcase classname=" add 1 + 1 to equal 2" name=" add 1 + 1 to equal 2" time="0">
    </testcase>
    <testcase classname=" add 1 + 1 to equal 2" name=" add 1 + 1 to equal 2" time="0.001">
    </testcase>
    <testcase classname=" add 1 + 1 to equal 2" name=" add 1 + 1 to equal 2" time="0">
    </testcase>
    <testcase classname=" add 1 + 1 to equal 2" name=" add 1 + 1 to equal 2" time="0">
    </testcase>
    <testcase classname=" add 1 + 1 to equal 2" name=" add 1 + 1 to equal 2" time="0.001">
    </testcase>
    <testcase classname=" add 1 + 1 to equal 2" name=" add 1 + 1 to equal 2" time="0">
    </testcase>
    <testcase classname=" add 1 + 1 to equal 2" name=" add 1 + 1 to equal 2" time="0">
    </testcase>
    <testcase classname=" add 1 + 1 to equal 2" name=" add 1 + 1 to equal 2" time="0.001">
    </testcase>
    <testcase classname=" add 1 + 1 to equal 2" name=" add 1 + 1 to equal 2" time="0">
    </testcase>
    <testcase classname=" add 1 + 1 to equal 2" name=" add 1 + 1 to equal 2" time="0">
    </testcase>
    <testcase classname=" add 1 + 1 to equal 2" name=" add 1 + 1 to equal 2" time="0.001">
    </testcase>
    <testcase classname=" add 1 + 1 to equal 2" name=" add 1 + 1 to equal 2" time="0">
    </testcase>
    <testcase classname=" add 1 + 1 to equal 2" name=" add 1 + 1 to equal 2" time="0">
    </testcase>
    <testcase classname=" add 1 + 1 to equal 2" name=" add 1 + 1 to equal 2" time="0.001">
    </testcase>
    <testcase classname=" add 1 + 1 to equal 2" name=" add 1 + 1 to equal 2" time="0">
    </testcase>
    <testcase classname=" add 1 + 1 to equal 2" name=" add 1 + 1 to equal 2" time="0">
    </testcase>
    <testcase classname=" add 1 + 1 to equal 2" name=" add 1 + 1 to equal 2" time="0.001">
    </testcase>
    <testcase classname=" add 1 + 1 to equal 2" name=" add 1 + 1 to equal 2" time="0">
    </testcase>
    <testcase classname=" add 1 + 1 to equal 2" name=" add 1 + 1 to equal 2" time="0">
    </testcase>
    <testcase classname=" add 1 + 1 to equal 2" name=" add 1 + 1 to equal 2" time="0.001">
    </testcase>
    <testcase classname=" add 1 + 1 to equal 2" name=" add 1 + 1 to equal 2" time="0">
    </testcase>
    <testcase classname=" add 1 + 1 to equal 2" name=" add 1 + 1 to equal 2" time="0">
    </testcase>
    <testcase classname=" add 1 + 1 to equal 2" name=" add 1 + 1 to equal 2" time="0.001">
    </testcase>
    <testcase classname=" add 1 + 1 to equal 2" name=" add 1 + 1 to equal 2" time="0">
    </testcase>
    <testcase classname=" add 1 + 1 to equal 2" name=" add 1 + 1 to equal 2" time="0">
    </testcase>
    <testcase classname=" add 1 + 1 to equal 2" name=" add 1 + 1 to equal 2" time="0.001">
    </testcase>
    <testcase classname=" add 1 + 1 to equal 2" name=" add 1 + 1 to equal 2" time="0">
    </testcase>
    <testcase classname=" add 1 + 1 to equal 2" name=" add 1 + 1 to equal 2" time="0">
    </testcase>
    <testcase classname=" add 1 + 1 to equal 2" name=" add 1 + 1 to equal 2" time="0.001">
    </testcase>
    <testcase classname=" add 1 + 1 to equal 2" name=" add 1 + 1 to equal 2" time="0">
    </testcase>
    <testcase classname=" add 1 + 1 to equal 2" name=" add 1 + 1 to equal 2" time="0">
    </testcase>
    <testcase classname=" add 1 + 1 to equal 2" name=" add 1 + 1 to equal 2" time="0.001">
    </testcase>
    <testcase classname=" add 1 + 1 to equal 2" name=" add 1 + 1 to equal 2" time="0">
    </testcase>
    <testcase classname=" add 1 + 1 to equal 2" name=" add 1 + 1 to equal 2" time="0">
    </testcase>
    <testcase classname=" add 1 + 1 to equal 2" name=" add 1 + 1 to equal 2" time="0.001">
    </testcase>
    <testcase classname=" add 1 + 1 to equal 2" name=" add 1 + 1 to equal 2" time="0">
    </testcase>
    <testcase classname=" add 1 + 1 to equal 2" name=" add 1 + 1 to equal 2" time="0">
    </testcase>
    <testcase classname=" add 1 + 1 to equal 2" name=" add 1 + 1 to equal 2" time="0.001">
    </testcase>
    <testcase classname=" add 1 + 1 to equal 2" name=" add 1 + 1 to equal 2" time="0">
    </testcase>
    <testcase classname=" add 1 + 1 to equal 2" name=" add 1 + 1 to equal 2" time="0">
    </testcase>
    <testcase classname=" add 1 + 1 to equal 2" name=" add 1 + 1 to equal 2" time="0.001">
    </testcase>
    <testcase classname=" add 1 + 1 to equal 2" name=" add 1 + 1 to equal 2" time="0">
    </testcase>
    <testcase classname=" add 1 + 1 to equal 2" name=" add 1 + 1 to equal 2" time="0.002">
    </testcase>
    <testcase classname=" add 1 + 1 to equal 2" name=" add 1 + 1 to equal 2" time="0.001">
    </testcase>
    <testcase classname=" add 1 + 1 to equal 2" name=" add 1 + 1 to equal 2" time="0">
    </testcase>
    <testcase classname=" add 1 + 1 to equal 2" name=" add 1 + 1 to equal 2" time="0">
    </testcase>
    <testcase classname=" add 1 + 1 to equal 2" name=" add 1 + 1 to equal 2" time="0">
    </testcase>
    <testcase classname=" add 1 + 1 to equal 2" name=" add 1 + 1 to equal 2" time="0">
    </testcase>
    <testcase classname=" add 1 + 1 to equal 2" name=" add 1 + 1 to equal 2" time="0.001">
    </testcase>
    <testcase classname=" add 1 + 1 to equal 2" name=" add 1 + 1 to equal 2" time="0">
    </testcase>
    <testcase classname=" add 1 + 1 to equal 2" name=" add 1 + 1 to equal 2" time="0">
    </testcase>
    <testcase classname=" add 1 + 1 to equal 2" name=" add 1 + 1 to equal 2" time="0">
    </testcase>
    <testcase classname=" add 1 + 1 to equal 2" name=" add 1 + 1 to equal 2" time="0">
    </testcase>
    <testcase classname=" add 1 + 1 to equal 2" name=" add 1 + 1 to equal 2" time="0.001">
    </testcase>
    <testcase classname=" add 1 + 1 to equal 2" name=" add 1 + 1 to equal 2" time="0">
    </testcase>
    <testcase classname=" add 1 + 1 to equal 2" name=" add 1 + 1 to equal 2" time="0">
    </testcase>
    <testcase classname=" add 1 + 1 to equal 2" name=" add 1 + 1 to equal 2" time="0.001">
    </testcase>
    <testcase classname=" add 1 + 1 to equal 2" name=" add 1 + 1 to equal 2" time="0">
    </testcase>
    <testcase classname=" add 1 + 1 to equal 2" name=" add 1 + 1 to equal 2" time="0">
    </testcase>
    <testcase classname=" add 1 + 1 to equal 2" name=" add 1 + 1 to equal 2" time="0.001">
    </testcase>
    <testcase classname=" add 1 + 1 to equal 2" name=" add 1 + 1 to equal 2" time="0">
    </testcase>
    <testcase classname=" add 1 + 1 to equal 2" name=" add 1 + 1 to equal 2" time="0">
    </testcase>
    <testcase classname=" add 1 + 1 to equal 2" name=" add 1 + 1 to equal 2" time="0.001">
    </testcase>
    <testcase classname=" add 1 + 1 to equal 2" name=" add 1 + 1 to equal 2" time="0">
    </testcase>
    <testcase classname=" add 1 + 1 to equal 2" name=" add 1 + 1 to equal 2" time="0">
    </testcase>
    <testcase classname=" add 1 + 1 to equal 2" name=" add 1 + 1 to equal 2" time="0">
    </testcase>
    <testcase classname=" add 1 + 1 to equal 2" name=" add 1 + 1 to equal 2" time="0">
    </testcase>
    <testcase classname=" add 1 + 1 to equal 2" name=" add 1 + 1 to equal 2" time="0">
    </testcase>
    <testcase classname=" add 1 + 1 to equal 2" name=" add 1 + 1 to equal 2" time="0">
    </testcase>
    <testcase classname=" add 1 + 1 to equal 2" name=" add 1 + 1 to equal 2" time="0">
    </testcase>
    <testcase classname=" add 1 + 1 to equal 2" name=" add 1 + 1 to equal 2" time="0">
    </testcase>
    <testcase classname=" add 1 + 1 to equal 2" name=" add 1 + 1 to equal 2" time="0">
    </testcase>
    <testcase classname=" add 1 + 1 to equal 2" name=" add 1 + 1 to equal 2" time="0">
    </testcase>
    <testcase classname=" add 1 + 1 to equal 2" name=" add 1 + 1 to equal 2" time="0.001">
    </testcase>
    <testcase classname=" add 1 + 1 to equal 2" name=" add 1 + 1 to equal 2" time="0">
    </testcase>
    <testcase classname=" add 1 + 1 to equal 2" name=" add 1 + 1 to equal 2" time="0">
    </testcase>
    <testcase classname=" add 1 + 1 to equal 2" name=" add 1 + 1 to equal 2" time="0.001">
    </testcase>
    <testcase classname=" add 1 + 1 to equal 2" name=" add 1 + 1 to equal 2" time="0">
    </testcase>
    <testcase classname=" add 1 + 1 to equal 2" name=" add 1 + 1 to equal 2" time="0">
    </testcase>
    <testcase classname=" add 1 + 1 to equal 2" name=" add 1 + 1 to equal 2" time="0.001">
    </testcase>
    <testcase classname=" add 1 + 1 to equal 2" name=" add 1 + 1 to equal 2" time="0">
    </testcase>
    <testcase classname=" add 1 + 1 to equal 2" name=" add 1 + 1 to equal 2" time="0.001">
    </testcase>
    <testcase classname=" add 1 + 1 to equal 2" name=" add 1 + 1 to equal 2" time="0">
    </testcase>
    <testcase classname=" add 1 + 1 to equal 2" name=" add 1 + 1 to equal 2" time="0">
    </testcase>
    <testcase classname=" add 1 + 1 to equal 2" name=" add 1 + 1 to equal 2" time="0.001">
    </testcase>
    <testcase classname=" add 1 + 1 to equal 2" name=" add 1 + 1 to equal 2" time="0">
    </testcase>
    <testcase classname=" add 1 + 1 to equal 2" name=" add 1 + 1 to equal 2" time="0">
    </testcase>
    <testcase classname=" add 1 + 1 to equal 2" name=" add 1 + 1 to equal 2" time="0.001">
    </testcase>
    <testcase classname=" add 1 + 1 to equal 2" name=" add 1 + 1 to equal 2" time="0">
    </testcase>
    <testcase classname=" add 1 + 1 to equal 2" name=" add 1 + 1 to equal 2" time="0">
    </testcase>
    <testcase classname=" add 1 + 1 to equal 2" name=" add 1 + 1 to equal 2" time="0.001">
    </testcase>
    <testcase classname=" add 1 + 1 to equal 2" name=" add 1 + 1 to equal 2" time="0">
    </testcase>
    <testcase classname=" add 1 + 1 to equal 2" name=" add 1 + 1 to equal 2" time="0">
    </testcase>
    <testcase classname=" add 1 + 1 to equal 2" name=" add 1 + 1 to equal 2" time="0">
    </testcase>
    <testcase classname=" add 1 + 1 to equal 2" name=" add 1 + 1 to equal 2" time="0">
    </testcase>
    <testcase classname=" add 1 + 1 to equal 2" name=" add 1 + 1 to equal 2" time="0">
    </testcase>
    <testcase classname=" add 1 + 1 to equal 2" name=" add 1 + 1 to equal 2" time="0">
    </testcase>
    <testcase classname=" add 1 + 1 to equal 2" name=" add 1 + 1 to equal 2" time="0">
    </testcase>
    <testcase classname=" add 1 + 1 to equal 2" name=" add 1 + 1 to equal 2" time="0">
    </testcase>
    <testcase classname=" add 1 + 1 to equal 2" name=" add 1 + 1 to equal 2" time="0">
    </testcase>
    <testcase classname=" add 1 + 1 to equal 2" name=" add 1 + 1 to equal 2" time="0">
    </testcase>
    <testcase classname=" add 1 + 1 to equal 2" name=" add 1 + 1 to equal 2" time="0">
    </testcase>
    <testcase classname=" add 1 + 1 to equal 2" name=" add 1 + 1 to equal 2" time="0">
    </testcase>
    <testcase classname=" add 1 + 1 to equal 2" name=" add 1 + 1 to equal 2" time="0">
    </testcase>
    <testcase classname=" add 1 + 1 to equal 2" name=" add 1 + 1 to equal 2" time="0.001">
    </testcase>
    <testcase classname=" add 1 + 1 to equal 2" name=" add 1 + 1 to equal 2" time="0">
    </testcase>
    <testcase classname=" add 1 + 1 to equal 2" name=" add 1 + 1 to equal 2" time="0">
    </testcase>
    <testcase classname=" add 1 + 1 to equal 2" name=" add 1 + 1 to equal 2" time="0">
    </testcase>
    <testcase classname=" add 1 + 1 to equal 2" name=" add 1 + 1 to equal 2" time="0">
    </testcase>
    <testcase classname=" add 1 + 1 to equal 2" name=" add 1 + 1 to equal 2" time="0">
    </testcase>
    <testcase classname=" add 1 + 1 to equal 2" name=" add 1 + 1 to equal 2" time="0">
    </testcase>
    <testcase classname=" add 1 + 1 to equal 2" name=" add 1 + 1 to equal 2" time="0">
    </testcase>
    <testcase classname=" add 1 + 1 to equal 2" name=" add 1 + 1 to equal 2" time="0">
    </testcase>
    <testcase classname=" add 1 + 1 to equal 2" name=" add 1 + 1 to equal 2" time="0">
    </testcase>
    <testcase classname=" add 1 + 1 to equal 2" name=" add 1 + 1 to equal 2" time="0">
    </testcase>
    <testcase classname=" add 1 + 1 to equal 2" name=" add 1 + 1 to equal 2" time="0">
    </testcase>
    <testcase classname=" add 1 + 1 to equal 2" name=" add 1 + 1 to equal 2" time="0">
    </testcase>
    <testcase classname=" add 1 + 1 to equal 2" name=" add 1 + 1 to equal 2" time="0">
    </testcase>
    <testcase classname=" add 1 + 1 to equal 2" name=" add 1 + 1 to equal 2" time="0">
    </testcase>
    <testcase classname=" add 1 + 1 to equal 2" name=" add 1 + 1 to equal 2" time="0">
    </testcase>
    <testcase classname=" add 1 + 1 to equal 2" name=" add 1 + 1 to equal 2" time="0">
    </testcase>
    <testcase classname=" add 1 + 1 to equal 2" name=" add 1 + 1 to equal 2" time="0">
    </testcase>
    <testcase classname=" add 1 + 1 to equal 2" name=" add 1 + 1 to equal 2" time="0">
    </testcase>
    <testcase classname=" add 1 + 1 to equal 2" name=" add 1 + 1 to equal 2" time="0">
    </testcase>
    <testcase classname=" add 1 + 1 to equal 2" name=" add 1 + 1 to equal 2" time="0">
    </testcase>
    <testcase classname=" add 1 + 1 to equal 2" name=" add 1 + 1 to equal 2" time="0">
    </testcase>
    <testcase classname=" add 1 + 1 to equal 2" name=" add 1 + 1 to equal 2" time="0">
    </testcase>
    <testcase classname=" add 1 + 1 to equal 2" name=" add 1 + 1 to equal 2" time="0.001">
    </testcase>
    <testcase classname=" add 1 + 1 to equal 2" name=" add 1 + 1 to equal 2" time="0">
    </testcase>
    <testcase classname=" add 1 + 1 to equal 2" name=" add 1 + 1 to equal 2" time="0">
    </testcase>
    <testcase classname=" add 1 + 1 to equal 2" name=" add 1 + 1 to equal 2" time="0.001">
    </testcase>
    <testcase classname=" add 1 + 1 to equal 2" name=" add 1 + 1 to equal 2" time="0">
    </testcase>
    <testcase classname=" add 1 + 1 to equal 2" name=" add 1 + 1 to equal 2" time="0">
    </testcase>
    <testcase classname=" add 1 + 1 to equal 2" name=" add 1 + 1 to equal 2" time="0">
    </testcase>
    <testcase classname=" add 1 + 1 to equal 2" name=" add 1 + 1 to equal 2" time="0">
    </testcase>
    <testcase classname=" add 1 + 1 to equal 2" name=" add 1 + 1 to equal 2" time="0">
    </testcase>
    <testcase classname=" add 1 + 1 to equal 2" name=" add 1 + 1 to equal 2" time="0">
    </testcase>
    <testcase classname=" add 1 + 1 to equal 2" name=" add 1 + 1 to equal 2" time="0">
    </testcase>
    <testcase classname=" add 1 + 1 to equal 2" name=" add 1 + 1 to equal 2" time="0">
    </testcase>
    <testcase classname=" add 1 + 1 to equal 2" name=" add 1 + 1 to equal 2" time="0">
    </testcase>
    <testcase classname=" add 1 + 1 to equal 2" name=" add 1 + 1 to equal 2" time="0">
    </testcase>
    <testcase classname=" add 1 + 1 to equal 2" name=" add 1 + 1 to equal 2" time="0">
    </testcase>
    <testcase classname=" add 1 + 1 to equal 2" name=" add 1 + 1 to equal 2" time="0">
    </testcase>
    <testcase classname=" add 1 + 1 to equal 2" name=" add 1 + 1 to equal 2" time="0">
    </testcase>
    <testcase classname=" add 1 + 1 to equal 2" name=" add 1 + 1 to equal 2" time="0">
    </testcase>
    <testcase classname=" add 1 + 1 to equal 2" name=" add 1 + 1 to equal 2" time="0.001">
    </testcase>
    <testcase classname=" add 1 + 1 to equal 2" name=" add 1 + 1 to equal 2" time="0">
    </testcase>
    <testcase classname=" add 1 + 1 to equal 2" name=" add 1 + 1 to equal 2" time="0">
    </testcase>
    <testcase classname=" add 1 + 1 to equal 2" name=" add 1 + 1 to equal 2" time="0">
    </testcase>
    <testcase classname=" add 1 + 1 to equal 2" name=" add 1 + 1 to equal 2" time="0">
    </testcase>
    <testcase classname=" add 1 + 1 to equal 2" name=" add 1 + 1 to equal 2" time="0">
    </testcase>
    <testcase classname=" add 1 + 1 to equal 2" name=" add 1 + 1 to equal 2" time="0.001">
    </testcase>
    <testcase classname=" add 1 + 1 to equal 2" name=" add 1 + 1 to equal 2" time="0">
    </testcase>
    <testcase classname=" add 1 + 1 to equal 2" name=" add 1 + 1 to equal 2" time="0">
    </testcase>
    <testcase classname=" add 1 + 1 to equal 2" name=" add 1 + 1 to equal 2" time="0">
    </testcase>
    <testcase classname=" add 1 + 1 to equal 2" name=" add 1 + 1 to equal 2" time="0">
    </testcase>
    <testcase classname=" add 1 + 1 to equal 2" name=" add 1 + 1 to equal 2" time="0">
    </testcase>
    <testcase classname=" add 1 + 1 to equal 2" name=" add 1 + 1 to equal 2" time="0.001">
    </testcase>
    <testcase classname=" add 1 + 1 to equal 2" name=" add 1 + 1 to equal 2" time="0">
    </testcase>
    <testcase classname=" add 1 + 1 to equal 2" name=" add 1 + 1 to equal 2" time="0">
    </testcase>
    <testcase classname=" add 1 + 1 to equal 2" name=" add 1 + 1 to equal 2" time="0.001">
    </testcase>
    <testcase classname=" add 1 + 1 to equal 2" name=" add 1 + 1 to equal 2" time="0">
    </testcase>
    <testcase classname=" add 1 + 1 to equal 2" name=" add 1 + 1 to equal 2" time="0">
    </testcase>
    <testcase classname=" add 1 + 1 to equal 2" name=" add 1 + 1 to equal 2" time="0">
    </testcase>
    <testcase classname=" add 1 + 1 to equal 2" name=" add 1 + 1 to equal 2" time="0">
    </testcase>
    <testcase classname=" add 1 + 1 to equal 2" name=" add 1 + 1 to equal 2" time="0">
    </testcase>
    <testcase classname=" add 1 + 1 to equal 2" name=" add 1 + 1 to equal 2" time="0">
    </testcase>
    <testcase classname=" add 1 + 1 to equal 2" name=" add 1 + 1 to equal 2" time="0">
    </testcase>
    <testcase classname=" add 1 + 1 to equal 2" name=" add 1 + 1 to equal 2" time="0">
    </testcase>
    <testcase classname=" add 1 + 1 to equal 2" name=" add 1 + 1 to equal 2" time="0">
    </testcase>
    <testcase classname=" add 1 + 1 to equal 2" name=" add 1 + 1 to equal 2" time="0">
    </testcase>
    <testcase classname=" add 1 + 1 to equal 2" name=" add 1 + 1 to equal 2" time="0">
    </testcase>
    <testcase classname=" add 1 + 1 to equal 2" name=" add 1 + 1 to equal 2" time="0.001">
    </testcase>
    <testcase classname=" add 1 + 1 to equal 2" name=" add 1 + 1 to equal 2" time="0">
    </testcase>
    <testcase classname=" add 1 + 1 to equal 2" name=" add 1 + 1 to equal 2" time="0">
    </testcase>
    <testcase classname=" add 1 + 1 to equal 2" name=" add 1 + 1 to equal 2" time="0.001">
    </testcase>
    <testcase classname=" add 1 + 1 to equal 2" name=" add 1 + 1 to equal 2" time="0">
    </testcase>
    <testcase classname=" add 1 + 1 to equal 2" name=" add 1 + 1 to equal 2" time="0">
    </testcase>
    <testcase classname=" add 1 + 1 to equal 2" name=" add 1 + 1 to equal 2" time="0.001">
    </testcase>
    <testcase classname=" add 1 + 1 to equal 2" name=" add 1 + 1 to equal 2" time="0">
    </testcase>
    <testcase classname=" add 1 + 1 to equal 2" name=" add 1 + 1 to equal 2" time="0">
    </testcase>
    <testcase classname=" add 1 + 1 to equal 2" name=" add 1 + 1 to equal 2" time="0.001">
    </testcase>
    <testcase classname=" add 1 + 1 to equal 2" name=" add 1 + 1 to equal 2" time="0">
    </testcase>
    <testcase classname=" add 1 + 1 to equal 2" name=" add 1 + 1 to equal 2" time="0">
    </testcase>
    <testcase classname=" add 1 + 1 to equal 2" name=" add 1 + 1 to equal 2" time="0">
    </testcase>
    <testcase classname=" add 1 + 1 to equal 2" name=" add 1 + 1 to equal 2" time="0">
    </testcase>
    <testcase classname=" add 1 + 1 to equal 2" name=" add 1 + 1 to equal 2" time="0">
    </testcase>
    <testcase classname=" add 1 + 1 to equal 2" name=" add 1 + 1 to equal 2" time="0">
    </testcase>
    <testcase classname=" add 1 + 1 to equal 2" name=" add 1 + 1 to equal 2" time="0.001">
    </testcase>
    <testcase classname=" add 1 + 1 to equal 2" name=" add 1 + 1 to equal 2" time="0">
    </testcase>
    <testcase classname=" add 1 + 1 to equal 2" name=" add 1 + 1 to equal 2" time="0">
    </testcase>
    <testcase classname=" add 1 + 1 to equal 2" name=" add 1 + 1 to equal 2" time="0.001">
    </testcase>
    <testcase classname=" add 1 + 1 to equal 2" name=" add 1 + 1 to equal 2" time="0">
    </testcase>
    <testcase classname=" add 1 + 1 to equal 2" name=" add 1 + 1 to equal 2" time="0">
    </testcase>
    <testcase classname=" add 1 + 1 to equal 2" name=" add 1 + 1 to equal 2" time="0.001">
    </testcase>
    <testcase classname=" add 1 + 1 to equal 2" name=" add 1 + 1 to equal 2" time="0">
    </testcase>
    <testcase classname=" add 1 + 1 to equal 2" name=" add 1 + 1 to equal 2" time="0">
    </testcase>
    <testcase classname=" add 1 + 1 to equal 2" name=" add 1 + 1 to equal 2" time="0">
    </testcase>
    <testcase classname=" add 1 + 1 to equal 2" name=" add 1 + 1 to equal 2" time="0">
    </testcase>
    <testcase classname=" add 1 + 1 to equal 2" name=" add 1 + 1 to equal 2" time="0">
    </testcase>
    <testcase classname=" add 1 + 1 to equal 2" name=" add 1 + 1 to equal 2" time="0">
    </testcase>
    <testcase classname=" add 1 + 1 to equal 2" name=" add 1 + 1 to equal 2" time="0.001">
    </testcase>
    <testcase classname=" add 1 + 1 to equal 2" name=" add 1 + 1 to equal 2" time="0.002">
    </testcase>
    <testcase classname=" add 1 + 1 to equal 2" name=" add 1 + 1 to equal 2" time="0">
    </testcase>
    <testcase classname=" add 1 + 1 to equal 2" name=" add 1 + 1 to equal 2" time="0">
    </testcase>
    <testcase classname=" add 1 + 1 to equal 2" name=" add 1 + 1 to equal 2" time="0">
    </testcase>
    <testcase classname=" add 1 + 1 to equal 2" name=" add 1 + 1 to equal 2" time="0">
    </testcase>
    <testcase classname=" add 1 + 1 to equal 2" name=" add 1 + 1 to equal 2" time="0">
    </testcase>
    <testcase classname=" add 1 + 1 to equal 2" name=" add 1 + 1 to equal 2" time="0">
    </testcase>
    <testcase classname=" add 1 + 1 to equal 2" name=" add 1 + 1 to equal 2" time="0">
    </testcase>
    <testcase classname=" add 1 + 1 to equal 2" name=" add 1 + 1 to equal 2" time="0.001">
    </testcase>
    <testcase classname=" add 1 + 1 to equal 2" name=" add 1 + 1 to equal 2" time="0">
    </testcase>
    <testcase classname=" add 1 + 1 to equal 2" name=" add 1 + 1 to equal 2" time="0">
    </testcase>
    <testcase classname=" add 1 + 1 to equal 2" name=" add 1 + 1 to equal 2" time="0.001">
    </testcase>
    <testcase classname=" add 1 + 1 to equal 2" name=" add 1 + 1 to equal 2" time="0">
    </testcase>
    <testcase classname=" add 1 + 1 to equal 2" name=" add 1 + 1 to equal 2" time="0">
    </testcase>
    <testcase classname=" add 1 + 1 to equal 2" name=" add 1 + 1 to equal 2" time="0.001">
    </testcase>
    <testcase classname=" add 1 + 1 to equal 2" name=" add 1 + 1 to equal 2" time="0">
    </testcase>
    <testcase classname=" add 1 + 1 to equal 2" name=" add 1 + 1 to equal 2" time="0">
    </testcase>
    <testcase classname=" add 1 + 1 to equal 2" name=" add 1 + 1 to equal 2" time="0.001">
    </testcase>
    <testcase classname=" add 1 + 1 to equal 2" name=" add 1 + 1 to equal 2" time="0">
    </testcase>
    <testcase classname=" add 1 + 1 to equal 2" name=" add 1 + 1 to equal 2" time="0">
    </testcase>
    <testcase classname=" add 1 + 1 to equal 2" name=" add 1 + 1 to equal 2" time="0.001">
    </testcase>
    <testcase classname=" add 1 + 1 to equal 2" name=" add 1 + 1 to equal 2" time="0">
    </testcase>
    <testcase classname=" add 1 + 1 to equal 2" name=" add 1 + 1 to equal 2" time="0">
    </testcase>
    <testcase classname=" add 1 + 1 to equal 2" name=" add 1 + 1 to equal 2" time="0.001">
    </testcase>
    <testcase classname=" add 1 + 1 to equal 2" name=" add 1 + 1 to equal 2" time="0">
    </testcase>
    <testcase classname=" add 1 + 1 to equal 2" name=" add 1 + 1 to equal 2" time="0">
    </testcase>
    <testcase classname=" add 1 + 1 to equal 2" name=" add 1 + 1 to equal 2" time="0.001">
    </testcase>
    <testcase classname=" add 1 + 1 to equal 2" name=" add 1 + 1 to equal 2" time="0">
    </testcase>
    <testcase classname=" add 1 + 1 to equal 2" name=" add 1 + 1 to equal 2" time="0">
    </testcase>
    <testcase classname=" add 1 + 1 to equal 2" name=" add 1 + 1 to equal 2" time="0.001">
    </testcase>
    <testcase classname=" add 1 + 1 to equal 2" name=" add 1 + 1 to equal 2" time="0">
    </testcase>
    <testcase classname=" add 1 + 1 to equal 2" name=" add 1 + 1 to equal 2" time="0">
    </testcase>
    <testcase classname=" add 1 + 1 to equal 2" name=" add 1 + 1 to equal 2" time="0">
    </testcase>
    <testcase classname=" add 1 + 1 to equal 2" name=" add 1 + 1 to equal 2" time="0">
    </testcase>
    <testcase classname=" add 1 + 1 to equal 2" name=" add 1 + 1 to equal 2" time="0">
    </testcase>
    <testcase classname=" add 1 + 1 to equal 2" name=" add 1 + 1 to equal 2" time="0">
    </testcase>
    <testcase classname=" add 1 + 1 to equal 2" name=" add 1 + 1 to equal 2" time="0">
    </testcase>
    <testcase classname=" add 1 + 1 to equal 2" name=" add 1 + 1 to equal 2" time="0">
    </testcase>
    <testcase classname=" add 1 + 1 to equal 2" name=" add 1 + 1 to equal 2" time="0">
    </testcase>
    <testcase classname=" add 1 + 1 to equal 2" name=" add 1 + 1 to equal 2" time="0">
    </testcase>
    <testcase classname=" add 1 + 1 to equal 2" name=" add 1 + 1 to equal 2" time="0">
    </testcase>
    <testcase classname=" add 1 + 1 to equal 2" name=" add 1 + 1 to equal 2" time="0">
    </testcase>
    <testcase classname=" add 1 + 1 to equal 2" name=" add 1 + 1 to equal 2" time="0">
    </testcase>
    <testcase classname=" add 1 + 1 to equal 2" name=" add 1 + 1 to equal 2" time="0">
    </testcase>
    <testcase classname=" add 1 + 1 to equal 2" name=" add 1 + 1 to equal 2" time="0">
    </testcase>
    <testcase classname=" add 1 + 1 to equal 2" name=" add 1 + 1 to equal 2" time="0.001">
    </testcase>
    <testcase classname=" add 1 + 1 to equal 2" name=" add 1 + 1 to equal 2" time="0">
    </testcase>
    <testcase classname=" add 1 + 1 to equal 2" name=" add 1 + 1 to equal 2" time="0">
    </testcase>
    <testcase classname=" add 1 + 1 to equal 2" name=" add 1 + 1 to equal 2" time="0">
    </testcase>
    <testcase classname=" add 1 + 1 to equal 2" name=" add 1 + 1 to equal 2" time="0">
    </testcase>
    <testcase classname=" add 1 + 1 to equal 2" name=" add 1 + 1 to equal 2" time="0">
    </testcase>
    <testcase classname=" add 1 + 1 to equal 2" name=" add 1 + 1 to equal 2" time="0.001">
    </testcase>
    <testcase classname=" add 1 + 1 to equal 2" name=" add 1 + 1 to equal 2" time="0">
    </testcase>
    <testcase classname=" add 1 + 1 to equal 2" name=" add 1 + 1 to equal 2" time="0">
    </testcase>
    <testcase classname=" add 1 + 1 to equal 2" name=" add 1 + 1 to equal 2" time="0.001">
    </testcase>
    <testcase classname=" add 1 + 1 to equal 2" name=" add 1 + 1 to equal 2" time="0">
    </testcase>
    <testcase classname=" add 1 + 1 to equal 2" name=" add 1 + 1 to equal 2" time="0">
    </testcase>
    <testcase classname=" add 1 + 1 to equal 2" name=" add 1 + 1 to equal 2" time="0.001">
    </testcase>
    <testcase classname=" add 1 + 1 to equal 2" name=" add 1 + 1 to equal 2" time="0">
    </testcase>
    <testcase classname=" add 1 + 1 to equal 2" name=" add 1 + 1 to equal 2" time="0">
    </testcase>
    <testcase classname=" add 1 + 1 to equal 2" name=" add 1 + 1 to equal 2" time="0.001">
    </testcase>
    <testcase classname=" add 1 + 1 to equal 2" name=" add 1 + 1 to equal 2" time="0">
    </testcase>
    <testcase classname=" add 1 + 1 to equal 2" name=" add 1 + 1 to equal 2" time="0">
    </testcase>
    <testcase classname=" add 1 + 1 to equal 2" name=" add 1 + 1 to equal 2" time="0.001">
    </testcase>
    <testcase classname=" add 1 + 1 to equal 2" name=" add 1 + 1 to equal 2" time="0">
    </testcase>
    <testcase classname=" add 1 + 1 to equal 2" name=" add 1 + 1 to equal 2" time="0">
    </testcase>
    <testcase classname=" add 1 + 1 to equal 2" name=" add 1 + 1 to equal 2" time="0">
    </testcase>
    <testcase classname=" add 1 + 1 to equal 2" name=" add 1 + 1 to equal 2" time="0">
    </testcase>
    <testcase classname=" add 1 + 1 to equal 2" name=" add 1 + 1 to equal 2" time="0">
    </testcase>
    <testcase classname=" add 1 + 1 to equal 2" name=" add 1 + 1 to equal 2" time="0">
    </testcase>
    <testcase classname=" add 1 + 1 to equal 2" name=" add 1 + 1 to equal 2" time="0">
    </testcase>
    <testcase classname=" add 1 + 1 to equal 2" name=" add 1 + 1 to equal 2" time="0">
    </testcase>
    <testcase classname=" add 1 + 1 to equal 2" name=" add 1 + 1 to equal 2" time="0">
    </testcase>
    <testcase classname=" add 1 + 1 to equal 2" name=" add 1 + 1 to equal 2" time="0.001">
    </testcase>
    <testcase classname=" add 1 + 1 to equal 2" name=" add 1 + 1 to equal 2" time="0">
    </testcase>
    <testcase classname=" add 1 + 1 to equal 2" name=" add 1 + 1 to equal 2" time="0">
    </testcase>
    <testcase classname=" add 1 + 1 to equal 2" name=" add 1 + 1 to equal 2" time="0.001">
    </testcase>
    <testcase classname=" add 1 + 1 to equal 2" name=" add 1 + 1 to equal 2" time="0">
    </testcase>
    <testcase classname=" add 1 + 1 to equal 2" name=" add 1 + 1 to equal 2" time="0">
    </testcase>
    <testcase classname=" add 1 + 1 to equal 2" name=" add 1 + 1 to equal 2" time="0.001">
    </testcase>
    <testcase classname=" add 1 + 1 to equal 2" name=" add 1 + 1 to equal 2" time="0">
    </testcase>
    <testcase classname=" add 1 + 1 to equal 2" name=" add 1 + 1 to equal 2" time="0">
    </testcase>
    <testcase classname=" add 1 + 1 to equal 2" name=" add 1 + 1 to equal 2" time="0.001">
    </testcase>
    <testcase classname=" add 1 + 1 to equal 2" name=" add 1 + 1 to equal 2" time="0">
    </testcase>
    <testcase classname=" add 1 + 1 to equal 2" name=" add 1 + 1 to equal 2" time="0">
    </testcase>
    <testcase classname=" add 1 + 1 to equal 2" name=" add 1 + 1 to equal 2" time="0.001">
    </testcase>
    <testcase classname=" add 1 + 1 to equal 2" name=" add 1 + 1 to equal 2" time="0">
    </testcase>
    <testcase classname=" add 1 + 1 to equal 2" name=" add 1 + 1 to equal 2" time="0">
    </testcase>
    <testcase classname=" add 1 + 1 to equal 2" name=" add 1 + 1 to equal 2" time="0">
    </testcase>
    <testcase classname=" add 1 + 1 to equal 2" name=" add 1 + 1 to equal 2" time="0">
    </testcase>
    <testcase classname=" add 1 + 1 to equal 2" name=" add 1 + 1 to equal 2" time="0">
    </testcase>
    <testcase classname=" add 1 + 1 to equal 2" name=" add 1 + 1 to equal 2" time="0">
    </testcase>
    <testcase classname=" add 1 + 1 to equal 2" name=" add 1 + 1 to equal 2" time="0.001">
    </testcase>
    <testcase classname=" add 1 + 1 to equal 2" name=" add 1 + 1 to equal 2" time="0">
    </testcase>
    <testcase classname=" add 1 + 1 to equal 2" name=" add 1 + 1 to equal 2" time="0">
    </testcase>
    <testcase classname=" add 1 + 1 to equal 2" name=" add 1 + 1 to equal 2" time="0.001">
    </testcase>
    <testcase classname=" add 1 + 1 to equal 2" name=" add 1 + 1 to equal 2" time="0">
    </testcase>
    <testcase classname=" add 1 + 1 to equal 2" name=" add 1 + 1 to equal 2" time="0">
    </testcase>
    <testcase classname=" add 1 + 1 to equal 2" name=" add 1 + 1 to equal 2" time="0.001">
    </testcase>
    <testcase classname=" add 1 + 1 to equal 2" name=" add 1 + 1 to equal 2" time="0">
    </testcase>
    <testcase classname=" add 1 + 1 to equal 2" name=" add 1 + 1 to equal 2" time="0">
    </testcase>
    <testcase classname=" add 1 + 1 to equal 2" name=" add 1 + 1 to equal 2" time="0.001">
    </testcase>
    <testcase classname=" add 1 + 1 to equal 2" name=" add 1 + 1 to equal 2" time="0">
    </testcase>
    <testcase classname=" add 1 + 1 to equal 2" name=" add 1 + 1 to equal 2" time="0">
    </testcase>
    <testcase classname=" add 1 + 1 to equal 2" name=" add 1 + 1 to equal 2" time="0">
    </testcase>
    <testcase classname=" add 1 + 1 to equal 2" name=" add 1 + 1 to equal 2" time="0">
    </testcase>
    <testcase classname=" add 1 + 1 to equal 2" name=" add 1 + 1 to equal 2" time="0">
    </testcase>
    <testcase classname=" add 1 + 1 to equal 2" name=" add 1 + 1 to equal 2" time="0">
    </testcase>
    <testcase classname=" add 1 + 1 to equal 2" name=" add 1 + 1 to equal 2" time="0.001">
    </testcase>
    <testcase classname=" add 1 + 1 to equal 2" name=" add 1 + 1 to equal 2" time="0">
    </testcase>
    <testcase classname=" add 1 + 1 to equal 2" name=" add 1 + 1 to equal 2" time="0">
    </testcase>
    <testcase classname=" add 1 + 1 to equal 2" name=" add 1 + 1 to equal 2" time="0.001">
    </testcase>
    <testcase classname=" add 1 + 1 to equal 2" name=" add 1 + 1 to equal 2" time="0">
    </testcase>
    <testcase classname=" add 1 + 1 to equal 2" name=" add 1 + 1 to equal 2" time="0">
    </testcase>
    <testcase classname=" add 1 + 1 to equal 2" name=" add 1 + 1 to equal 2" time="0">
    </testcase>
    <testcase classname=" add 1 + 1 to equal 2" name=" add 1 + 1 to equal 2" time="0">
    </testcase>
    <testcase classname=" add 1 + 1 to equal 2" name=" add 1 + 1 to equal 2" time="0">
    </testcase>
    <testcase classname=" add 1 + 1 to equal 2" name=" add 1 + 1 to equal 2" time="0">
    </testcase>
    <testcase classname=" add 1 + 1 to equal 2" name=" add 1 + 1 to equal 2" time="0.001">
    </testcase>
    <testcase classname=" add 1 + 1 to equal 2" name=" add 1 + 1 to equal 2" time="0">
    </testcase>
    <testcase classname=" add 1 + 1 to equal 2" name=" add 1 + 1 to equal 2" time="0">
    </testcase>
    <testcase classname=" add 1 + 1 to equal 2" name=" add 1 + 1 to equal 2" time="0.001">
    </testcase>
    <testcase classname=" add 1 + 1 to equal 2" name=" add 1 + 1 to equal 2" time="0">
    </testcase>
    <testcase classname=" add 1 + 1 to equal 2" name=" add 1 + 1 to equal 2" time="0">
    </testcase>
    <testcase classname=" add 1 + 1 to equal 2" name=" add 1 + 1 to equal 2" time="0.001">
    </testcase>
    <testcase classname=" add 1 + 1 to equal 2" name=" add 1 + 1 to equal 2" time="0">
    </testcase>
    <testcase classname=" add 1 + 1 to equal 2" name=" add 1 + 1 to equal 2" time="0">
    </testcase>
    <testcase classname=" add 1 + 1 to equal 2" name=" add 1 + 1 to equal 2" time="0.001">
    </testcase>
    <testcase classname=" add 1 + 1 to equal 2" name=" add 1 + 1 to equal 2" time="0">
    </testcase>
    <testcase classname=" add 1 + 1 to equal 2" name=" add 1 + 1 to equal 2" time="0">
    </testcase>
    <testcase classname=" add 1 + 1 to equal 2" name=" add 1 + 1 to equal 2" time="0.001">
    </testcase>
    <testcase classname=" add 1 + 1 to equal 2" name=" add 1 + 1 to equal 2" time="0">
    </testcase>
    <testcase classname=" add 1 + 1 to equal 2" name=" add 1 + 1 to equal 2" time="0">
    </testcase>
    <testcase classname=" add 1 + 1 to equal 2" name=" add 1 + 1 to equal 2" time="0.001">
    </testcase>
    <testcase classname=" add 1 + 1 to equal 2" name=" add 1 + 1 to equal 2" time="0">
    </testcase>
    <testcase classname=" add 1 + 1 to equal 2" name=" add 1 + 1 to equal 2" time="0">
    </testcase>
    <testcase classname=" add 1 + 1 to equal 2" name=" add 1 + 1 to equal 2" time="0">
    </testcase>
    <testcase classname=" add 1 + 1 to equal 2" name=" add 1 + 1 to equal 2" time="0">
    </testcase>
    <testcase classname=" add 1 + 1 to equal 2" name=" add 1 + 1 to equal 2" time="0">
    </testcase>
    <testcase classname=" add 1 + 1 to equal 2" name=" add 1 + 1 to equal 2" time="0">
    </testcase>
    <testcase classname=" add 1 + 1 to equal 2" name=" add 1 + 1 to equal 2" time="0">
    </testcase>
    <testcase classname=" add 1 + 1 to equal 2" name=" add 1 + 1 to equal 2" time="0">
    </testcase>
    <testcase classname=" add 1 + 1 to equal 2" name=" add 1 + 1 to equal 2" time="0">
    </testcase>
    <testcase classname=" add 1 + 1 to equal 2" name=" add 1 + 1 to equal 2" time="0.001">
    </testcase>
    <testcase classname=" add 1 + 1 to equal 2" name=" add 1 + 1 to equal 2" time="0">
    </testcase>
    <testcase classname=" add 1 + 1 to equal 2" name=" add 1 + 1 to equal 2" time="0">
    </testcase>
    <testcase classname=" add 1 + 1 to equal 2" name=" add 1 + 1 to equal 2" time="0.001">
    </testcase>
    <testcase classname=" add 1 + 1 to equal 2" name=" add 1 + 1 to equal 2" time="0">
    </testcase>
    <testcase classname=" add 1 + 1 to equal 2" name=" add 1 + 1 to equal 2" time="0">
    </testcase>
    <testcase classname=" add 1 + 1 to equal 2" name=" add 1 + 1 to equal 2" time="0.001">
    </testcase>
    <testcase classname=" add 1 + 1 to equal 2" name=" add 1 + 1 to equal 2" time="0">
    </testcase>
    <testcase classname=" add 1 + 1 to equal 2" name=" add 1 + 1 to equal 2" time="0">
    </testcase>
    <testcase classname=" add 1 + 1 to equal 2" name=" add 1 + 1 to equal 2" time="0.001">
    </testcase>
    <testcase classname=" add 1 + 1 to equal 2" name=" add 1 + 1 to equal 2" time="0">
    </testcase>
    <testcase classname=" add 1 + 1 to equal 2" name=" add 1 + 1 to equal 2" time="0">
    </testcase>
    <testcase classname=" add 1 + 1 to equal 2" name=" add 1 + 1 to equal 2" time="0">
    </testcase>
    <testcase classname=" add 1 + 1 to equal 2" name=" add 1 + 1 to equal 2" time="0">
    </testcase>
    <testcase classname=" add 1 + 1 to equal 2" name=" add 1 + 1 to equal 2" time="0">
    </testcase>
    <testcase classname=" add 1 + 1 to equal 2" name=" add 1 + 1 to equal 2" time="0">
    </testcase>
    <testcase classname=" add 1 + 1 to equal 2" name=" add 1 + 1 to equal 2" time="0">
    </testcase>
    <testcase classname=" add 1 + 1 to equal 2" name=" add 1 + 1 to equal 2" time="0.002">
    </testcase>
    <testcase classname=" add 1 + 1 to equal 2" name=" add 1 + 1 to equal 2" time="0">
    </testcase>
    <testcase classname=" add 1 + 1 to equal 2" name=" add 1 + 1 to equal 2" time="0.001">
    </testcase>
    <testcase classname=" add 1 + 1 to equal 2" name=" add 1 + 1 to equal 2" time="0">
    </testcase>
    <testcase classname=" add 1 + 1 to equal 2" name=" add 1 + 1 to equal 2" time="0">
    </testcase>
    <testcase classname=" add 1 + 1 to equal 2" name=" add 1 + 1 to equal 2" time="0">
    </testcase>
    <testcase classname=" add 1 + 1 to equal 2" name=" add 1 + 1 to equal 2" time="0">
    </testcase>
    <testcase classname=" add 1 + 1 to equal 2" name=" add 1 + 1 to equal 2" time="0">
    </testcase>
    <testcase classname=" add 1 + 1 to equal 2" name=" add 1 + 1 to equal 2" time="0">
    </testcase>
    <testcase classname=" add 1 + 1 to equal 2" name=" add 1 + 1 to equal 2" time="0">
    </testcase>
    <testcase classname=" add 1 + 1 to equal 2" name=" add 1 + 1 to equal 2" time="0">
    </testcase>
    <testcase classname=" add 1 + 1 to equal 2" name=" add 1 + 1 to equal 2" time="0">
    </testcase>
    <testcase classname=" add 1 + 1 to equal 2" name=" add 1 + 1 to equal 2" time="0">
    </testcase>
    <testcase classname=" add 1 + 1 to equal 2" name=" add 1 + 1 to equal 2" time="0">
    </testcase>
    <testcase classname=" add 1 + 1 to equal 2" name=" add 1 + 1 to equal 2" time="0.001">
    </testcase>
    <testcase classname=" add 1 + 1 to equal 2" name=" add 1 + 1 to equal 2" time="0">
    </testcase>
    <testcase classname=" add 1 + 1 to equal 2" name=" add 1 + 1 to equal 2" time="0">
    </testcase>
    <testcase classname=" add 1 + 1 to equal 2" name=" add 1 + 1 to equal 2" time="0.001">
    </testcase>
    <testcase classname=" add 1 + 1 to equal 2" name=" add 1 + 1 to equal 2" time="0">
    </testcase>
    <testcase classname=" add 1 + 1 to equal 2" name=" add 1 + 1 to equal 2" time="0">
    </testcase>
    <testcase classname=" add 1 + 1 to equal 2" name=" add 1 + 1 to equal 2" time="0.001">
    </testcase>
    <testcase classname=" add 1 + 1 to equal 2" name=" add 1 + 1 to equal 2" time="0">
    </testcase>
    <testcase classname=" add 1 + 1 to equal 2" name=" add 1 + 1 to equal 2" time="0">
    </testcase>
    <testcase classname=" add 1 + 1 to equal 2" name=" add 1 + 1 to equal 2" time="0.001">
    </testcase>
    <testcase classname=" add 1 + 1 to equal 2" name=" add 1 + 1 to equal 2" time="0">
    </testcase>
    <testcase classname=" add 1 + 1 to equal 2" name=" add 1 + 1 to equal 2" time="0">
    </testcase>
    <testcase classname=" add 1 + 1 to equal 2" name=" add 1 + 1 to equal 2" time="0.001">
    </testcase>
    <testcase classname=" add 1 + 1 to equal 2" name=" add 1 + 1 to equal 2" time="0">
    </testcase>
    <testcase classname=" add 1 + 1 to equal 2" name=" add 1 + 1 to equal 2" time="0">
    </testcase>
    <testcase classname=" add 1 + 1 to equal 2" name=" add 1 + 1 to equal 2" time="0.001">
    </testcase>
    <testcase classname=" add 1 + 1 to equal 2" name=" add 1 + 1 to equal 2" time="0">
    </testcase>
    <testcase classname=" add 1 + 1 to equal 2" name=" add 1 + 1 to equal 2" time="0">
    </testcase>
    <testcase classname=" add 1 + 1 to equal 2" name=" add 1 + 1 to equal 2" time="0.001">
    </testcase>
    <testcase classname=" add 1 + 1 to equal 2" name=" add 1 + 1 to equal 2" time="0">
    </testcase>
    <testcase classname=" add 1 + 1 to equal 2" name=" add 1 + 1 to equal 2" time="0">
    </testcase>
    <testcase classname=" add 1 + 1 to equal 2" name=" add 1 + 1 to equal 2" time="0.001">
    </testcase>
    <testcase classname=" add 1 + 1 to equal 2" name=" add 1 + 1 to equal 2" time="0">
    </testcase>
    <testcase classname=" add 1 + 1 to equal 2" name=" add 1 + 1 to equal 2" time="0">
    </testcase>
    <testcase classname=" add 1 + 1 to equal 2" name=" add 1 + 1 to equal 2" time="0.001">
    </testcase>
    <testcase classname=" add 1 + 1 to equal 2" name=" add 1 + 1 to equal 2" time="0">
    </testcase>
    <testcase classname=" add 1 + 1 to equal 2" name=" add 1 + 1 to equal 2" time="0">
    </testcase>
    <testcase classname=" add 1 + 1 to equal 2" name=" add 1 + 1 to equal 2" time="0.001">
    </testcase>
    <testcase classname=" add 1 + 1 to equal 2" name=" add 1 + 1 to equal 2" time="0">
    </testcase>
    <testcase classname=" add 1 + 1 to equal 2" name=" add 1 + 1 to equal 2" time="0.001">
    </testcase>
    <testcase classname=" add 1 + 1 to equal 2" name=" add 1 + 1 to equal 2" time="0">
    </testcase>
    <testcase classname=" add 1 + 1 to equal 2" name=" add 1 + 1 to equal 2" time="0.001">
    </testcase>
    <testcase classname=" add 1 + 1 to equal 2" name=" add 1 + 1 to equal 2" time="0">
    </testcase>
    <testcase classname=" add 1 + 1 to equal 2" name=" add 1 + 1 to equal 2" time="0">
    </testcase>
    <testcase classname=" add 1 + 1 to equal 2" name=" add 1 + 1 to equal 2" time="0.001">
    </testcase>
    <testcase classname=" add 1 + 1 to equal 2" name=" add 1 + 1 to equal 2" time="0">
    </testcase>
    <testcase classname=" add 1 + 1 to equal 2" name=" add 1 + 1 to equal 2" time="0">
    </testcase>
    <testcase classname=" add 1 + 1 to equal 2" name=" add 1 + 1 to equal 2" time="0.001">
    </testcase>
    <testcase classname=" add 1 + 1 to equal 2" name=" add 1 + 1 to equal 2" time="0">
    </testcase>
    <testcase classname=" add 1 + 1 to equal 2" name=" add 1 + 1 to equal 2" time="0">
    </testcase>
    <testcase classname=" add 1 + 1 to equal 2" name=" add 1 + 1 to equal 2" time="0.001">
    </testcase>
    <testcase classname=" add 1 + 1 to equal 2" name=" add 1 + 1 to equal 2" time="0">
    </testcase>
    <testcase classname=" add 1 + 1 to equal 2" name=" add 1 + 1 to equal 2" time="0">
    </testcase>
    <testcase classname=" add 1 + 1 to equal 2" name=" add 1 + 1 to equal 2" time="0.001">
    </testcase>
    <testcase classname=" add 1 + 1 to equal 2" name=" add 1 + 1 to equal 2" time="0">
    </testcase>
    <testcase classname=" add 1 + 1 to equal 2" name=" add 1 + 1 to equal 2" time="0">
    </testcase>
    <testcase classname=" add 1 + 1 to equal 2" name=" add 1 + 1 to equal 2" time="0">
    </testcase>
    <testcase classname=" add 1 + 1 to equal 2" name=" add 1 + 1 to equal 2" time="0">
    </testcase>
    <testcase classname=" add 1 + 1 to equal 2" name=" add 1 + 1 to equal 2" time="0">
    </testcase>
    <testcase classname=" add 1 + 1 to equal 2" name=" add 1 + 1 to equal 2" time="0">
    </testcase>
    <testcase classname=" add 1 + 1 to equal 2" name=" add 1 + 1 to equal 2" time="0.001">
    </testcase>
    <testcase classname=" add 1 + 1 to equal 2" name=" add 1 + 1 to equal 2" time="0">
    </testcase>
    <testcase classname=" add 1 + 1 to equal 2" name=" add 1 + 1 to equal 2" time="0">
    </testcase>
    <testcase classname=" add 1 + 1 to equal 2" name=" add 1 + 1 to equal 2" time="0.001">
    </testcase>
    <testcase classname=" add 1 + 1 to equal 2" name=" add 1 + 1 to equal 2" time="0">
    </testcase>
    <testcase classname=" add 1 + 1 to equal 2" name=" add 1 + 1 to equal 2" time="0">
    </testcase>
    <testcase classname=" add 1 + 1 to equal 2" name=" add 1 + 1 to equal 2" time="0">
    </testcase>
    <testcase classname=" add 1 + 1 to equal 2" name=" add 1 + 1 to equal 2" time="0">
    </testcase>
    <testcase classname=" add 1 + 1 to equal 2" name=" add 1 + 1 to equal 2" time="0">
    </testcase>
    <testcase classname=" add 1 + 1 to equal 2" name=" add 1 + 1 to equal 2" time="0">
    </testcase>
    <testcase classname=" add 1 + 1 to equal 2" name=" add 1 + 1 to equal 2" time="0">
    </testcase>
    <testcase classname=" add 1 + 1 to equal 2" name=" add 1 + 1 to equal 2" time="0">
    </testcase>
    <testcase classname=" add 1 + 1 to equal 2" name=" add 1 + 1 to equal 2" time="0">
    </testcase>
    <testcase classname=" add 1 + 1 to equal 2" name=" add 1 + 1 to equal 2" time="0.001">
    </testcase>
    <testcase classname=" add 1 + 1 to equal 2" name=" add 1 + 1 to equal 2" time="0">
    </testcase>
    <testcase classname=" add 1 + 1 to equal 2" name=" add 1 + 1 to equal 2" time="0">
    </testcase>
    <testcase classname=" add 1 + 1 to equal 2" name=" add 1 + 1 to equal 2" time="0.001">
    </testcase>
    <testcase classname=" add 1 + 1 to equal 2" name=" add 1 + 1 to equal 2" time="0">
    </testcase>
    <testcase classname=" add 1 + 1 to equal 2" name=" add 1 + 1 to equal 2" time="0">
    </testcase>
    <testcase classname=" add 1 + 1 to equal 2" name=" add 1 + 1 to equal 2" time="0">
    </testcase>
    <testcase classname=" add 1 + 1 to equal 2" name=" add 1 + 1 to equal 2" time="0">
    </testcase>
    <testcase classname=" add 1 + 1 to equal 2" name=" add 1 + 1 to equal 2" time="0">
    </testcase>
    <testcase classname=" add 1 + 1 to equal 2" name=" add 1 + 1 to equal 2" time="0">
    </testcase>
    <testcase classname=" add 1 + 1 to equal 2" name=" add 1 + 1 to equal 2" time="0.001">
    </testcase>
    <testcase classname=" add 1 + 1 to equal 2" name=" add 1 + 1 to equal 2" time="0">
    </testcase>
    <testcase classname=" add 1 + 1 to equal 2" name=" add 1 + 1 to equal 2" time="0">
    </testcase>
    <testcase classname=" add 1 + 1 to equal 2" name=" add 1 + 1 to equal 2" time="0.001">
    </testcase>
    <testcase classname=" add 1 + 1 to equal 2" name=" add 1 + 1 to equal 2" time="0">
    </testcase>
    <testcase classname=" add 1 + 1 to equal 2" name=" add 1 + 1 to equal 2" time="0">
    </testcase>
    <testcase classname=" add 1 + 1 to equal 2" name=" add 1 + 1 to equal 2" time="0.001">
    </testcase>
    <testcase classname=" add 1 + 1 to equal 2" name=" add 1 + 1 to equal 2" time="0">
    </testcase>
    <testcase classname=" add 1 + 1 to equal 2" name=" add 1 + 1 to equal 2" time="0">
    </testcase>
    <testcase classname=" add 1 + 1 to equal 2" name=" add 1 + 1 to equal 2" time="0">
    </testcase>
    <testcase classname=" add 1 + 1 to equal 2" name=" add 1 + 1 to equal 2" time="0">
    </testcase>
    <testcase classname=" add 1 + 1 to equal 2" name=" add 1 + 1 to equal 2" time="0">
    </testcase>
    <testcase classname=" add 1 + 1 to equal 2" name=" add 1 + 1 to equal 2" time="0">
    </testcase>
    <testcase classname=" add 1 + 1 to equal 2" name=" add 1 + 1 to equal 2" time="0.001">
    </testcase>
    <testcase classname=" add 1 + 1 to equal 2" name=" add 1 + 1 to equal 2" time="0">
    </testcase>
    <testcase classname=" add 1 + 1 to equal 2" name=" add 1 + 1 to equal 2" time="0">
    </testcase>
    <testcase classname=" add 1 + 1 to equal 2" name=" add 1 + 1 to equal 2" time="0.001">
    </testcase>
    <testcase classname=" add 1 + 1 to equal 2" name=" add 1 + 1 to equal 2" time="0">
    </testcase>
    <testcase classname=" add 1 + 1 to equal 2" name=" add 1 + 1 to equal 2" time="0">
    </testcase>
    <testcase classname=" add 1 + 1 to equal 2" name=" add 1 + 1 to equal 2" time="0">
    </testcase>
    <testcase classname=" add 1 + 1 to equal 2" name=" add 1 + 1 to equal 2" time="0">
    </testcase>
    <testcase classname=" add 1 + 1 to equal 2" name=" add 1 + 1 to equal 2" time="0">
    </testcase>
    <testcase classname=" add 1 + 1 to equal 2" name=" add 1 + 1 to equal 2" time="0">
    </testcase>
    <testcase classname=" add 1 + 1 to equal 2" name=" add 1 + 1 to equal 2" time="0.001">
    </testcase>
    <testcase classname=" add 1 + 1 to equal 2" name=" add 1 + 1 to equal 2" time="0">
    </testcase>
    <testcase classname=" add 1 + 1 to equal 2" name=" add 1 + 1 to equal 2" time="0">
    </testcase>
    <testcase classname=" add 1 + 1 to equal 2" name=" add 1 + 1 to equal 2" time="0.001">
    </testcase>
    <testcase classname=" add 1 + 1 to equal 2" name=" add 1 + 1 to equal 2" time="0">
    </testcase>
    <testcase classname=" add 1 + 1 to equal 2" name=" add 1 + 1 to equal 2" time="0">
    </testcase>
    <testcase classname=" add 1 + 1 to equal 2" name=" add 1 + 1 to equal 2" time="0">
    </testcase>
    <testcase classname=" add 1 + 1 to equal 2" name=" add 1 + 1 to equal 2" time="0">
    </testcase>
    <testcase classname=" add 1 + 1 to equal 2" name=" add 1 + 1 to equal 2" time="0">
    </testcase>
    <testcase classname=" add 1 + 1 to equal 2" name=" add 1 + 1 to equal 2" time="0">
    </testcase>
    <testcase classname=" add 1 + 1 to equal 2" name=" add 1 + 1 to equal 2" time="0.001">
    </testcase>
    <testcase classname=" add 1 + 1 to equal 2" name=" add 1 + 1 to equal 2" time="0">
    </testcase>
    <testcase classname=" add 1 + 1 to equal 2" name=" add 1 + 1 to equal 2" time="0">
    </testcase>
    <testcase classname=" add 1 + 1 to equal 2" name=" add 1 + 1 to equal 2" time="0.001">
    </testcase>
    <testcase classname=" add 1 + 1 to equal 2" name=" add 1 + 1 to equal 2" time="0">
    </testcase>
    <testcase classname=" add 1 + 1 to equal 2" name=" add 1 + 1 to equal 2" time="0">
    </testcase>
    <testcase classname=" add 1 + 1 to equal 2" name=" add 1 + 1 to equal 2" time="0">
    </testcase>
    <testcase classname=" add 1 + 1 to equal 2" name=" add 1 + 1 to equal 2" time="0.001">
    </testcase>
    <testcase classname=" add 1 + 1 to equal 2" name=" add 1 + 1 to equal 2" time="0">
    </testcase>
    <testcase classname=" add 1 + 1 to equal 2" name=" add 1 + 1 to equal 2" time="0">
    </testcase>
    <testcase classname=" add 1 + 1 to equal 2" name=" add 1 + 1 to equal 2" time="0.001">
    </testcase>
    <testcase classname=" add 1 + 1 to equal 2" name=" add 1 + 1 to equal 2" time="0">
    </testcase>
    <testcase classname=" add 1 + 1 to equal 2" name=" add 1 + 1 to equal 2" time="0">
    </testcase>
    <testcase classname=" add 1 + 1 to equal 2" name=" add 1 + 1 to equal 2" time="0.001">
    </testcase>
    <testcase classname=" add 1 + 1 to equal 2" name=" add 1 + 1 to equal 2" time="0">
    </testcase>
    <testcase classname=" add 1 + 1 to equal 2" name=" add 1 + 1 to equal 2" time="0">
    </testcase>
    <testcase classname=" add 1 + 1 to equal 2" name=" add 1 + 1 to equal 2" time="0">
    </testcase>
    <testcase classname=" add 1 + 1 to equal 2" name=" add 1 + 1 to equal 2" time="0">
    </testcase>
    <testcase classname=" add 1 + 1 to equal 2" name=" add 1 + 1 to equal 2" time="0">
    </testcase>
    <testcase classname=" add 1 + 1 to equal 2" name=" add 1 + 1 to equal 2" time="0">
    </testcase>
    <testcase classname=" add 1 + 1 to equal 2" name=" add 1 + 1 to equal 2" time="0.001">
    </testcase>
    <testcase classname=" add 1 + 1 to equal 2" name=" add 1 + 1 to equal 2" time="0">
    </testcase>
    <testcase classname=" add 1 + 1 to equal 2" name=" add 1 + 1 to equal 2" time="0">
    </testcase>
    <testcase classname=" add 1 + 1 to equal 2" name=" add 1 + 1 to equal 2" time="0.001">
    </testcase>
    <testcase classname=" add 1 + 1 to equal 2" name=" add 1 + 1 to equal 2" time="0">
    </testcase>
    <testcase classname=" add 1 + 1 to equal 2" name=" add 1 + 1 to equal 2" time="0">
    </testcase>
    <testcase classname=" add 1 + 1 to equal 2" name=" add 1 + 1 to equal 2" time="0">
    </testcase>
    <testcase classname=" add 1 + 1 to equal 2" name=" add 1 + 1 to equal 2" time="0">
    </testcase>
    <testcase classname=" add 1 + 1 to equal 2" name=" add 1 + 1 to equal 2" time="0">
    </testcase>
    <testcase classname=" add 1 + 1 to equal 2" name=" add 1 + 1 to equal 2" time="0">
    </testcase>
    <testcase classname=" add 1 + 1 to equal 2" name=" add 1 + 1 to equal 2" time="0.001">
    </testcase>
    <testcase classname=" add 1 + 1 to equal 2" name=" add 1 + 1 to equal 2" time="0">
    </testcase>
    <testcase classname=" add 1 + 1 to equal 2" name=" add 1 + 1 to equal 2" time="0">
    </testcase>
    <testcase classname=" add 1 + 1 to equal 2" name=" add 1 + 1 to equal 2" time="0.001">
    </testcase>
    <testcase classname=" add 1 + 1 to equal 2" name=" add 1 + 1 to equal 2" time="0">
    </testcase>
    <testcase classname=" add 1 + 1 to equal 2" name=" add 1 + 1 to equal 2" time="0">
    </testcase>
    <testcase classname=" add 1 + 1 to equal 2" name=" add 1 + 1 to equal 2" time="0">
    </testcase>
    <testcase classname=" add 1 + 1 to equal 2" name=" add 1 + 1 to equal 2" time="0">
    </testcase>
    <testcase classname=" add 1 + 1 to equal 2" name=" add 1 + 1 to equal 2" time="0">
    </testcase>
    <testcase classname=" add 1 + 1 to equal 2" name=" add 1 + 1 to equal 2" time="0">
    </testcase>
    <testcase classname=" add 1 + 1 to equal 2" name=" add 1 + 1 to equal 2" time="0.003">
    </testcase>
    <testcase classname=" add 1 + 1 to equal 2" name=" add 1 + 1 to equal 2" time="0">
    </testcase>
    <testcase classname=" add 1 + 1 to equal 2" name=" add 1 + 1 to equal 2" time="0">
    </testcase>
    <testcase classname=" add 1 + 1 to equal 2" name=" add 1 + 1 to equal 2" time="0">
    </testcase>
    <testcase classname=" add 1 + 1 to equal 2" name=" add 1 + 1 to equal 2" time="0">
    </testcase>
    <testcase classname=" add 1 + 1 to equal 2" name=" add 1 + 1 to equal 2" time="0">
    </testcase>
    <testcase classname=" add 1 + 1 to equal 2" name=" add 1 + 1 to equal 2" time="0">
    </testcase>
    <testcase classname=" add 1 + 1 to equal 2" name=" add 1 + 1 to equal 2" time="0">
    </testcase>
    <testcase classname=" add 1 + 1 to equal 2" name=" add 1 + 1 to equal 2" time="0">
    </testcase>
    <testcase classname=" add 1 + 1 to equal 2" name=" add 1 + 1 to equal 2" time="0.001">
    </testcase>
    <testcase classname=" add 1 + 1 to equal 2" name=" add 1 + 1 to equal 2" time="0">
    </testcase>
    <testcase classname=" add 1 + 1 to equal 2" name=" add 1 + 1 to equal 2" time="0">
    </testcase>
    <testcase classname=" add 1 + 1 to equal 2" name=" add 1 + 1 to equal 2" time="0.001">
    </testcase>
    <testcase classname=" add 1 + 1 to equal 2" name=" add 1 + 1 to equal 2" time="0">
    </testcase>
    <testcase classname=" add 1 + 1 to equal 2" name=" add 1 + 1 to equal 2" time="0">
    </testcase>
    <testcase classname=" add 1 + 1 to equal 2" name=" add 1 + 1 to equal 2" time="0.001">
    </testcase>
    <testcase classname=" add 1 + 1 to equal 2" name=" add 1 + 1 to equal 2" time="0">
    </testcase>
    <testcase classname=" add 1 + 1 to equal 2" name=" add 1 + 1 to equal 2" time="0">
    </testcase>
    <testcase classname=" add 1 + 1 to equal 2" name=" add 1 + 1 to equal 2" time="0">
    </testcase>
    <testcase classname=" add 1 + 1 to equal 2" name=" add 1 + 1 to equal 2" time="0">
    </testcase>
    <testcase classname=" add 1 + 1 to equal 2" name=" add 1 + 1 to equal 2" time="0">
    </testcase>
    <testcase classname=" add 1 + 1 to equal 2" name=" add 1 + 1 to equal 2" time="0">
    </testcase>
    <testcase classname=" add 1 + 1 to equal 2" name=" add 1 + 1 to equal 2" time="0.001">
    </testcase>
    <testcase classname=" add 1 + 1 to equal 2" name=" add 1 + 1 to equal 2" time="0">
    </testcase>
    <testcase classname=" add 1 + 1 to equal 2" name=" add 1 + 1 to equal 2" time="0">
    </testcase>
    <testcase classname=" add 1 + 1 to equal 2" name=" add 1 + 1 to equal 2" time="0.001">
    </testcase>
    <testcase classname=" add 1 + 1 to equal 2" name=" add 1 + 1 to equal 2" time="0">
    </testcase>
    <testcase classname=" add 1 + 1 to equal 2" name=" add 1 + 1 to equal 2" time="0">
    </testcase>
    <testcase classname=" add 1 + 1 to equal 2" name=" add 1 + 1 to equal 2" time="0.001">
    </testcase>
    <testcase classname=" add 1 + 1 to equal 2" name=" add 1 + 1 to equal 2" time="0">
    </testcase>
    <testcase classname=" add 1 + 1 to equal 2" name=" add 1 + 1 to equal 2" time="0">
    </testcase>
    <testcase classname=" add 1 + 1 to equal 2" name=" add 1 + 1 to equal 2" time="0">
    </testcase>
    <testcase classname=" add 1 + 1 to equal 2" name=" add 1 + 1 to equal 2" time="0.001">
    </testcase>
    <testcase classname=" add 1 + 1 to equal 2" name=" add 1 + 1 to equal 2" time="0">
    </testcase>
    <testcase classname=" add 1 + 1 to equal 2" name=" add 1 + 1 to equal 2" time="0">
    </testcase>
    <testcase classname=" add 1 + 1 to equal 2" name=" add 1 + 1 to equal 2" time="0.001">
    </testcase>
    <testcase classname=" add 1 + 1 to equal 2" name=" add 1 + 1 to equal 2" time="0">
    </testcase>
    <testcase classname=" add 1 + 1 to equal 2" name=" add 1 + 1 to equal 2" time="0">
    </testcase>
    <testcase classname=" add 1 + 1 to equal 2" name=" add 1 + 1 to equal 2" time="0.001">
    </testcase>
    <testcase classname=" add 1 + 1 to equal 2" name=" add 1 + 1 to equal 2" time="0">
    </testcase>
    <testcase classname=" add 1 + 1 to equal 2" name=" add 1 + 1 to equal 2" time="0">
    </testcase>
    <testcase classname=" add 1 + 1 to equal 2" name=" add 1 + 1 to equal 2" time="0">
    </testcase>
    <testcase classname=" add 1 + 1 to equal 2" name=" add 1 + 1 to equal 2" time="0">
    </testcase>
    <testcase classname=" add 1 + 1 to equal 2" name=" add 1 + 1 to equal 2" time="0">
    </testcase>
    <testcase classname=" add 1 + 1 to equal 2" name=" add 1 + 1 to equal 2" time="0">
    </testcase>
    <testcase classname=" add 1 + 1 to equal 2" name=" add 1 + 1 to equal 2" time="0.001">
    </testcase>
    <testcase classname=" add 1 + 1 to equal 2" name=" add 1 + 1 to equal 2" time="0">
    </testcase>
    <testcase classname=" add 1 + 1 to equal 2" name=" add 1 + 1 to equal 2" time="0">
    </testcase>
    <testcase classname=" add 1 + 1 to equal 2" name=" add 1 + 1 to equal 2" time="0.001">
    </testcase>
    <testcase classname=" add 1 + 1 to equal 2" name=" add 1 + 1 to equal 2" time="0">
    </testcase>
    <testcase classname=" add 1 + 1 to equal 2" name=" add 1 + 1 to equal 2" time="0">
    </testcase>
    <testcase classname=" add 1 + 1 to equal 2" name=" add 1 + 1 to equal 2" time="0.001">
    </testcase>
    <testcase classname=" add 1 + 1 to equal 2" name=" add 1 + 1 to equal 2" time="0">
    </testcase>
    <testcase classname=" add 1 + 1 to equal 2" name=" add 1 + 1 to equal 2" time="0">
    </testcase>
    <testcase classname=" add 1 + 1 to equal 2" name=" add 1 + 1 to equal 2" time="0">
    </testcase>
    <testcase classname=" add 1 + 1 to equal 2" name=" add 1 + 1 to equal 2" time="0.001">
    </testcase>
    <testcase classname=" add 1 + 1 to equal 2" name=" add 1 + 1 to equal 2" time="0">
    </testcase>
    <testcase classname=" add 1 + 1 to equal 2" name=" add 1 + 1 to equal 2" time="0">
    </testcase>
    <testcase classname=" add 1 + 1 to equal 2" name=" add 1 + 1 to equal 2" time="0.001">
    </testcase>
    <testcase classname=" add 1 + 1 to equal 2" name=" add 1 + 1 to equal 2" time="0">
    </testcase>
    <testcase classname=" add 1 + 1 to equal 2" name=" add 1 + 1 to equal 2" time="0">
    </testcase>
    <testcase classname=" add 1 + 1 to equal 2" name=" add 1 + 1 to equal 2" time="0">
    </testcase>
    <testcase classname=" add 1 + 1 to equal 2" name=" add 1 + 1 to equal 2" time="0">
    </testcase>
    <testcase classname=" add 1 + 1 to equal 2" name=" add 1 + 1 to equal 2" time="0">
    </testcase>
    <testcase classname=" add 1 + 1 to equal 2" name=" add 1 + 1 to equal 2" time="0">
    </testcase>
    <testcase classname=" add 1 + 1 to equal 2" name=" add 1 + 1 to equal 2" time="0.001">
    </testcase>
    <testcase classname=" add 1 + 1 to equal 2" name=" add 1 + 1 to equal 2" time="0">
    </testcase>
    <testcase classname=" add 1 + 1 to equal 2" name=" add 1 + 1 to equal 2" time="0">
    </testcase>
    <testcase classname=" add 1 + 1 to equal 2" name=" add 1 + 1 to equal 2" time="0.001">
    </testcase>
    <testcase classname=" add 1 + 1 to equal 2" name=" add 1 + 1 to equal 2" time="0">
    </testcase>
    <testcase classname=" add 1 + 1 to equal 2" name=" add 1 + 1 to equal 2" time="0">
    </testcase>
    <testcase classname=" add 1 + 1 to equal 2" name=" add 1 + 1 to equal 2" time="0.001">
    </testcase>
    <testcase classname=" add 1 + 1 to equal 2" name=" add 1 + 1 to equal 2" time="0">
    </testcase>
    <testcase classname=" add 1 + 1 to equal 2" name=" add 1 + 1 to equal 2" time="0">
    </testcase>
    <testcase classname=" add 1 + 1 to equal 2" name=" add 1 + 1 to equal 2" time="0">
    </testcase>
    <testcase classname=" add 1 + 1 to equal 2" name=" add 1 + 1 to equal 2" time="0">
    </testcase>
    <testcase classname=" add 1 + 1 to equal 2" name=" add 1 + 1 to equal 2" time="0">
    </testcase>
    <testcase classname=" add 1 + 1 to equal 2" name=" add 1 + 1 to equal 2" time="0">
    </testcase>
    <testcase classname=" add 1 + 1 to equal 2" name=" add 1 + 1 to equal 2" time="0">
    </testcase>
    <testcase classname=" add 1 + 1 to equal 2" name=" add 1 + 1 to equal 2" time="0.001">
    </testcase>
    <testcase classname=" add 1 + 1 to equal 2" name=" add 1 + 1 to equal 2" time="0">
    </testcase>
    <testcase classname=" add 1 + 1 to equal 2" name=" add 1 + 1 to equal 2" time="0">
    </testcase>
    <testcase classname=" add 1 + 1 to equal 2" name=" add 1 + 1 to equal 2" time="0">
    </testcase>
    <testcase classname=" add 1 + 1 to equal 2" name=" add 1 + 1 to equal 2" time="0">
    </testcase>
    <testcase classname=" add 1 + 1 to equal 2" name=" add 1 + 1 to equal 2" time="0">
    </testcase>
    <testcase classname=" add 1 + 1 to equal 2" name=" add 1 + 1 to equal 2" time="0.001">
    </testcase>
    <testcase classname=" add 1 + 1 to equal 2" name=" add 1 + 1 to equal 2" time="0">
    </testcase>
    <testcase classname=" add 1 + 1 to equal 2" name=" add 1 + 1 to equal 2" time="0">
    </testcase>
    <testcase classname=" add 1 + 1 to equal 2" name=" add 1 + 1 to equal 2" time="0.001">
    </testcase>
    <testcase classname=" add 1 + 1 to equal 2" name=" add 1 + 1 to equal 2" time="0">
    </testcase>
    <testcase classname=" add 1 + 1 to equal 2" name=" add 1 + 1 to equal 2" time="0">
    </testcase>
    <testcase classname=" add 1 + 1 to equal 2" name=" add 1 + 1 to equal 2" time="0.001">
    </testcase>
    <testcase classname=" add 1 + 1 to equal 2" name=" add 1 + 1 to equal 2" time="0.001">
    </testcase>
    <testcase classname=" add 1 + 1 to equal 2" name=" add 1 + 1 to equal 2" time="0">
    </testcase>
    <testcase classname=" add 1 + 1 to equal 2" name=" add 1 + 1 to equal 2" time="0">
    </testcase>
    <testcase classname=" add 1 + 1 to equal 2" name=" add 1 + 1 to equal 2" time="0">
    </testcase>
    <testcase classname=" add 1 + 1 to equal 2" name=" add 1 + 1 to equal 2" time="0">
    </testcase>
    <testcase classname=" add 1 + 1 to equal 2" name=" add 1 + 1 to equal 2" time="0">
    </testcase>
    <testcase classname=" add 1 + 1 to equal 2" name=" add 1 + 1 to equal 2" time="0">
    </testcase>
    <testcase classname=" add 1 + 1 to equal 2" name=" add 1 + 1 to equal 2" time="0">
    </testcase>
    <testcase classname=" add 1 + 1 to equal 2" name=" add 1 + 1 to equal 2" time="0">
    </testcase>
    <testcase classname=" add 1 + 1 to equal 2" name=" add 1 + 1 to equal 2" time="0.001">
    </testcase>
    <testcase classname=" add 1 + 1 to equal 2" name=" add 1 + 1 to equal 2" time="0">
    </testcase>
    <testcase classname=" add 1 + 1 to equal 2" name=" add 1 + 1 to equal 2" time="0">
    </testcase>
    <testcase classname=" add 1 + 1 to equal 2" name=" add 1 + 1 to equal 2" time="0.001">
    </testcase>
    <testcase classname=" add 1 + 1 to equal 2" name=" add 1 + 1 to equal 2" time="0">
    </testcase>
    <testcase classname=" add 1 + 1 to equal 2" name=" add 1 + 1 to equal 2" time="0">
    </testcase>
    <testcase classname=" add 1 + 1 to equal 2" name=" add 1 + 1 to equal 2" time="0.001">
    </testcase>
    <testcase classname=" add 1 + 1 to equal 2" name=" add 1 + 1 to equal 2" time="0">
    </testcase>
    <testcase classname=" add 1 + 1 to equal 2" name=" add 1 + 1 to equal 2" time="0">
    </testcase>
    <testcase classname=" add 1 + 1 to equal 2" name=" add 1 + 1 to equal 2" time="0">
    </testcase>
    <testcase classname=" add 1 + 1 to equal 2" name=" add 1 + 1 to equal 2" time="0">
    </testcase>
    <testcase classname=" add 1 + 1 to equal 2" name=" add 1 + 1 to equal 2" time="0">
    </testcase>
    <testcase classname=" add 1 + 1 to equal 2" name=" add 1 + 1 to equal 2" time="0">
    </testcase>
    <testcase classname=" add 1 + 1 to equal 2" name=" add 1 + 1 to equal 2" time="0.001">
    </testcase>
    <testcase classname=" add 1 + 1 to equal 2" name=" add 1 + 1 to equal 2" time="0">
    </testcase>
    <testcase classname=" add 1 + 1 to equal 2" name=" add 1 + 1 to equal 2" time="0">
    </testcase>
    <testcase classname=" add 1 + 1 to equal 2" name=" add 1 + 1 to equal 2" time="0.001">
    </testcase>
    <testcase classname=" add 1 + 1 to equal 2" name=" add 1 + 1 to equal 2" time="0">
    </testcase>
    <testcase classname=" add 1 + 1 to equal 2" name=" add 1 + 1 to equal 2" time="0">
    </testcase>
    <testcase classname=" add 1 + 1 to equal 2" name=" add 1 + 1 to equal 2" time="0">
    </testcase>
    <testcase classname=" add 1 + 1 to equal 2" name=" add 1 + 1 to equal 2" time="0.002">
    </testcase>
    <testcase classname=" add 1 + 1 to equal 2" name=" add 1 + 1 to equal 2" time="0">
    </testcase>
    <testcase classname=" add 1 + 1 to equal 2" name=" add 1 + 1 to equal 2" time="0">
    </testcase>
    <testcase classname=" add 1 + 1 to equal 2" name=" add 1 + 1 to equal 2" time="0.001">
    </testcase>
    <testcase classname=" add 1 + 1 to equal 2" name=" add 1 + 1 to equal 2" time="0">
    </testcase>
    <testcase classname=" add 1 + 1 to equal 2" name=" add 1 + 1 to equal 2" time="0">
    </testcase>
    <testcase classname=" add 1 + 1 to equal 2" name=" add 1 + 1 to equal 2" time="0.001">
    </testcase>
    <testcase classname=" add 1 + 1 to equal 2" name=" add 1 + 1 to equal 2" time="0">
    </testcase>
    <testcase classname=" add 1 + 1 to equal 2" name=" add 1 + 1 to equal 2" time="0">
    </testcase>
    <testcase classname=" add 1 + 1 to equal 2" name=" add 1 + 1 to equal 2" time="0">
    </testcase>
    <testcase classname=" add 1 + 1 to equal 2" name=" add 1 + 1 to equal 2" time="0">
    </testcase>
    <testcase classname=" add 1 + 1 to equal 2" name=" add 1 + 1 to equal 2" time="0">
    </testcase>
    <testcase classname=" add 1 + 1 to equal 2" name=" add 1 + 1 to equal 2" time="0.001">
    </testcase>
    <testcase classname=" add 1 + 1 to equal 2" name=" add 1 + 1 to equal 2" time="0">
    </testcase>
    <testcase classname=" add 1 + 1 to equal 2" name=" add 1 + 1 to equal 2" time="0">
    </testcase>
    <testcase classname=" add 1 + 1 to equal 2" name=" add 1 + 1 to equal 2" time="0.001">
    </testcase>
    <testcase classname=" add 1 + 1 to equal 2" name=" add 1 + 1 to equal 2" time="0">
    </testcase>
    <testcase classname=" add 1 + 1 to equal 2" name=" add 1 + 1 to equal 2" time="0">
    </testcase>
    <testcase classname=" add 1 + 1 to equal 2" name=" add 1 + 1 to equal 2" time="0">
    </testcase>
    <testcase classname=" add 1 + 1 to equal 2" name=" add 1 + 1 to equal 2" time="0.001">
    </testcase>
    <testcase classname=" add 1 + 1 to equal 2" name=" add 1 + 1 to equal 2" time="0">
    </testcase>
    <testcase classname=" add 1 + 1 to equal 2" name=" add 1 + 1 to equal 2" time="0">
    </testcase>
    <testcase classname=" add 1 + 1 to equal 2" name=" add 1 + 1 to equal 2" time="0.001">
    </testcase>
    <testcase classname=" add 1 + 1 to equal 2" name=" add 1 + 1 to equal 2" time="0">
    </testcase>
    <testcase classname=" add 1 + 1 to equal 2" name=" add 1 + 1 to equal 2" time="0">
    </testcase>
    <testcase classname=" add 1 + 1 to equal 2" name=" add 1 + 1 to equal 2" time="0.001">
    </testcase>
    <testcase classname=" add 1 + 1 to equal 2" name=" add 1 + 1 to equal 2" time="0">
    </testcase>
    <testcase classname=" add 1 + 1 to equal 2" name=" add 1 + 1 to equal 2" time="0">
    </testcase>
    <testcase classname=" add 1 + 1 to equal 2" name=" add 1 + 1 to equal 2" time="0">
    </testcase>
    <testcase classname=" add 1 + 1 to equal 2" name=" add 1 + 1 to equal 2" time="0.001">
    </testcase>
    <testcase classname=" add 1 + 1 to equal 2" name=" add 1 + 1 to equal 2" time="0">
    </testcase>
    <testcase classname=" add 1 + 1 to equal 2" name=" add 1 + 1 to equal 2" time="0">
    </testcase>
    <testcase classname=" add 1 + 1 to equal 2" name=" add 1 + 1 to equal 2" time="0.001">
    </testcase>
    <testcase classname=" add 1 + 1 to equal 2" name=" add 1 + 1 to equal 2" time="0">
    </testcase>
    <testcase classname=" add 1 + 1 to equal 2" name=" add 1 + 1 to equal 2" time="0">
    </testcase>
    <testcase classname=" add 1 + 1 to equal 2" name=" add 1 + 1 to equal 2" time="0">
    </testcase>
    <testcase classname=" add 1 + 1 to equal 2" name=" add 1 + 1 to equal 2" time="0">
    </testcase>
    <testcase classname=" add 1 + 1 to equal 2" name=" add 1 + 1 to equal 2" time="0">
    </testcase>
    <testcase classname=" add 1 + 1 to equal 2" name=" add 1 + 1 to equal 2" time="0">
    </testcase>
    <testcase classname=" add 1 + 1 to equal 2" name=" add 1 + 1 to equal 2" time="0.003">
    </testcase>
    <testcase classname=" add 1 + 1 to equal 2" name=" add 1 + 1 to equal 2" time="0">
    </testcase>
    <testcase classname=" add 1 + 1 to equal 2" name=" add 1 + 1 to equal 2" time="0">
    </testcase>
    <testcase classname=" add 1 + 1 to equal 2" name=" add 1 + 1 to equal 2" time="0.001">
    </testcase>
    <testcase classname=" add 1 + 1 to equal 2" name=" add 1 + 1 to equal 2" time="0">
    </testcase>
    <testcase classname=" add 1 + 1 to equal 2" name=" add 1 + 1 to equal 2" time="0">
    </testcase>
    <testcase classname=" add 1 + 1 to equal 2" name=" add 1 + 1 to equal 2" time="0.001">
    </testcase>
    <testcase classname=" add 1 + 1 to equal 2" name=" add 1 + 1 to equal 2" time="0">
    </testcase>
    <testcase classname=" add 1 + 1 to equal 2" name=" add 1 + 1 to equal 2" time="0">
    </testcase>
    <testcase classname=" add 1 + 1 to equal 2" name=" add 1 + 1 to equal 2" time="0">
    </testcase>
    <testcase classname=" add 1 + 1 to equal 2" name=" add 1 + 1 to equal 2" time="0">
    </testcase>
    <testcase classname=" add 1 + 1 to equal 2" name=" add 1 + 1 to equal 2" time="0">
    </testcase>
    <testcase classname=" add 1 + 1 to equal 2" name=" add 1 + 1 to equal 2" time="0">
    </testcase>
    <testcase classname=" add 1 + 1 to equal 2" name=" add 1 + 1 to equal 2" time="0.001">
    </testcase>
    <testcase classname=" add 1 + 1 to equal 2" name=" add 1 + 1 to equal 2" time="0">
    </testcase>
    <testcase classname=" add 1 + 1 to equal 2" name=" add 1 + 1 to equal 2" time="0">
    </testcase>
    <testcase classname=" add 1 + 1 to equal 2" name=" add 1 + 1 to equal 2" time="0.001">
    </testcase>
    <testcase classname=" add 1 + 1 to equal 2" name=" add 1 + 1 to equal 2" time="0">
    </testcase>
    <testcase classname=" add 1 + 1 to equal 2" name=" add 1 + 1 to equal 2" time="0">
    </testcase>
    <testcase classname=" add 1 + 1 to equal 2" name=" add 1 + 1 to equal 2" time="0">
    </testcase>
    <testcase classname=" add 1 + 1 to equal 2" name=" add 1 + 1 to equal 2" time="0.001">
    </testcase>
    <testcase classname=" add 1 + 1 to equal 2" name=" add 1 + 1 to equal 2" time="0">
    </testcase>
    <testcase classname=" add 1 + 1 to equal 2" name=" add 1 + 1 to equal 2" time="0">
    </testcase>
    <testcase classname=" add 1 + 1 to equal 2" name=" add 1 + 1 to equal 2" time="0.001">
    </testcase>
    <testcase classname=" add 1 + 1 to equal 2" name=" add 1 + 1 to equal 2" time="0">
    </testcase>
    <testcase classname=" add 1 + 1 to equal 2" name=" add 1 + 1 to equal 2" time="0.001">
    </testcase>
    <testcase classname=" add 1 + 1 to equal 2" name=" add 1 + 1 to equal 2" time="0">
    </testcase>
    <testcase classname=" add 1 + 1 to equal 2" name=" add 1 + 1 to equal 2" time="0">
    </testcase>
    <testcase classname=" add 1 + 1 to equal 2" name=" add 1 + 1 to equal 2" time="0.001">
    </testcase>
    <testcase classname=" add 1 + 1 to equal 2" name=" add 1 + 1 to equal 2" time="0">
    </testcase>
    <testcase classname=" add 1 + 1 to equal 2" name=" add 1 + 1 to equal 2" time="0">
    </testcase>
    <testcase classname=" add 1 + 1 to equal 2" name=" add 1 + 1 to equal 2" time="0">
    </testcase>
    <testcase classname=" add 1 + 1 to equal 2" name=" add 1 + 1 to equal 2" time="0">
    </testcase>
    <testcase classname=" add 1 + 1 to equal 2" name=" add 1 + 1 to equal 2" time="0">
    </testcase>
    <testcase classname=" add 1 + 1 to equal 2" name=" add 1 + 1 to equal 2" time="0">
    </testcase>
    <testcase classname=" add 1 + 1 to equal 2" name=" add 1 + 1 to equal 2" time="0.001">
    </testcase>
    <testcase classname=" add 1 + 1 to equal 2" name=" add 1 + 1 to equal 2" time="0">
    </testcase>
    <testcase classname=" add 1 + 1 to equal 2" name=" add 1 + 1 to equal 2" time="0">
    </testcase>
    <testcase classname=" add 1 + 1 to equal 2" name=" add 1 + 1 to equal 2" time="0.001">
    </testcase>
    <testcase classname=" add 1 + 1 to equal 2" name=" add 1 + 1 to equal 2" time="0">
    </testcase>
    <testcase classname=" add 1 + 1 to equal 2" name=" add 1 + 1 to equal 2" time="0">
    </testcase>
    <testcase classname=" add 1 + 1 to equal 2" name=" add 1 + 1 to equal 2" time="0">
    </testcase>
    <testcase classname=" add 1 + 1 to equal 2" name=" add 1 + 1 to equal 2" time="0.001">
    </testcase>
    <testcase classname=" add 1 + 1 to equal 2" name=" add 1 + 1 to equal 2" time="0">
    </testcase>
    <testcase classname=" add 1 + 1 to equal 2" name=" add 1 + 1 to equal 2" time="0">
    </testcase>
    <testcase classname=" add 1 + 1 to equal 2" name=" add 1 + 1 to equal 2" time="0.001">
    </testcase>
    <testcase classname=" add 1 + 1 to equal 2" name=" add 1 + 1 to equal 2" time="0">
    </testcase>
    <testcase classname=" add 1 + 1 to equal 2" name=" add 1 + 1 to equal 2" time="0">
    </testcase>
    <testcase classname=" add 1 + 1 to equal 2" name=" add 1 + 1 to equal 2" time="0.001">
    </testcase>
    <testcase classname=" add 1 + 1 to equal 2" name=" add 1 + 1 to equal 2" time="0">
    </testcase>
    <testcase classname=" add 1 + 1 to equal 2" name=" add 1 + 1 to equal 2" time="0">
    </testcase>
    <testcase classname=" add 1 + 1 to equal 2" name=" add 1 + 1 to equal 2" time="0.001">
    </testcase>
    <testcase classname=" add 1 + 1 to equal 2" name=" add 1 + 1 to equal 2" time="0">
    </testcase>
    <testcase classname=" add 1 + 1 to equal 2" name=" add 1 + 1 to equal 2" time="0">
    </testcase>
    <testcase classname=" add 1 + 1 to equal 2" name=" add 1 + 1 to equal 2" time="0">
    </testcase>
    <testcase classname=" add 1 + 1 to equal 2" name=" add 1 + 1 to equal 2" time="0.001">
    </testcase>
    <testcase classname=" add 1 + 1 to equal 2" name=" add 1 + 1 to equal 2" time="0">
    </testcase>
    <testcase classname=" add 1 + 1 to equal 2" name=" add 1 + 1 to equal 2" time="0">
    </testcase>
    <testcase classname=" add 1 + 1 to equal 2" name=" add 1 + 1 to equal 2" time="0.001">
    </testcase>
    <testcase classname=" add 1 + 1 to equal 2" name=" add 1 + 1 to equal 2" time="0">
    </testcase>
    <testcase classname=" add 1 + 1 to equal 2" name=" add 1 + 1 to equal 2" time="0">
    </testcase>
    <testcase classname=" add 1 + 1 to equal 2" name=" add 1 + 1 to equal 2" time="0">
    </testcase>
    <testcase classname=" add 1 + 1 to equal 2" name=" add 1 + 1 to equal 2" time="0.001">
    </testcase>
    <testcase classname=" add 1 + 1 to equal 2" name=" add 1 + 1 to equal 2" time="0">
    </testcase>
    <testcase classname=" add 1 + 1 to equal 2" name=" add 1 + 1 to equal 2" time="0">
    </testcase>
    <testcase classname=" add 1 + 1 to equal 2" name=" add 1 + 1 to equal 2" time="0.001">
    </testcase>
    <testcase classname=" add 1 + 1 to equal 2" name=" add 1 + 1 to equal 2" time="0">
    </testcase>
    <testcase classname=" add 1 + 1 to equal 2" name=" add 1 + 1 to equal 2" time="0">
    </testcase>
    <testcase classname=" add 1 + 1 to equal 2" name=" add 1 + 1 to equal 2" time="0">
    </testcase>
    <testcase classname=" add 1 + 1 to equal 2" name=" add 1 + 1 to equal 2" time="0">
    </testcase>
    <testcase classname=" add 1 + 1 to equal 2" name=" add 1 + 1 to equal 2" time="0">
    </testcase>
    <testcase classname=" add 1 + 1 to equal 2" name=" add 1 + 1 to equal 2" time="0">
    </testcase>
    <testcase classname=" add 1 + 1 to equal 2" name=" add 1 + 1 to equal 2" time="0.001">
    </testcase>
    <testcase classname=" add 1 + 1 to equal 2" name=" add 1 + 1 to equal 2" time="0">
    </testcase>
    <testcase classname=" add 1 + 1 to equal 2" name=" add 1 + 1 to equal 2" time="0">
    </testcase>
    <testcase classname=" add 1 + 1 to equal 2" name=" add 1 + 1 to equal 2" time="0">
    </testcase>
    <testcase classname=" add 1 + 1 to equal 2" name=" add 1 + 1 to equal 2" time="0">
    </testcase>
    <testcase classname=" add 1 + 1 to equal 2" name=" add 1 + 1 to equal 2" time="0">
    </testcase>
    <testcase classname=" add 1 + 1 to equal 2" name=" add 1 + 1 to equal 2" time="0">
    </testcase>
    <testcase classname=" add 1 + 1 to equal 2" name=" add 1 + 1 to equal 2" time="0.001">
    </testcase>
    <testcase classname=" add 1 + 1 to equal 2" name=" add 1 + 1 to equal 2" time="0">
    </testcase>
    <testcase classname=" add 1 + 1 to equal 2" name=" add 1 + 1 to equal 2" time="0">
    </testcase>
    <testcase classname=" add 1 + 1 to equal 2" name=" add 1 + 1 to equal 2" time="0.001">
    </testcase>
    <testcase classname=" add 1 + 1 to equal 2" name=" add 1 + 1 to equal 2" time="0">
    </testcase>
    <testcase classname=" add 1 + 1 to equal 2" name=" add 1 + 1 to equal 2" time="0">
    </testcase>
    <testcase classname=" add 1 + 1 to equal 2" name=" add 1 + 1 to equal 2" time="0">
    </testcase>
    <testcase classname=" add 1 + 1 to equal 2" name=" add 1 + 1 to equal 2" time="0.001">
    </testcase>
    <testcase classname=" add 1 + 1 to equal 2" name=" add 1 + 1 to equal 2" time="0">
    </testcase>
    <testcase classname=" add 1 + 1 to equal 2" name=" add 1 + 1 to equal 2" time="0">
    </testcase>
    <testcase classname=" add 1 + 1 to equal 2" name=" add 1 + 1 to equal 2" time="0.001">
    </testcase>
    <testcase classname=" add 1 + 1 to equal 2" name=" add 1 + 1 to equal 2" time="0">
    </testcase>
    <testcase classname=" add 1 + 1 to equal 2" name=" add 1 + 1 to equal 2" time="0">
    </testcase>
    <testcase classname=" add 1 + 1 to equal 2" name=" add 1 + 1 to equal 2" time="0">
    </testcase>
    <testcase classname=" add 1 + 1 to equal 2" name=" add 1 + 1 to equal 2" time="0.001">
    </testcase>
    <testcase classname=" add 1 + 1 to equal 2" name=" add 1 + 1 to equal 2" time="0">
    </testcase>
    <testcase classname=" add 1 + 1 to equal 2" name=" add 1 + 1 to equal 2" time="0">
    </testcase>
    <testcase classname=" add 1 + 1 to equal 2" name=" add 1 + 1 to equal 2" time="0.001">
    </testcase>
    <testcase classname=" add 1 + 1 to equal 2" name=" add 1 + 1 to equal 2" time="0">
    </testcase>
    <testcase classname=" add 1 + 1 to equal 2" name=" add 1 + 1 to equal 2" time="0">
    </testcase>
    <testcase classname=" add 1 + 1 to equal 2" name=" add 1 + 1 to equal 2" time="0">
    </testcase>
    <testcase classname=" add 1 + 1 to equal 2" name=" add 1 + 1 to equal 2" time="0.001">
    </testcase>
    <testcase classname=" add 1 + 1 to equal 2" name=" add 1 + 1 to equal 2" time="0">
    </testcase>
    <testcase classname=" add 1 + 1 to equal 2" name=" add 1 + 1 to equal 2" time="0">
    </testcase>
    <testcase classname=" add 1 + 1 to equal 2" name=" add 1 + 1 to equal 2" time="0.001">
    </testcase>
    <testcase classname=" add 1 + 1 to equal 2" name=" add 1 + 1 to equal 2" time="0">
    </testcase>
    <testcase classname=" add 1 + 1 to equal 2" name=" add 1 + 1 to equal 2" time="0">
    </testcase>
    <testcase classname=" add 1 + 1 to equal 2" name=" add 1 + 1 to equal 2" time="0">
    </testcase>
    <testcase classname=" add 1 + 1 to equal 2" name=" add 1 + 1 to equal 2" time="0.001">
    </testcase>
    <testcase classname=" add 1 + 1 to equal 2" name=" add 1 + 1 to equal 2" time="0">
    </testcase>
    <testcase classname=" add 1 + 1 to equal 2" name=" add 1 + 1 to equal 2" time="0">
    </testcase>
    <testcase classname=" add 1 + 1 to equal 2" name=" add 1 + 1 to equal 2" time="0.001">
    </testcase>
    <testcase classname=" add 1 + 1 to equal 2" name=" add 1 + 1 to equal 2" time="0">
    </testcase>
    <testcase classname=" add 1 + 1 to equal 2" name=" add 1 + 1 to equal 2" time="0">
    </testcase>
    <testcase classname=" add 1 + 1 to equal 2" name=" add 1 + 1 to equal 2" time="0">
    </testcase>
    <testcase classname=" add 1 + 1 to equal 2" name=" add 1 + 1 to equal 2" time="0">
    </testcase>
    <testcase classname=" add 1 + 1 to equal 2" name=" add 1 + 1 to equal 2" time="0">
    </testcase>
    <testcase classname=" add 1 + 1 to equal 2" name=" add 1 + 1 to equal 2" time="0">
    </testcase>
    <testcase classname=" add 1 + 1 to equal 2" name=" add 1 + 1 to equal 2" time="0.001">
    </testcase>
    <testcase classname=" add 1 + 1 to equal 2" name=" add 1 + 1 to equal 2" time="0">
    </testcase>
    <testcase classname=" add 1 + 1 to equal 2" name=" add 1 + 1 to equal 2" time="0">
    </testcase>
    <testcase classname=" add 1 + 1 to equal 2" name=" add 1 + 1 to equal 2" time="0">
    </testcase>
    <testcase classname=" add 1 + 1 to equal 2" name=" add 1 + 1 to equal 2" time="0">
    </testcase>
    <testcase classname=" add 1 + 1 to equal 2" name=" add 1 + 1 to equal 2" time="0">
    </testcase>
    <testcase classname=" add 1 + 1 to equal 2" name=" add 1 + 1 to equal 2" time="0">
    </testcase>
    <testcase classname=" add 1 + 1 to equal 2" name=" add 1 + 1 to equal 2" time="0.001">
    </testcase>
    <testcase classname=" add 1 + 1 to equal 2" name=" add 1 + 1 to equal 2" time="0">
    </testcase>
    <testcase classname=" add 1 + 1 to equal 2" name=" add 1 + 1 to equal 2" time="0">
    </testcase>
    <testcase classname=" add 1 + 1 to equal 2" name=" add 1 + 1 to equal 2" time="0.001">
    </testcase>
    <testcase classname=" add 1 + 1 to equal 2" name=" add 1 + 1 to equal 2" time="0">
    </testcase>
    <testcase classname=" add 1 + 1 to equal 2" name=" add 1 + 1 to equal 2" time="0">
    </testcase>
    <testcase classname=" add 1 + 1 to equal 2" name=" add 1 + 1 to equal 2" time="0">
    </testcase>
    <testcase classname=" add 1 + 1 to equal 2" name=" add 1 + 1 to equal 2" time="0.001">
    </testcase>
    <testcase classname=" add 1 + 1 to equal 2" name=" add 1 + 1 to equal 2" time="0">
    </testcase>
    <testcase classname=" add 1 + 1 to equal 2" name=" add 1 + 1 to equal 2" time="0">
    </testcase>
    <testcase classname=" add 1 + 1 to equal 2" name=" add 1 + 1 to equal 2" time="0.001">
    </testcase>
    <testcase classname=" add 1 + 1 to equal 2" name=" add 1 + 1 to equal 2" time="0">
    </testcase>
    <testcase classname=" add 1 + 1 to equal 2" name=" add 1 + 1 to equal 2" time="0">
    </testcase>
    <testcase classname=" add 1 + 1 to equal 2" name=" add 1 + 1 to equal 2" time="0">
    </testcase>
    <testcase classname=" add 1 + 1 to equal 2" name=" add 1 + 1 to equal 2" time="0.001">
    </testcase>
    <testcase classname=" add 1 + 1 to equal 2" name=" add 1 + 1 to equal 2" time="0">
    </testcase>
    <testcase classname=" add 1 + 1 to equal 2" name=" add 1 + 1 to equal 2" time="0">
    </testcase>
    <testcase classname=" add 1 + 1 to equal 2" name=" add 1 + 1 to equal 2" time="0.001">
    </testcase>
    <testcase classname=" add 1 + 1 to equal 2" name=" add 1 + 1 to equal 2" time="0">
    </testcase>
    <testcase classname=" add 1 + 1 to equal 2" name=" add 1 + 1 to equal 2" time="0">
    </testcase>
    <testcase classname=" add 1 + 1 to equal 2" name=" add 1 + 1 to equal 2" time="0">
    </testcase>
    <testcase classname=" add 1 + 1 to equal 2" name=" add 1 + 1 to equal 2" time="0.001">
    </testcase>
    <testcase classname=" add 1 + 1 to equal 2" name=" add 1 + 1 to equal 2" time="0">
    </testcase>
    <testcase classname=" add 1 + 1 to equal 2" name=" add 1 + 1 to equal 2" time="0">
    </testcase>
    <testcase classname=" add 1 + 1 to equal 2" name=" add 1 + 1 to equal 2" time="0.001">
    </testcase>
    <testcase classname=" add 1 + 1 to equal 2" name=" add 1 + 1 to equal 2" time="0">
    </testcase>
    <testcase classname=" add 1 + 1 to equal 2" name=" add 1 + 1 to equal 2" time="0">
    </testcase>
    <testcase classname=" add 1 + 1 to equal 2" name=" add 1 + 1 to equal 2" time="0">
    </testcase>
    <testcase classname=" add 1 + 1 to equal 2" name=" add 1 + 1 to equal 2" time="0">
    </testcase>
    <testcase classname=" add 1 + 1 to equal 2" name=" add 1 + 1 to equal 2" time="0">
    </testcase>
    <testcase classname=" add 1 + 1 to equal 2" name=" add 1 + 1 to equal 2" time="0">
    </testcase>
    <testcase classname=" add 1 + 1 to equal 2" name=" add 1 + 1 to equal 2" time="0.001">
    </testcase>
    <testcase classname=" add 1 + 1 to equal 2" name=" add 1 + 1 to equal 2" time="0">
    </testcase>
    <testcase classname=" add 1 + 1 to equal 2" name=" add 1 + 1 to equal 2" time="0">
    </testcase>
    <testcase classname=" add 1 + 1 to equal 2" name=" add 1 + 1 to equal 2" time="0">
    </testcase>
    <testcase classname=" add 1 + 1 to equal 2" name=" add 1 + 1 to equal 2" time="0.001">
    </testcase>
    <testcase classname=" add 1 + 1 to equal 2" name=" add 1 + 1 to equal 2" time="0">
    </testcase>
    <testcase classname=" add 1 + 1 to equal 2" name=" add 1 + 1 to equal 2" time="0">
    </testcase>
    <testcase classname=" add 1 + 1 to equal 2" name=" add 1 + 1 to equal 2" time="0">
    </testcase>
    <testcase classname=" add 1 + 1 to equal 2" name=" add 1 + 1 to equal 2" time="0.001">
    </testcase>
    <testcase classname=" add 1 + 1 to equal 2" name=" add 1 + 1 to equal 2" time="0">
    </testcase>
    <testcase classname=" add 1 + 1 to equal 2" name=" add 1 + 1 to equal 2" time="0">
    </testcase>
    <testcase classname=" add 1 + 1 to equal 2" name=" add 1 + 1 to equal 2" time="0">
    </testcase>
    <testcase classname=" add 1 + 1 to equal 2" name=" add 1 + 1 to equal 2" time="0">
    </testcase>
    <testcase classname=" add 1 + 1 to equal 2" name=" add 1 + 1 to equal 2" time="0">
    </testcase>
    <testcase classname=" add 1 + 1 to equal 2" name=" add 1 + 1 to equal 2" time="0">
    </testcase>
    <testcase classname=" add 1 + 1 to equal 2" name=" add 1 + 1 to equal 2" time="0.001">
    </testcase>
    <testcase classname=" add 1 + 1 to equal 2" name=" add 1 + 1 to equal 2" time="0">
    </testcase>
    <testcase classname=" add 1 + 1 to equal 2" name=" add 1 + 1 to equal 2" time="0">
    </testcase>
    <testcase classname=" add 1 + 1 to equal 2" name=" add 1 + 1 to equal 2" time="0.001">
    </testcase>
    <testcase classname=" add 1 + 1 to equal 2" name=" add 1 + 1 to equal 2" time="0">
    </testcase>
    <testcase classname=" add 1 + 1 to equal 2" name=" add 1 + 1 to equal 2" time="0.001">
    </testcase>
    <testcase classname=" add 1 + 1 to equal 2" name=" add 1 + 1 to equal 2" time="0">
    </testcase>
    <testcase classname=" add 1 + 1 to equal 2" name=" add 1 + 1 to equal 2" time="0">
    </testcase>
    <testcase classname=" add 1 + 1 to equal 2" name=" add 1 + 1 to equal 2" time="0.001">
    </testcase>
    <testcase classname=" add 1 + 1 to equal 2" name=" add 1 + 1 to equal 2" time="0">
    </testcase>
    <testcase classname=" add 1 + 1 to equal 2" name=" add 1 + 1 to equal 2" time="0">
    </testcase>
    <testcase classname=" add 1 + 1 to equal 2" name=" add 1 + 1 to equal 2" time="0.001">
    </testcase>
    <testcase classname=" add 1 + 1 to equal 2" name=" add 1 + 1 to equal 2" time="0">
    </testcase>
    <testcase classname=" add 1 + 1 to equal 2" name=" add 1 + 1 to equal 2" time="0">
    </testcase>
    <testcase classname=" add 1 + 1 to equal 2" name=" add 1 + 1 to equal 2" time="0">
    </testcase>
    <testcase classname=" add 1 + 1 to equal 2" name=" add 1 + 1 to equal 2" time="0.001">
    </testcase>
    <testcase classname=" add 1 + 1 to equal 2" name=" add 1 + 1 to equal 2" time="0">
    </testcase>
    <testcase classname=" add 1 + 1 to equal 2" name=" add 1 + 1 to equal 2" time="0">
    </testcase>
    <testcase classname=" add 1 + 1 to equal 2" name=" add 1 + 1 to equal 2" time="0.001">
    </testcase>
    <testcase classname=" add 1 + 1 to equal 2" name=" add 1 + 1 to equal 2" time="0">
    </testcase>
    <testcase classname=" add 1 + 1 to equal 2" name=" add 1 + 1 to equal 2" time="0">
    </testcase>
    <testcase classname=" add 1 + 1 to equal 2" name=" add 1 + 1 to equal 2" time="0">
    </testcase>
    <testcase classname=" add 1 + 1 to equal 2" name=" add 1 + 1 to equal 2" time="0.001">
    </testcase>
    <testcase classname=" add 1 + 1 to equal 2" name=" add 1 + 1 to equal 2" time="0">
    </testcase>
    <testcase classname=" add 1 + 1 to equal 2" name=" add 1 + 1 to equal 2" time="0">
    </testcase>
    <testcase classname=" add 1 + 1 to equal 2" name=" add 1 + 1 to equal 2" time="0.001">
    </testcase>
    <testcase classname=" add 1 + 1 to equal 2" name=" add 1 + 1 to equal 2" time="0">
    </testcase>
    <testcase classname=" add 1 + 1 to equal 2" name=" add 1 + 1 to equal 2" time="0">
    </testcase>
    <testcase classname=" add 1 + 1 to equal 2" name=" add 1 + 1 to equal 2" time="0">
    </testcase>
    <testcase classname=" add 1 + 1 to equal 2" name=" add 1 + 1 to equal 2" time="0.001">
    </testcase>
    <testcase classname=" add 1 + 1 to equal 2" name=" add 1 + 1 to equal 2" time="0">
    </testcase>
    <testcase classname=" add 1 + 1 to equal 2" name=" add 1 + 1 to equal 2" time="0">
    </testcase>
    <testcase classname=" add 1 + 1 to equal 2" name=" add 1 + 1 to equal 2" time="0.001">
    </testcase>
    <testcase classname=" add 1 + 1 to equal 2" name=" add 1 + 1 to equal 2" time="0">
    </testcase>
    <testcase classname=" add 1 + 1 to equal 2" name=" add 1 + 1 to equal 2" time="0">
    </testcase>
    <testcase classname=" add 1 + 1 to equal 2" name=" add 1 + 1 to equal 2" time="0">
    </testcase>
    <testcase classname=" add 1 + 1 to equal 2" name=" add 1 + 1 to equal 2" time="0.001">
    </testcase>
    <testcase classname=" add 1 + 1 to equal 2" name=" add 1 + 1 to equal 2" time="0">
    </testcase>
    <testcase classname=" add 1 + 1 to equal 2" name=" add 1 + 1 to equal 2" time="0">
    </testcase>
    <testcase classname=" add 1 + 1 to equal 2" name=" add 1 + 1 to equal 2" time="0">
    </testcase>
    <testcase classname=" add 1 + 1 to equal 2" name=" add 1 + 1 to equal 2" time="0">
    </testcase>
    <testcase classname=" add 1 + 1 to equal 2" name=" add 1 + 1 to equal 2" time="0">
    </testcase>
    <testcase classname=" add 1 + 1 to equal 2" name=" add 1 + 1 to equal 2" time="0">
    </testcase>
    <testcase classname=" add 1 + 1 to equal 2" name=" add 1 + 1 to equal 2" time="0.001">
    </testcase>
    <testcase classname=" add 1 + 1 to equal 2" name=" add 1 + 1 to equal 2" time="0">
    </testcase>
    <testcase classname=" add 1 + 1 to equal 2" name=" add 1 + 1 to equal 2" time="0">
    </testcase>
    <testcase classname=" add 1 + 1 to equal 2" name=" add 1 + 1 to equal 2" time="0">
    </testcase>
    <testcase classname=" add 1 + 1 to equal 2" name=" add 1 + 1 to equal 2" time="0">
    </testcase>
    <testcase classname=" add 1 + 1 to equal 2" name=" add 1 + 1 to equal 2" time="0">
    </testcase>
    <testcase classname=" add 1 + 1 to equal 2" name=" add 1 + 1 to equal 2" time="0.002">
    </testcase>
    <testcase classname=" add 1 + 1 to equal 2" name=" add 1 + 1 to equal 2" time="0">
    </testcase>
    <testcase classname=" add 1 + 1 to equal 2" name=" add 1 + 1 to equal 2" time="0">
    </testcase>
    <testcase classname=" add 1 + 1 to equal 2" name=" add 1 + 1 to equal 2" time="0.001">
    </testcase>
    <testcase classname=" add 1 + 1 to equal 2" name=" add 1 + 1 to equal 2" time="0">
    </testcase>
    <testcase classname=" add 1 + 1 to equal 2" name=" add 1 + 1 to equal 2" time="0">
    </testcase>
    <testcase classname=" add 1 + 1 to equal 2" name=" add 1 + 1 to equal 2" time="0">
    </testcase>
    <testcase classname=" add 1 + 1 to equal 2" name=" add 1 + 1 to equal 2" time="0.001">
    </testcase>
    <testcase classname=" add 1 + 1 to equal 2" name=" add 1 + 1 to equal 2" time="0">
    </testcase>
    <testcase classname=" add 1 + 1 to equal 2" name=" add 1 + 1 to equal 2" time="0">
    </testcase>
    <testcase classname=" add 1 + 1 to equal 2" name=" add 1 + 1 to equal 2" time="0">
    </testcase>
    <testcase classname=" add 1 + 1 to equal 2" name=" add 1 + 1 to equal 2" time="0">
    </testcase>
    <testcase classname=" add 1 + 1 to equal 2" name=" add 1 + 1 to equal 2" time="0">
    </testcase>
    <testcase classname=" add 1 + 1 to equal 2" name=" add 1 + 1 to equal 2" time="0">
    </testcase>
    <testcase classname=" add 1 + 1 to equal 2" name=" add 1 + 1 to equal 2" time="0.001">
    </testcase>
    <testcase classname=" add 1 + 1 to equal 2" name=" add 1 + 1 to equal 2" time="0">
    </testcase>
    <testcase classname=" add 1 + 1 to equal 2" name=" add 1 + 1 to equal 2" time="0">
    </testcase>
    <testcase classname=" add 1 + 1 to equal 2" name=" add 1 + 1 to equal 2" time="0">
    </testcase>
    <testcase classname=" add 1 + 1 to equal 2" name=" add 1 + 1 to equal 2" time="0.001">
    </testcase>
    <testcase classname=" add 1 + 1 to equal 2" name=" add 1 + 1 to equal 2" time="0">
    </testcase>
    <testcase classname=" add 1 + 1 to equal 2" name=" add 1 + 1 to equal 2" time="0">
    </testcase>
    <testcase classname=" add 1 + 1 to equal 2" name=" add 1 + 1 to equal 2" time="0">
    </testcase>
    <testcase classname=" add 1 + 1 to equal 2" name=" add 1 + 1 to equal 2" time="0.001">
    </testcase>
    <testcase classname=" add 1 + 1 to equal 2" name=" add 1 + 1 to equal 2" time="0">
    </testcase>
    <testcase classname=" add 1 + 1 to equal 2" name=" add 1 + 1 to equal 2" time="0">
    </testcase>
    <testcase classname=" add 1 + 1 to equal 2" name=" add 1 + 1 to equal 2" time="0">
    </testcase>
    <testcase classname=" add 1 + 1 to equal 2" name=" add 1 + 1 to equal 2" time="0">
    </testcase>
    <testcase classname=" add 1 + 1 to equal 2" name=" add 1 + 1 to equal 2" time="0">
    </testcase>
    <testcase classname=" add 1 + 1 to equal 2" name=" add 1 + 1 to equal 2" time="0">
    </testcase>
    <testcase classname=" add 1 + 1 to equal 2" name=" add 1 + 1 to equal 2" time="0.001">
    </testcase>
    <testcase classname=" add 1 + 1 to equal 2" name=" add 1 + 1 to equal 2" time="0">
    </testcase>
    <testcase classname=" add 1 + 1 to equal 2" name=" add 1 + 1 to equal 2" time="0">
    </testcase>
    <testcase classname=" add 1 + 1 to equal 2" name=" add 1 + 1 to equal 2" time="0">
    </testcase>
    <testcase classname=" add 1 + 1 to equal 2" name=" add 1 + 1 to equal 2" time="0.001">
    </testcase>
    <testcase classname=" add 1 + 1 to equal 2" name=" add 1 + 1 to equal 2" time="0">
    </testcase>
    <testcase classname=" add 1 + 1 to equal 2" name=" add 1 + 1 to equal 2" time="0">
    </testcase>
    <testcase classname=" add 1 + 1 to equal 2" name=" add 1 + 1 to equal 2" time="0">
    </testcase>
    <testcase classname=" add 1 + 1 to equal 2" name=" add 1 + 1 to equal 2" time="0.001">
    </testcase>
    <testcase classname=" add 1 + 1 to equal 2" name=" add 1 + 1 to equal 2" time="0">
    </testcase>
    <testcase classname=" add 1 + 1 to equal 2" name=" add 1 + 1 to equal 2" time="0">
    </testcase>
    <testcase classname=" add 1 + 1 to equal 2" name=" add 1 + 1 to equal 2" time="0">
    </testcase>
    <testcase classname=" add 1 + 1 to equal 2" name=" add 1 + 1 to equal 2" time="0.001">
    </testcase>
    <testcase classname=" add 1 + 1 to equal 2" name=" add 1 + 1 to equal 2" time="0">
    </testcase>
    <testcase classname=" add 1 + 1 to equal 2" name=" add 1 + 1 to equal 2" time="0">
    </testcase>
    <testcase classname=" add 1 + 1 to equal 2" name=" add 1 + 1 to equal 2" time="0">
    </testcase>
    <testcase classname=" add 1 + 1 to equal 2" name=" add 1 + 1 to equal 2" time="0.001">
    </testcase>
    <testcase classname=" add 1 + 1 to equal 2" name=" add 1 + 1 to equal 2" time="0">
    </testcase>
    <testcase classname=" add 1 + 1 to equal 2" name=" add 1 + 1 to equal 2" time="0">
    </testcase>
    <testcase classname=" add 1 + 1 to equal 2" name=" add 1 + 1 to equal 2" time="0">
    </testcase>
    <testcase classname=" add 1 + 1 to equal 2" name=" add 1 + 1 to equal 2" time="0.001">
    </testcase>
    <testcase classname=" add 1 + 1 to equal 2" name=" add 1 + 1 to equal 2" time="0">
    </testcase>
    <testcase classname=" add 1 + 1 to equal 2" name=" add 1 + 1 to equal 2" time="0">
    </testcase>
    <testcase classname=" add 1 + 1 to equal 2" name=" add 1 + 1 to equal 2" time="0.001">
    </testcase>
    <testcase classname=" add 1 + 1 to equal 2" name=" add 1 + 1 to equal 2" time="0">
    </testcase>
    <testcase classname=" add 1 + 1 to equal 2" name=" add 1 + 1 to equal 2" time="0">
    </testcase>
    <testcase classname=" add 1 + 1 to equal 2" name=" add 1 + 1 to equal 2" time="0">
    </testcase>
    <testcase classname=" add 1 + 1 to equal 2" name=" add 1 + 1 to equal 2" time="0.001">
    </testcase>
    <testcase classname=" add 1 + 1 to equal 2" name=" add 1 + 1 to equal 2" time="0">
    </testcase>
    <testcase classname=" add 1 + 1 to equal 2" name=" add 1 + 1 to equal 2" time="0">
    </testcase>
    <testcase classname=" add 1 + 1 to equal 2" name=" add 1 + 1 to equal 2" time="0">
    </testcase>
    <testcase classname=" add 1 + 1 to equal 2" name=" add 1 + 1 to equal 2" time="0.001">
    </testcase>
    <testcase classname=" add 1 + 1 to equal 2" name=" add 1 + 1 to equal 2" time="0">
    </testcase>
    <testcase classname=" add 1 + 1 to equal 2" name=" add 1 + 1 to equal 2" time="0.002">
    </testcase>
    <testcase classname=" add 1 + 1 to equal 2" name=" add 1 + 1 to equal 2" time="0">
    </testcase>
    <testcase classname=" add 1 + 1 to equal 2" name=" add 1 + 1 to equal 2" time="0.001">
    </testcase>
    <testcase classname=" add 1 + 1 to equal 2" name=" add 1 + 1 to equal 2" time="0">
    </testcase>
    <testcase classname=" add 1 + 1 to equal 2" name=" add 1 + 1 to equal 2" time="0">
    </testcase>
    <testcase classname=" add 1 + 1 to equal 2" name=" add 1 + 1 to equal 2" time="0">
    </testcase>
    <testcase classname=" add 1 + 1 to equal 2" name=" add 1 + 1 to equal 2" time="0.001">
    </testcase>
    <testcase classname=" add 1 + 1 to equal 2" name=" add 1 + 1 to equal 2" time="0">
    </testcase>
    <testcase classname=" add 1 + 1 to equal 2" name=" add 1 + 1 to equal 2" time="0">
    </testcase>
    <testcase classname=" add 1 + 1 to equal 2" name=" add 1 + 1 to equal 2" time="0.001">
    </testcase>
    <testcase classname=" add 1 + 1 to equal 2" name=" add 1 + 1 to equal 2" time="0">
    </testcase>
    <testcase classname=" add 1 + 1 to equal 2" name=" add 1 + 1 to equal 2" time="0.001">
    </testcase>
    <testcase classname=" add 1 + 1 to equal 2" name=" add 1 + 1 to equal 2" time="0">
    </testcase>
    <testcase classname=" add 1 + 1 to equal 2" name=" add 1 + 1 to equal 2" time="0">
    </testcase>
    <testcase classname=" add 1 + 1 to equal 2" name=" add 1 + 1 to equal 2" time="0">
    </testcase>
    <testcase classname=" add 1 + 1 to equal 2" name=" add 1 + 1 to equal 2" time="0">
    </testcase>
    <testcase classname=" add 1 + 1 to equal 2" name=" add 1 + 1 to equal 2" time="0.001">
    </testcase>
    <testcase classname=" add 1 + 1 to equal 2" name=" add 1 + 1 to equal 2" time="0">
    </testcase>
    <testcase classname=" add 1 + 1 to equal 2" name=" add 1 + 1 to equal 2" time="0">
    </testcase>
    <testcase classname=" add 1 + 1 to equal 2" name=" add 1 + 1 to equal 2" time="0.001">
    </testcase>
    <testcase classname=" add 1 + 1 to equal 2" name=" add 1 + 1 to equal 2" time="0">
    </testcase>
    <testcase classname=" add 1 + 1 to equal 2" name=" add 1 + 1 to equal 2" time="0">
    </testcase>
    <testcase classname=" add 1 + 1 to equal 2" name=" add 1 + 1 to equal 2" time="0">
    </testcase>
    <testcase classname=" add 1 + 1 to equal 2" name=" add 1 + 1 to equal 2" time="0.001">
    </testcase>
    <testcase classname=" add 1 + 1 to equal 2" name=" add 1 + 1 to equal 2" time="0">
    </testcase>
    <testcase classname=" add 1 + 1 to equal 2" name=" add 1 + 1 to equal 2" time="0">
    </testcase>
    <testcase classname=" add 1 + 1 to equal 2" name=" add 1 + 1 to equal 2" time="0">
    </testcase>
    <testcase classname=" add 1 + 1 to equal 2" name=" add 1 + 1 to equal 2" time="0.001">
    </testcase>
    <testcase classname=" add 1 + 1 to equal 2" name=" add 1 + 1 to equal 2" time="0">
    </testcase>
    <testcase classname=" add 1 + 1 to equal 2" name=" add 1 + 1 to equal 2" time="0">
    </testcase>
    <testcase classname=" add 1 + 1 to equal 2" name=" add 1 + 1 to equal 2" time="0">
    </testcase>
    <testcase classname=" add 1 + 1 to equal 2" name=" add 1 + 1 to equal 2" time="0.001">
    </testcase>
    <testcase classname=" add 1 + 1 to equal 2" name=" add 1 + 1 to equal 2" time="0">
    </testcase>
    <testcase classname=" add 1 + 1 to equal 2" name=" add 1 + 1 to equal 2" time="0">
    </testcase>
    <testcase classname=" add 1 + 1 to equal 2" name=" add 1 + 1 to equal 2" time="0">
    </testcase>
    <testcase classname=" add 1 + 1 to equal 2" name=" add 1 + 1 to equal 2" time="0.001">
    </testcase>
    <testcase classname=" add 1 + 1 to equal 2" name=" add 1 + 1 to equal 2" time="0">
    </testcase>
    <testcase classname=" add 1 + 1 to equal 2" name=" add 1 + 1 to equal 2" time="0">
    </testcase>
    <testcase classname=" add 1 + 1 to equal 2" name=" add 1 + 1 to equal 2" time="0.001">
    </testcase>
    <testcase classname=" add 1 + 1 to equal 2" name=" add 1 + 1 to equal 2" time="0">
    </testcase>
    <testcase classname=" add 1 + 1 to equal 2" name=" add 1 + 1 to equal 2" time="0">
    </testcase>
    <testcase classname=" add 1 + 1 to equal 2" name=" add 1 + 1 to equal 2" time="0.002">
    </testcase>
    <testcase classname=" add 1 + 1 to equal 2" name=" add 1 + 1 to equal 2" time="0">
    </testcase>
    <testcase classname=" add 1 + 1 to equal 2" name=" add 1 + 1 to equal 2" time="0">
    </testcase>
    <testcase classname=" add 1 + 1 to equal 2" name=" add 1 + 1 to equal 2" time="0">
    </testcase>
    <testcase classname=" add 1 + 1 to equal 2" name=" add 1 + 1 to equal 2" time="0">
    </testcase>
    <testcase classname=" add 1 + 1 to equal 2" name=" add 1 + 1 to equal 2" time="0">
    </testcase>
    <testcase classname=" add 1 + 1 to equal 2" name=" add 1 + 1 to equal 2" time="0">
    </testcase>
    <testcase classname=" add 1 + 1 to equal 2" name=" add 1 + 1 to equal 2" time="0">
    </testcase>
    <testcase classname=" add 1 + 1 to equal 2" name=" add 1 + 1 to equal 2" time="0.001">
    </testcase>
    <testcase classname=" add 1 + 1 to equal 2" name=" add 1 + 1 to equal 2" time="0">
    </testcase>
    <testcase classname=" add 1 + 1 to equal 2" name=" add 1 + 1 to equal 2" time="0">
    </testcase>
    <testcase classname=" add 1 + 1 to equal 2" name=" add 1 + 1 to equal 2" time="0">
    </testcase>
    <testcase classname=" add 1 + 1 to equal 2" name=" add 1 + 1 to equal 2" time="0">
    </testcase>
    <testcase classname=" add 1 + 1 to equal 2" name=" add 1 + 1 to equal 2" time="0">
    </testcase>
    <testcase classname=" add 1 + 1 to equal 2" name=" add 1 + 1 to equal 2" time="0">
    </testcase>
    <testcase classname=" add 1 + 1 to equal 2" name=" add 1 + 1 to equal 2" time="0">
    </testcase>
    <testcase classname=" add 1 + 1 to equal 2" name=" add 1 + 1 to equal 2" time="0.001">
    </testcase>
    <testcase classname=" add 1 + 1 to equal 2" name=" add 1 + 1 to equal 2" time="0">
    </testcase>
    <testcase classname=" add 1 + 1 to equal 2" name=" add 1 + 1 to equal 2" time="0">
    </testcase>
    <testcase classname=" add 1 + 1 to equal 2" name=" add 1 + 1 to equal 2" time="0">
    </testcase>
    <testcase classname=" add 1 + 1 to equal 2" name=" add 1 + 1 to equal 2" time="0.001">
    </testcase>
    <testcase classname=" add 1 + 1 to equal 2" name=" add 1 + 1 to equal 2" time="0">
    </testcase>
    <testcase classname=" add 1 + 1 to equal 2" name=" add 1 + 1 to equal 2" time="0">
    </testcase>
    <testcase classname=" add 1 + 1 to equal 2" name=" add 1 + 1 to equal 2" time="0">
    </testcase>
    <testcase classname=" add 1 + 1 to equal 2" name=" add 1 + 1 to equal 2" time="0.001">
    </testcase>
    <testcase classname=" add 1 + 1 to equal 2" name=" add 1 + 1 to equal 2" time="0">
    </testcase>
    <testcase classname=" add 1 + 1 to equal 2" name=" add 1 + 1 to equal 2" time="0">
    </testcase>
    <testcase classname=" add 1 + 1 to equal 2" name=" add 1 + 1 to equal 2" time="0">
    </testcase>
    <testcase classname=" add 1 + 1 to equal 2" name=" add 1 + 1 to equal 2" time="0.001">
    </testcase>
    <testcase classname=" add 1 + 1 to equal 2" name=" add 1 + 1 to equal 2" time="0">
    </testcase>
    <testcase classname=" add 1 + 1 to equal 2" name=" add 1 + 1 to equal 2" time="0">
    </testcase>
    <testcase classname=" add 1 + 1 to equal 2" name=" add 1 + 1 to equal 2" time="0">
    </testcase>
    <testcase classname=" add 1 + 1 to equal 2" name=" add 1 + 1 to equal 2" time="0.001">
    </testcase>
    <testcase classname=" add 1 + 1 to equal 2" name=" add 1 + 1 to equal 2" time="0">
    </testcase>
    <testcase classname=" add 1 + 1 to equal 2" name=" add 1 + 1 to equal 2" time="0">
    </testcase>
    <testcase classname=" add 1 + 1 to equal 2" name=" add 1 + 1 to equal 2" time="0">
    </testcase>
    <testcase classname=" add 1 + 1 to equal 2" name=" add 1 + 1 to equal 2" time="0.001">
    </testcase>
    <testcase classname=" add 1 + 1 to equal 2" name=" add 1 + 1 to equal 2" time="0">
    </testcase>
    <testcase classname=" add 1 + 1 to equal 2" name=" add 1 + 1 to equal 2" time="0">
    </testcase>
    <testcase classname=" add 1 + 1 to equal 2" name=" add 1 + 1 to equal 2" time="0">
    </testcase>
    <testcase classname=" add 1 + 1 to equal 2" name=" add 1 + 1 to equal 2" time="0.001">
    </testcase>
    <testcase classname=" add 1 + 1 to equal 2" name=" add 1 + 1 to equal 2" time="0">
    </testcase>
    <testcase classname=" add 1 + 1 to equal 2" name=" add 1 + 1 to equal 2" time="0">
    </testcase>
    <testcase classname=" add 1 + 1 to equal 2" name=" add 1 + 1 to equal 2" time="0">
    </testcase>
    <testcase classname=" add 1 + 1 to equal 2" name=" add 1 + 1 to equal 2" time="0">
    </testcase>
    <testcase classname=" add 1 + 1 to equal 2" name=" add 1 + 1 to equal 2" time="0.001">
    </testcase>
    <testcase classname=" add 1 + 1 to equal 2" name=" add 1 + 1 to equal 2" time="0">
    </testcase>
    <testcase classname=" add 1 + 1 to equal 2" name=" add 1 + 1 to equal 2" time="0">
    </testcase>
    <testcase classname=" add 1 + 1 to equal 2" name=" add 1 + 1 to equal 2" time="0">
    </testcase>
    <testcase classname=" add 1 + 1 to equal 2" name=" add 1 + 1 to equal 2" time="0.001">
    </testcase>
    <testcase classname=" add 1 + 1 to equal 2" name=" add 1 + 1 to equal 2" time="0">
    </testcase>
    <testcase classname=" add 1 + 1 to equal 2" name=" add 1 + 1 to equal 2" time="0">
    </testcase>
    <testcase classname=" add 1 + 1 to equal 2" name=" add 1 + 1 to equal 2" time="0">
    </testcase>
    <testcase classname=" add 1 + 1 to equal 2" name=" add 1 + 1 to equal 2" time="0.001">
    </testcase>
    <testcase classname=" add 1 + 1 to equal 2" name=" add 1 + 1 to equal 2" time="0">
    </testcase>
    <testcase classname=" add 1 + 1 to equal 2" name=" add 1 + 1 to equal 2" time="0">
    </testcase>
    <testcase classname=" add 1 + 1 to equal 2" name=" add 1 + 1 to equal 2" time="0">
    </testcase>
    <testcase classname=" add 1 + 1 to equal 2" name=" add 1 + 1 to equal 2" time="0">
    </testcase>
    <testcase classname=" add 1 + 1 to equal 2" name=" add 1 + 1 to equal 2" time="0.001">
    </testcase>
    <testcase classname=" add 1 + 1 to equal 2" name=" add 1 + 1 to equal 2" time="0">
    </testcase>
    <testcase classname=" add 1 + 1 to equal 2" name=" add 1 + 1 to equal 2" time="0">
    </testcase>
    <testcase classname=" add 1 + 1 to equal 2" name=" add 1 + 1 to equal 2" time="0">
    </testcase>
    <testcase classname=" add 1 + 1 to equal 2" name=" add 1 + 1 to equal 2" time="0.001">
    </testcase>
    <testcase classname=" add 1 + 1 to equal 2" name=" add 1 + 1 to equal 2" time="0">
    </testcase>
    <testcase classname=" add 1 + 1 to equal 2" name=" add 1 + 1 to equal 2" time="0">
    </testcase>
    <testcase classname=" add 1 + 1 to equal 2" name=" add 1 + 1 to equal 2" time="0">
    </testcase>
    <testcase classname=" add 1 + 1 to equal 2" name=" add 1 + 1 to equal 2" time="0">
    </testcase>
    <testcase classname=" add 1 + 1 to equal 2" name=" add 1 + 1 to equal 2" time="0">
    </testcase>
    <testcase classname=" add 1 + 1 to equal 2" name=" add 1 + 1 to equal 2" time="0">
    </testcase>
    <testcase classname=" add 1 + 1 to equal 2" name=" add 1 + 1 to equal 2" time="0">
    </testcase>
    <testcase classname=" add 1 + 1 to equal 2" name=" add 1 + 1 to equal 2" time="0">
    </testcase>
    <testcase classname=" add 1 + 1 to equal 2" name=" add 1 + 1 to equal 2" time="0.001">
    </testcase>
    <testcase classname=" add 1 + 1 to equal 2" name=" add 1 + 1 to equal 2" time="0">
    </testcase>
    <testcase classname=" add 1 + 1 to equal 2" name=" add 1 + 1 to equal 2" time="0">
    </testcase>
    <testcase classname=" add 1 + 1 to equal 2" name=" add 1 + 1 to equal 2" time="0">
    </testcase>
    <testcase classname=" add 1 + 1 to equal 2" name=" add 1 + 1 to equal 2" time="0.001">
    </testcase>
    <testcase classname=" add 1 + 1 to equal 2" name=" add 1 + 1 to equal 2" time="0">
    </testcase>
    <testcase classname=" add 1 + 1 to equal 2" name=" add 1 + 1 to equal 2" time="0">
    </testcase>
    <testcase classname=" add 1 + 1 to equal 2" name=" add 1 + 1 to equal 2" time="0">
    </testcase>
    <testcase classname=" add 1 + 1 to equal 2" name=" add 1 + 1 to equal 2" time="0.001">
    </testcase>
    <testcase classname=" add 1 + 1 to equal 2" name=" add 1 + 1 to equal 2" time="0">
    </testcase>
    <testcase classname=" add 1 + 1 to equal 2" name=" add 1 + 1 to equal 2" time="0">
    </testcase>
    <testcase classname=" add 1 + 1 to equal 2" name=" add 1 + 1 to equal 2" time="0">
    </testcase>
    <testcase classname=" add 1 + 1 to equal 2" name=" add 1 + 1 to equal 2" time="0">
    </testcase>
    <testcase classname=" add 1 + 1 to equal 2" name=" add 1 + 1 to equal 2" time="0.001">
    </testcase>
    <testcase classname=" add 1 + 1 to equal 2" name=" add 1 + 1 to equal 2" time="0">
    </testcase>
    <testcase classname=" add 1 + 1 to equal 2" name=" add 1 + 1 to equal 2" time="0">
    </testcase>
    <testcase classname=" add 1 + 1 to equal 2" name=" add 1 + 1 to equal 2" time="0">
    </testcase>
    <testcase classname=" add 1 + 1 to equal 2" name=" add 1 + 1 to equal 2" time="0.001">
    </testcase>
    <testcase classname=" add 1 + 1 to equal 2" name=" add 1 + 1 to equal 2" time="0">
    </testcase>
    <testcase classname=" add 1 + 1 to equal 2" name=" add 1 + 1 to equal 2" time="0">
    </testcase>
    <testcase classname=" add 1 + 1 to equal 2" name=" add 1 + 1 to equal 2" time="0">
    </testcase>
    <testcase classname=" add 1 + 1 to equal 2" name=" add 1 + 1 to equal 2" time="0.001">
    </testcase>
    <testcase classname=" add 1 + 1 to equal 2" name=" add 1 + 1 to equal 2" time="0">
    </testcase>
    <testcase classname=" add 1 + 1 to equal 2" name=" add 1 + 1 to equal 2" time="0">
    </testcase>
    <testcase classname=" add 1 + 1 to equal 2" name=" add 1 + 1 to equal 2" time="0">
    </testcase>
    <testcase classname=" add 1 + 1 to equal 2" name=" add 1 + 1 to equal 2" time="0">
    </testcase>
    <testcase classname=" add 1 + 1 to equal 2" name=" add 1 + 1 to equal 2" time="0.001">
    </testcase>
    <testcase classname=" add 1 + 1 to equal 2" name=" add 1 + 1 to equal 2" time="0">
    </testcase>
    <testcase classname=" add 1 + 1 to equal 2" name=" add 1 + 1 to equal 2" time="0">
    </testcase>
    <testcase classname=" add 1 + 1 to equal 2" name=" add 1 + 1 to equal 2" time="0">
    </testcase>
    <testcase classname=" add 1 + 1 to equal 2" name=" add 1 + 1 to equal 2" time="0.001">
    </testcase>
    <testcase classname=" add 1 + 1 to equal 2" name=" add 1 + 1 to equal 2" time="0">
    </testcase>
    <testcase classname=" add 1 + 1 to equal 2" name=" add 1 + 1 to equal 2" time="0">
    </testcase>
    <testcase classname=" add 1 + 1 to equal 2" name=" add 1 + 1 to equal 2" time="0">
    </testcase>
    <testcase classname=" add 1 + 1 to equal 2" name=" add 1 + 1 to equal 2" time="0">
    </testcase>
    <testcase classname=" add 1 + 1 to equal 2" name=" add 1 + 1 to equal 2" time="0">
    </testcase>
    <testcase classname=" add 1 + 1 to equal 2" name=" add 1 + 1 to equal 2" time="0">
    </testcase>
    <testcase classname=" add 1 + 1 to equal 2" name=" add 1 + 1 to equal 2" time="0">
    </testcase>
    <testcase classname=" add 1 + 1 to equal 2" name=" add 1 + 1 to equal 2" time="0">
    </testcase>
    <testcase classname=" add 1 + 1 to equal 2" name=" add 1 + 1 to equal 2" time="0.001">
    </testcase>
    <testcase classname=" add 1 + 1 to equal 2" name=" add 1 + 1 to equal 2" time="0">
    </testcase>
    <testcase classname=" add 1 + 1 to equal 2" name=" add 1 + 1 to equal 2" time="0">
    </testcase>
    <testcase classname=" add 1 + 1 to equal 2" name=" add 1 + 1 to equal 2" time="0">
    </testcase>
    <testcase classname=" add 1 + 1 to equal 2" name=" add 1 + 1 to equal 2" time="0.001">
    </testcase>
    <testcase classname=" add 1 + 1 to equal 2" name=" add 1 + 1 to equal 2" time="0">
    </testcase>
    <testcase classname=" add 1 + 1 to equal 2" name=" add 1 + 1 to equal 2" time="0">
    </testcase>
    <testcase classname=" add 1 + 1 to equal 2" name=" add 1 + 1 to equal 2" time="0">
    </testcase>
    <testcase classname=" add 1 + 1 to equal 2" name=" add 1 + 1 to equal 2" time="0">
    </testcase>
    <testcase classname=" add 1 + 1 to equal 2" name=" add 1 + 1 to equal 2" time="0.001">
    </testcase>
    <testcase classname=" add 1 + 1 to equal 2" name=" add 1 + 1 to equal 2" time="0">
    </testcase>
    <testcase classname=" add 1 + 1 to equal 2" name=" add 1 + 1 to equal 2" time="0">
    </testcase>
    <testcase classname=" add 1 + 1 to equal 2" name=" add 1 + 1 to equal 2" time="0">
    </testcase>
    <testcase classname=" add 1 + 1 to equal 2" name=" add 1 + 1 to equal 2" time="0.001">
    </testcase>
    <testcase classname=" add 1 + 1 to equal 2" name=" add 1 + 1 to equal 2" time="0">
    </testcase>
    <testcase classname=" add 1 + 1 to equal 2" name=" add 1 + 1 to equal 2" time="0">
    </testcase>
    <testcase classname=" add 1 + 1 to equal 2" name=" add 1 + 1 to equal 2" time="0">
    </testcase>
    <testcase classname=" add 1 + 1 to equal 2" name=" add 1 + 1 to equal 2" time="0">
    </testcase>
    <testcase classname=" add 1 + 1 to equal 2" name=" add 1 + 1 to equal 2" time="0.001">
    </testcase>
    <testcase classname=" add 1 + 1 to equal 2" name=" add 1 + 1 to equal 2" time="0">
    </testcase>
    <testcase classname=" add 1 + 1 to equal 2" name=" add 1 + 1 to equal 2" time="0">
    </testcase>
    <testcase classname=" add 1 + 1 to equal 2" name=" add 1 + 1 to equal 2" time="0">
    </testcase>
    <testcase classname=" add 1 + 1 to equal 2" name=" add 1 + 1 to equal 2" time="0.001">
    </testcase>
    <testcase classname=" add 1 + 1 to equal 2" name=" add 1 + 1 to equal 2" time="0">
    </testcase>
    <testcase classname=" add 1 + 1 to equal 2" name=" add 1 + 1 to equal 2" time="0">
    </testcase>
    <testcase classname=" add 1 + 1 to equal 2" name=" add 1 + 1 to equal 2" time="0">
    </testcase>
    <testcase classname=" add 1 + 1 to equal 2" name=" add 1 + 1 to equal 2" time="0">
    </testcase>
    <testcase classname=" add 1 + 1 to equal 2" name=" add 1 + 1 to equal 2" time="0.001">
    </testcase>
    <testcase classname=" add 1 + 1 to equal 2" name=" add 1 + 1 to equal 2" time="0">
    </testcase>
    <testcase classname=" add 1 + 1 to equal 2" name=" add 1 + 1 to equal 2" time="0">
    </testcase>
    <testcase classname=" add 1 + 1 to equal 2" name=" add 1 + 1 to equal 2" time="0">
    </testcase>
    <testcase classname=" add 1 + 1 to equal 2" name=" add 1 + 1 to equal 2" time="0.001">
    </testcase>
    <testcase classname=" add 1 + 1 to equal 2" name=" add 1 + 1 to equal 2" time="0">
    </testcase>
    <testcase classname=" add 1 + 1 to equal 2" name=" add 1 + 1 to equal 2" time="0">
    </testcase>
    <testcase classname=" add 1 + 1 to equal 2" name=" add 1 + 1 to equal 2" time="0">
    </testcase>
    <testcase classname=" add 1 + 1 to equal 2" name=" add 1 + 1 to equal 2" time="0">
    </testcase>
    <testcase classname=" add 1 + 1 to equal 2" name=" add 1 + 1 to equal 2" time="0">
    </testcase>
    <testcase classname=" add 1 + 1 to equal 2" name=" add 1 + 1 to equal 2" time="0">
    </testcase>
    <testcase classname=" add 1 + 1 to equal 2" name=" add 1 + 1 to equal 2" time="0">
    </testcase>
    <testcase classname=" add 1 + 1 to equal 2" name=" add 1 + 1 to equal 2" time="0">
    </testcase>
    <testcase classname=" add 1 + 1 to equal 2" name=" add 1 + 1 to equal 2" time="0.001">
    </testcase>
    <testcase classname=" add 1 + 1 to equal 2" name=" add 1 + 1 to equal 2" time="0">
    </testcase>
    <testcase classname=" add 1 + 1 to equal 2" name=" add 1 + 1 to equal 2" time="0">
    </testcase>
    <testcase classname=" add 1 + 1 to equal 2" name=" add 1 + 1 to equal 2" time="0">
    </testcase>
    <testcase classname=" add 1 + 1 to equal 2" name=" add 1 + 1 to equal 2" time="0.001">
    </testcase>
    <testcase classname=" add 1 + 1 to equal 2" name=" add 1 + 1 to equal 2" time="0">
    </testcase>
    <testcase classname=" add 1 + 1 to equal 2" name=" add 1 + 1 to equal 2" time="0">
    </testcase>
    <testcase classname=" add 1 + 1 to equal 2" name=" add 1 + 1 to equal 2" time="0">
    </testcase>
    <testcase classname=" add 1 + 1 to equal 2" name=" add 1 + 1 to equal 2" time="0">
    </testcase>
    <testcase classname=" add 1 + 1 to equal 2" name=" add 1 + 1 to equal 2" time="0.001">
    </testcase>
    <testcase classname=" add 1 + 1 to equal 2" name=" add 1 + 1 to equal 2" time="0">
    </testcase>
    <testcase classname=" add 1 + 1 to equal 2" name=" add 1 + 1 to equal 2" time="0.002">
    </testcase>
    <testcase classname=" add 1 + 1 to equal 2" name=" add 1 + 1 to equal 2" time="0">
    </testcase>
    <testcase classname=" add 1 + 1 to equal 2" name=" add 1 + 1 to equal 2" time="0.001">
    </testcase>
    <testcase classname=" add 1 + 1 to equal 2" name=" add 1 + 1 to equal 2" time="0">
    </testcase>
    <testcase classname=" add 1 + 1 to equal 2" name=" add 1 + 1 to equal 2" time="0">
    </testcase>
    <testcase classname=" add 1 + 1 to equal 2" name=" add 1 + 1 to equal 2" time="0">
    </testcase>
    <testcase classname=" add 1 + 1 to equal 2" name=" add 1 + 1 to equal 2" time="0.001">
    </testcase>
    <testcase classname=" add 1 + 1 to equal 2" name=" add 1 + 1 to equal 2" time="0">
    </testcase>
    <testcase classname=" add 1 + 1 to equal 2" name=" add 1 + 1 to equal 2" time="0">
    </testcase>
    <testcase classname=" add 1 + 1 to equal 2" name=" add 1 + 1 to equal 2" time="0">
    </testcase>
    <testcase classname=" add 1 + 1 to equal 2" name=" add 1 + 1 to equal 2" time="0.001">
    </testcase>
    <testcase classname=" add 1 + 1 to equal 2" name=" add 1 + 1 to equal 2" time="0">
    </testcase>
    <testcase classname=" add 1 + 1 to equal 2" name=" add 1 + 1 to equal 2" time="0">
    </testcase>
    <testcase classname=" add 1 + 1 to equal 2" name=" add 1 + 1 to equal 2" time="0">
    </testcase>
    <testcase classname=" add 1 + 1 to equal 2" name=" add 1 + 1 to equal 2" time="0.001">
    </testcase>
    <testcase classname=" add 1 + 1 to equal 2" name=" add 1 + 1 to equal 2" time="0">
    </testcase>
    <testcase classname=" add 1 + 1 to equal 2" name=" add 1 + 1 to equal 2" time="0">
    </testcase>
    <testcase classname=" add 1 + 1 to equal 2" name=" add 1 + 1 to equal 2" time="0">
    </testcase>
    <testcase classname=" add 1 + 1 to equal 2" name=" add 1 + 1 to equal 2" time="0.001">
    </testcase>
    <testcase classname=" add 1 + 1 to equal 2" name=" add 1 + 1 to equal 2" time="0">
    </testcase>
    <testcase classname=" add 1 + 1 to equal 2" name=" add 1 + 1 to equal 2" time="0">
    </testcase>
    <testcase classname=" add 1 + 1 to equal 2" name=" add 1 + 1 to equal 2" time="0">
    </testcase>
    <testcase classname=" add 1 + 1 to equal 2" name=" add 1 + 1 to equal 2" time="0">
    </testcase>
    <testcase classname=" add 1 + 1 to equal 2" name=" add 1 + 1 to equal 2" time="0.001">
    </testcase>
    <testcase classname=" add 1 + 1 to equal 2" name=" add 1 + 1 to equal 2" time="0">
    </testcase>
    <testcase classname=" add 1 + 1 to equal 2" name=" add 1 + 1 to equal 2" time="0">
    </testcase>
    <testcase classname=" add 1 + 1 to equal 2" name=" add 1 + 1 to equal 2" time="0">
    </testcase>
    <testcase classname=" add 1 + 1 to equal 2" name=" add 1 + 1 to equal 2" time="0.001">
    </testcase>
    <testcase classname=" add 1 + 1 to equal 2" name=" add 1 + 1 to equal 2" time="0.001">
    </testcase>
    <testcase classname=" add 1 + 1 to equal 2" name=" add 1 + 1 to equal 2" time="0">
    </testcase>
    <testcase classname=" add 1 + 1 to equal 2" name=" add 1 + 1 to equal 2" time="0">
    </testcase>
    <testcase classname=" add 1 + 1 to equal 2" name=" add 1 + 1 to equal 2" time="0.001">
    </testcase>
    <testcase classname=" add 1 + 1 to equal 2" name=" add 1 + 1 to equal 2" time="0">
    </testcase>
    <testcase classname=" add 1 + 1 to equal 2" name=" add 1 + 1 to equal 2" time="0">
    </testcase>
    <testcase classname=" add 1 + 1 to equal 2" name=" add 1 + 1 to equal 2" time="0">
    </testcase>
    <testcase classname=" add 1 + 1 to equal 2" name=" add 1 + 1 to equal 2" time="0.001">
    </testcase>
    <testcase classname=" add 1 + 1 to equal 2" name=" add 1 + 1 to equal 2" time="0">
    </testcase>
    <testcase classname=" add 1 + 1 to equal 2" name=" add 1 + 1 to equal 2" time="0">
    </testcase>
    <testcase classname=" add 1 + 1 to equal 2" name=" add 1 + 1 to equal 2" time="0">
    </testcase>
    <testcase classname=" add 1 + 1 to equal 2" name=" add 1 + 1 to equal 2" time="0.001">
    </testcase>
  </testsuite>
</testsuites>